Archive member included to satisfy reference by file (symbol)

c:/st/stm32cubeide_1.10.1/stm32cubeide/plugins/com.st.stm32cube.ide.mcu.externaltools.gnu-tools-for-stm32.10.3-2021.10.win32_1.0.0.202111181127/tools/bin/../lib/gcc/arm-none-eabi/10.3.1/../../../../arm-none-eabi/lib/thumb/v7e-m+fp/hard\libc_nano.a(lib_a-ctype_.o)
                              ./Core/Src/UI.o (_ctype_)
c:/st/stm32cubeide_1.10.1/stm32cubeide/plugins/com.st.stm32cube.ide.mcu.externaltools.gnu-tools-for-stm32.10.3-2021.10.win32_1.0.0.202111181127/tools/bin/../lib/gcc/arm-none-eabi/10.3.1/../../../../arm-none-eabi/lib/thumb/v7e-m+fp/hard\libc_nano.a(lib_a-errno.o)
                              ./Core/Src/syscalls.o (__errno)
c:/st/stm32cubeide_1.10.1/stm32cubeide/plugins/com.st.stm32cube.ide.mcu.externaltools.gnu-tools-for-stm32.10.3-2021.10.win32_1.0.0.202111181127/tools/bin/../lib/gcc/arm-none-eabi/10.3.1/../../../../arm-none-eabi/lib/thumb/v7e-m+fp/hard\libc_nano.a(lib_a-exit.o)
                              c:/st/stm32cubeide_1.10.1/stm32cubeide/plugins/com.st.stm32cube.ide.mcu.externaltools.gnu-tools-for-stm32.10.3-2021.10.win32_1.0.0.202111181127/tools/bin/../lib/gcc/arm-none-eabi/10.3.1/../../../../arm-none-eabi/lib/thumb/v7e-m+fp/hard/crt0.o (exit)
c:/st/stm32cubeide_1.10.1/stm32cubeide/plugins/com.st.stm32cube.ide.mcu.externaltools.gnu-tools-for-stm32.10.3-2021.10.win32_1.0.0.202111181127/tools/bin/../lib/gcc/arm-none-eabi/10.3.1/../../../../arm-none-eabi/lib/thumb/v7e-m+fp/hard\libc_nano.a(lib_a-impure.o)
                              c:/st/stm32cubeide_1.10.1/stm32cubeide/plugins/com.st.stm32cube.ide.mcu.externaltools.gnu-tools-for-stm32.10.3-2021.10.win32_1.0.0.202111181127/tools/bin/../lib/gcc/arm-none-eabi/10.3.1/../../../../arm-none-eabi/lib/thumb/v7e-m+fp/hard\libc_nano.a(lib_a-exit.o) (_global_impure_ptr)
c:/st/stm32cubeide_1.10.1/stm32cubeide/plugins/com.st.stm32cube.ide.mcu.externaltools.gnu-tools-for-stm32.10.3-2021.10.win32_1.0.0.202111181127/tools/bin/../lib/gcc/arm-none-eabi/10.3.1/../../../../arm-none-eabi/lib/thumb/v7e-m+fp/hard\libc_nano.a(lib_a-init.o)
                              c:/st/stm32cubeide_1.10.1/stm32cubeide/plugins/com.st.stm32cube.ide.mcu.externaltools.gnu-tools-for-stm32.10.3-2021.10.win32_1.0.0.202111181127/tools/bin/../lib/gcc/arm-none-eabi/10.3.1/../../../../arm-none-eabi/lib/thumb/v7e-m+fp/hard/crt0.o (__libc_init_array)
c:/st/stm32cubeide_1.10.1/stm32cubeide/plugins/com.st.stm32cube.ide.mcu.externaltools.gnu-tools-for-stm32.10.3-2021.10.win32_1.0.0.202111181127/tools/bin/../lib/gcc/arm-none-eabi/10.3.1/../../../../arm-none-eabi/lib/thumb/v7e-m+fp/hard\libc_nano.a(lib_a-memcpy-stub.o)
                              ./Core/Src/Compensator.o (memcpy)
c:/st/stm32cubeide_1.10.1/stm32cubeide/plugins/com.st.stm32cube.ide.mcu.externaltools.gnu-tools-for-stm32.10.3-2021.10.win32_1.0.0.202111181127/tools/bin/../lib/gcc/arm-none-eabi/10.3.1/../../../../arm-none-eabi/lib/thumb/v7e-m+fp/hard\libc_nano.a(lib_a-memmove.o)
                              ./Core/Src/funcs.o (memmove)
c:/st/stm32cubeide_1.10.1/stm32cubeide/plugins/com.st.stm32cube.ide.mcu.externaltools.gnu-tools-for-stm32.10.3-2021.10.win32_1.0.0.202111181127/tools/bin/../lib/gcc/arm-none-eabi/10.3.1/../../../../arm-none-eabi/lib/thumb/v7e-m+fp/hard\libc_nano.a(lib_a-memset.o)
                              c:/st/stm32cubeide_1.10.1/stm32cubeide/plugins/com.st.stm32cube.ide.mcu.externaltools.gnu-tools-for-stm32.10.3-2021.10.win32_1.0.0.202111181127/tools/bin/../lib/gcc/arm-none-eabi/10.3.1/../../../../arm-none-eabi/lib/thumb/v7e-m+fp/hard/crt0.o (memset)
c:/st/stm32cubeide_1.10.1/stm32cubeide/plugins/com.st.stm32cube.ide.mcu.externaltools.gnu-tools-for-stm32.10.3-2021.10.win32_1.0.0.202111181127/tools/bin/../lib/gcc/arm-none-eabi/10.3.1/../../../../arm-none-eabi/lib/thumb/v7e-m+fp/hard\libc_nano.a(lib_a-nano-vfprintf_float.o)
                              (_printf_float)
c:/st/stm32cubeide_1.10.1/stm32cubeide/plugins/com.st.stm32cube.ide.mcu.externaltools.gnu-tools-for-stm32.10.3-2021.10.win32_1.0.0.202111181127/tools/bin/../lib/gcc/arm-none-eabi/10.3.1/../../../../arm-none-eabi/lib/thumb/v7e-m+fp/hard\libc_nano.a(lib_a-nano-vfprintf_i.o)
                              c:/st/stm32cubeide_1.10.1/stm32cubeide/plugins/com.st.stm32cube.ide.mcu.externaltools.gnu-tools-for-stm32.10.3-2021.10.win32_1.0.0.202111181127/tools/bin/../lib/gcc/arm-none-eabi/10.3.1/../../../../arm-none-eabi/lib/thumb/v7e-m+fp/hard\libc_nano.a(lib_a-nano-vfprintf_float.o) (_printf_common)
c:/st/stm32cubeide_1.10.1/stm32cubeide/plugins/com.st.stm32cube.ide.mcu.externaltools.gnu-tools-for-stm32.10.3-2021.10.win32_1.0.0.202111181127/tools/bin/../lib/gcc/arm-none-eabi/10.3.1/../../../../arm-none-eabi/lib/thumb/v7e-m+fp/hard\libc_nano.a(lib_a-nano-vfscanf_float.o)
                              (_scanf_float)
[...]
Memory Configuration

Name             Origin             Length             Attributes
CCMRAM           0x0000000010000000 0x0000000000010000 xrw
RAM              0x0000000020000000 0x0000000000030000 xrw
FLASH            0x0000000008000000 0x0000000000200000 xr
*default*        0x0000000000000000 0xffffffffffffffff

Linker script and memory map

LOAD c:/st/stm32cubeide_1.10.1/stm32cubeide/plugins/com.st.stm32cube.ide.mcu.externaltools.gnu-tools-for-stm32.10.3-2021.10.win32_1.0.0.202111181127/tools/bin/../lib/gcc/arm-none-eabi/10.3.1/thumb/v7e-m+fp/hard/crti.o
LOAD c:/st/stm32cubeide_1.10.1/stm32cubeide/plugins/com.st.stm32cube.ide.mcu.externaltools.gnu-tools-for-stm32.10.3-2021.10.win32_1.0.0.202111181127/tools/bin/../lib/gcc/arm-none-eabi/10.3.1/thumb/v7e-m+fp/hard/crtbegin.o
LOAD c:/st/stm32cubeide_1.10.1/stm32cubeide/plugins/com.st.stm32cube.ide.mcu.externaltools.gnu-tools-for-stm32.10.3-2021.10.win32_1.0.0.202111181127/tools/bin/../lib/gcc/arm-none-eabi/10.3.1/../../../../arm-none-eabi/lib/thumb/v7e-m+fp/hard/crt0.o
LOAD ./Core/Src/CameraController.o
LOAD ./Core/Src/Compensator.o
LOAD ./Core/Src/DAC.o
LOAD ./Core/Src/DAC_Unit_Test.o
LOAD ./Core/Src/Heater_Controller.o
LOAD ./Core/Src/PID.o
LOAD ./Core/Src/TMP117.o
LOAD ./Core/Src/TemperatureCorrectionTable.o
LOAD ./Core/Src/TuningControlBoard.o
LOAD ./Core/Src/UI.o
LOAD ./Core/Src/controller.o
LOAD ./Core/Src/funcs.o
LOAD ./Core/Src/main.o
LOAD ./Core/Src/stm32f4xx_hal_msp.o
LOAD ./Core/Src/stm32f4xx_it.o
LOAD ./Core/Src/stringfifo.o
LOAD ./Core/Src/syscalls.o
LOAD ./Core/Src/sysmem.o
LOAD ./Core/Src/system_stm32f4xx.o
LOAD ./Core/Startup/startup_stm32f427vitx.o
LOAD ./Drivers/STM32F4xx_HAL_Driver/Src/stm32f4xx_hal.o
LOAD ./Drivers/STM32F4xx_HAL_Driver/Src/stm32f4xx_hal_cortex.o
LOAD ./Drivers/STM32F4xx_HAL_Driver/Src/stm32f4xx_hal_dma.o
LOAD ./Drivers/STM32F4xx_HAL_Driver/Src/stm32f4xx_hal_dma_ex.o
LOAD ./Drivers/STM32F4xx_HAL_Driver/Src/stm32f4xx_hal_exti.o
LOAD ./Drivers/STM32F4xx_HAL_Driver/Src/stm32f4xx_hal_flash.o
LOAD ./Drivers/STM32F4xx_HAL_Driver/Src/stm32f4xx_hal_flash_ex.o
LOAD ./Drivers/STM32F4xx_HAL_Driver/Src/stm32f4xx_hal_flash_ramfunc.o
LOAD ./Drivers/STM32F4xx_HAL_Driver/Src/stm32f4xx_hal_gpio.o
LOAD ./Drivers/STM32F4xx_HAL_Driver/Src/stm32f4xx_hal_i2c.o
LOAD ./Drivers/STM32F4xx_HAL_Driver/Src/stm32f4xx_hal_i2c_ex.o
LOAD ./Drivers/STM32F4xx_HAL_Driver/Src/stm32f4xx_hal_pcd.o
LOAD ./Drivers/STM32F4xx_HAL_Driver/Src/stm32f4xx_hal_pcd_ex.o
LOAD ./Drivers/STM32F4xx_HAL_Driver/Src/stm32f4xx_hal_pwr.o
LOAD ./Drivers/STM32F4xx_HAL_Driver/Src/stm32f4xx_hal_pwr_ex.o
LOAD ./Drivers/STM32F4xx_HAL_Driver/Src/stm32f4xx_hal_rcc.o
LOAD ./Drivers/STM32F4xx_HAL_Driver/Src/stm32f4xx_hal_rcc_ex.o
LOAD ./Drivers/STM32F4xx_HAL_Driver/Src/stm32f4xx_hal_spi.o
LOAD ./Drivers/STM32F4xx_HAL_Driver/Src/stm32f4xx_hal_tim.o
LOAD ./Drivers/STM32F4xx_HAL_Driver/Src/stm32f4xx_hal_tim_ex.o
LOAD ./Drivers/STM32F4xx_HAL_Driver/Src/stm32f4xx_ll_usb.o
LOAD ./Middlewares/ST/STM32_USB_Device_Library/Class/CDC/Src/usbd_cdc.o
LOAD ./Middlewares/ST/STM32_USB_Device_Library/Core/Src/usbd_core.o
LOAD ./Middlewares/ST/STM32_USB_Device_Library/Core/Src/usbd_ctlreq.o
LOAD ./Middlewares/ST/STM32_USB_Device_Library/Core/Src/usbd_ioreq.o
LOAD ./USB_DEVICE/App/usb_device.o
LOAD ./USB_DEVICE/App/usbd_cdc_if.o
LOAD ./USB_DEVICE/App/usbd_desc.o
LOAD ./USB_DEVICE/Target/usbd_conf.o
START GROUP
LOAD c:/st/stm32cubeide_1.10.1/stm32cubeide/plugins/com.st.stm32cube.ide.mcu.externaltools.gnu-tools-for-stm32.10.3-2021.10.win32_1.0.0.202111181127/tools/bin/../lib/gcc/arm-none-eabi/10.3.1/../../../../arm-none-eabi/lib/thumb/v7e-m+fp/hard\libstdc++_nano.a
LOAD c:/st/stm32cubeide_1.10.1/stm32cubeide/plugins/com.st.stm32cube.ide.mcu.externaltools.gnu-tools-for-stm32.10.3-2021.10.win32_1.0.0.202111181127/tools/bin/../lib/gcc/arm-none-eabi/10.3.1/../../../../arm-none-eabi/lib/thumb/v7e-m+fp/hard\libsupc++_nano.a
END GROUP
LOAD c:/st/stm32cubeide_1.10.1/stm32cubeide/plugins/com.st.stm32cube.ide.mcu.externaltools.gnu-tools-for-stm32.10.3-2021.10.win32_1.0.0.202111181127/tools/bin/../lib/gcc/arm-none-eabi/10.3.1/../../../../arm-none-eabi/lib/thumb/v7e-m+fp/hard\libstdc++_nano.a
LOAD c:/st/stm32cubeide_1.10.1/stm32cubeide/plugins/com.st.stm32cube.ide.mcu.externaltools.gnu-tools-for-stm32.10.3-2021.10.win32_1.0.0.202111181127/tools/bin/../lib/gcc/arm-none-eabi/10.3.1/../../../../arm-none-eabi/lib/thumb/v7e-m+fp/hard\libm.a
LOAD c:/st/stm32cubeide_1.10.1/stm32cubeide/plugins/com.st.stm32cube.ide.mcu.externaltools.gnu-tools-for-stm32.10.3-2021.10.win32_1.0.0.202111181127/tools/bin/../lib/gcc/arm-none-eabi/10.3.1/../../../../arm-none-eabi/lib/thumb/v7e-m+fp/hard\libc_nano.a
START GROUP
LOAD c:/st/stm32cubeide_1.10.1/stm32cubeide/plugins/com.st.stm32cube.ide.mcu.externaltools.gnu-tools-for-stm32.10.3-2021.10.win32_1.0.0.202111181127/tools/bin/../lib/gcc/arm-none-eabi/10.3.1/thumb/v7e-m+fp/hard\libgcc.a
LOAD c:/st/stm32cubeide_1.10.1/stm32cubeide/plugins/com.st.stm32cube.ide.mcu.externaltools.gnu-tools-for-stm32.10.3-2021.10.win32_1.0.0.202111181127/tools/bin/../lib/gcc/arm-none-eabi/10.3.1/../../../../arm-none-eabi/lib/thumb/v7e-m+fp/hard\libc_nano.a
END GROUP
START GROUP
LOAD c:/st/stm32cubeide_1.10.1/stm32cubeide/plugins/com.st.stm32cube.ide.mcu.externaltools.gnu-tools-for-stm32.10.3-2021.10.win32_1.0.0.202111181127/tools/bin/../lib/gcc/arm-none-eabi/10.3.1/thumb/v7e-m+fp/hard\libgcc.a
LOAD c:/st/stm32cubeide_1.10.1/stm32cubeide/plugins/com.st.stm32cube.ide.mcu.externaltools.gnu-tools-for-stm32.10.3-2021.10.win32_1.0.0.202111181127/tools/bin/../lib/gcc/arm-none-eabi/10.3.1/../../../../arm-none-eabi/lib/thumb/v7e-m+fp/hard\libc_nano.a
LOAD c:/st/stm32cubeide_1.10.1/stm32cubeide/plugins/com.st.stm32cube.ide.mcu.externaltools.gnu-tools-for-stm32.10.3-2021.10.win32_1.0.0.202111181127/tools/bin/../lib/gcc/arm-none-eabi/10.3.1/../../../../arm-none-eabi/lib/thumb/v7e-m+fp/hard\libnosys.a
END GROUP
START GROUP
LOAD c:/st/stm32cubeide_1.10.1/stm32cubeide/plugins/com.st.stm32cube.ide.mcu.externaltools.gnu-tools-for-stm32.10.3-2021.10.win32_1.0.0.202111181127/tools/bin/../lib/gcc/arm-none-eabi/10.3.1/thumb/v7e-m+fp/hard\libgcc.a
LOAD c:/st/stm32cubeide_1.10.1/stm32cubeide/plugins/com.st.stm32cube.ide.mcu.externaltools.gnu-tools-for-stm32.10.3-2021.10.win32_1.0.0.202111181127/tools/bin/../lib/gcc/arm-none-eabi/10.3.1/../../../../arm-none-eabi/lib/thumb/v7e-m+fp/hard\libc_nano.a
LOAD c:/st/stm32cubeide_1.10.1/stm32cubeide/plugins/com.st.stm32cube.ide.mcu.externaltools.gnu-tools-for-stm32.10.3-2021.10.win32_1.0.0.202111181127/tools/bin/../lib/gcc/arm-none-eabi/10.3.1/../../../../arm-none-eabi/lib/thumb/v7e-m+fp/hard\libnosys.a
END GROUP
LOAD c:/st/stm32cubeide_1.10.1/stm32cubeide/plugins/com.st.stm32cube.ide.mcu.externaltools.gnu-tools-for-stm32.10.3-2021.10.win32_1.0.0.202111181127/tools/bin/../lib/gcc/arm-none-eabi/10.3.1/thumb/v7e-m+fp/hard/crtend.o
LOAD c:/st/stm32cubeide_1.10.1/stm32cubeide/plugins/com.st.stm32cube.ide.mcu.externaltools.gnu-tools-for-stm32.10.3-2021.10.win32_1.0.0.202111181127/tools/bin/../lib/gcc/arm-none-eabi/10.3.1/thumb/v7e-m+fp/hard/crtn.o
                0x0000000020030000                _estack = (ORIGIN (RAM) + LENGTH (RAM))
                0x0000000000000200                _Min_Heap_Size = 0x200
                0x0000000000000400                _Min_Stack_Size = 0x400

.isr_vector     0x0000000008000000      0x1ac
                0x0000000008000000                . = ALIGN (0x4)
 *(.isr_vector)
 .isr_vector    0x0000000008000000      0x1ac ./Core/Startup/startup_stm32f427vitx.o
                0x0000000008000000                g_pfnVectors
                0x00000000080001ac                . = ALIGN (0x4)

.text           0x00000000080001b0    0x13db8
                0x00000000080001b0                . = ALIGN (0x4)
 *(.text)
 .text          0x00000000080001b0       0x40 c:/st/stm32cubeide_1.10.1/stm32cubeide/plugins/com.st.stm32cube.ide.mcu.externaltools.gnu-tools-for-stm32.10.3-2021.10.win32_1.0.0.202111181127/tools/bin/../lib/gcc/arm-none-eabi/10.3.1/thumb/v7e-m+fp/hard/crtbegin.o
 .text          0x00000000080001f0       0x14 c:/st/stm32cubeide_1.10.1/stm32cubeide/plugins/com.st.stm32cube.ide.mcu.externaltools.gnu-tools-for-stm32.10.3-2021.10.win32_1.0.0.202111181127/tools/bin/../lib/gcc/arm-none-eabi/10.3.1/../../../../arm-none-eabi/lib/thumb/v7e-m+fp/hard\libc_nano.a(lib_a-strcmp.o)
                0x00000000080001f0                strcmp
 .text          0x0000000008000204       0x10 c:/st/stm32cubeide_1.10.1/stm32cubeide/plugins/com.st.stm32cube.ide.mcu.externaltools.gnu-tools-for-stm32.10.3-2021.10.win32_1.0.0.202111181127/tools/bin/../lib/gcc/arm-none-eabi/10.3.1/../../../../arm-none-eabi/lib/thumb/v7e-m+fp/hard\libc_nano.a(lib_a-strlen.o)
                0x0000000008000204                strlen
 *fill*         0x0000000008000214        0xc 
 .text          0x0000000008000220       0xa0 c:/st/stm32cubeide_1.10.1/stm32cubeide/plugins/com.st.stm32cube.ide.mcu.externaltools.gnu-tools-for-stm32.10.3-2021.10.win32_1.0.0.202111181127/tools/bin/../lib/gcc/arm-none-eabi/10.3.1/../../../../arm-none-eabi/lib/thumb/v7e-m+fp/hard\libc_nano.a(lib_a-memchr.o)
                0x0000000008000220                memchr
 .text          0x00000000080002c0      0x378 c:/st/stm32cubeide_1.10.1/stm32cubeide/plugins/com.st.stm32cube.ide.mcu.externaltools.gnu-tools-for-stm32.10.3-2021.10.win32_1.0.0.202111181127/tools/bin/../lib/gcc/arm-none-eabi/10.3.1/thumb/v7e-m+fp/hard\libgcc.a(_arm_addsubdf3.o)
                0x00000000080002c0                __aeabi_drsub
                0x00000000080002c8                __aeabi_dsub
                0x00000000080002c8                __subdf3
                0x00000000080002cc                __aeabi_dadd
                0x00000000080002cc                __adddf3
                0x0000000008000544                __floatunsidf
                0x0000000008000544                __aeabi_ui2d
                0x0000000008000564                __floatsidf
                0x0000000008000564                __aeabi_i2d
                0x0000000008000588                __aeabi_f2d
                0x0000000008000588                __extendsfdf2
                0x00000000080005cc                __floatundidf
                0x00000000080005cc                __aeabi_ul2d
                0x00000000080005dc                __floatdidf
                0x00000000080005dc                __aeabi_l2d
 .text          0x0000000008000638      0x424 c:/st/stm32cubeide_1.10.1/stm32cubeide/plugins/com.st.stm32cube.ide.mcu.externaltools.gnu-tools-for-stm32.10.3-2021.10.win32_1.0.0.202111181127/tools/bin/../lib/gcc/arm-none-eabi/10.3.1/thumb/v7e-m+fp/hard\libgcc.a(_arm_muldivdf3.o)
                0x0000000008000638                __aeabi_dmul
                0x0000000008000638                __muldf3
                0x000000000800088c                __divdf3
                0x000000000800088c                __aeabi_ddiv
 .text          0x0000000008000a5c      0x110 c:/st/stm32cubeide_1.10.1/stm32cubeide/plugins/com.st.stm32cube.ide.mcu.externaltools.gnu-tools-for-stm32.10.3-2021.10.win32_1.0.0.202111181127/tools/bin/../lib/gcc/arm-none-eabi/10.3.1/thumb/v7e-m+fp/hard\libgcc.a(_arm_cmpdf2.o)
                0x0000000008000a5c                __gtdf2
                0x0000000008000a5c                __gedf2
                0x0000000008000a64                __ltdf2
                0x0000000008000a64                __ledf2
                0x0000000008000a6c                __nedf2
                0x0000000008000a6c                __eqdf2
                0x0000000008000a6c                __cmpdf2
                0x0000000008000ae8                __aeabi_cdrcmple
                0x0000000008000af8                __aeabi_cdcmpeq
                0x0000000008000af8                __aeabi_cdcmple
                0x0000000008000b08                __aeabi_dcmpeq
                0x0000000008000b1c                __aeabi_dcmplt
                0x0000000008000b30                __aeabi_dcmple
                0x0000000008000b44                __aeabi_dcmpge
                0x0000000008000b58                __aeabi_dcmpgt
 .text          0x0000000008000b6c       0x2c c:/st/stm32cubeide_1.10.1/stm32cubeide/plugins/com.st.stm32cube.ide.mcu.externaltools.gnu-tools-for-stm32.10.3-2021.10.win32_1.0.0.202111181127/tools/bin/../lib/gcc/arm-none-eabi/10.3.1/thumb/v7e-m+fp/hard\libgcc.a(_arm_unorddf2.o)
                0x0000000008000b6c                __unorddf2
                0x0000000008000b6c                __aeabi_dcmpun
 .text          0x0000000008000b98       0x50 c:/st/stm32cubeide_1.10.1/stm32cubeide/plugins/com.st.stm32cube.ide.mcu.externaltools.gnu-tools-for-stm32.10.3-2021.10.win32_1.0.0.202111181127/tools/bin/../lib/gcc/arm-none-eabi/10.3.1/thumb/v7e-m+fp/hard\libgcc.a(_arm_fixdfsi.o)
                0x0000000008000b98                __aeabi_d2iz
                0x0000000008000b98                __fixdfsi
 .text          0x0000000008000be8       0x40 c:/st/stm32cubeide_1.10.1/stm32cubeide/plugins/com.st.stm32cube.ide.mcu.externaltools.gnu-tools-for-stm32.10.3-2021.10.win32_1.0.0.202111181127/tools/bin/../lib/gcc/arm-none-eabi/10.3.1/thumb/v7e-m+fp/hard\libgcc.a(_arm_fixunsdfsi.o)
                0x0000000008000be8                __aeabi_d2uiz
                0x0000000008000be8                __fixunsdfsi
 .text          0x0000000008000c28       0xa0 c:/st/stm32cubeide_1.10.1/stm32cubeide/plugins/com.st.stm32cube.ide.mcu.externaltools.gnu-tools-for-stm32.10.3-2021.10.win32_1.0.0.202111181127/tools/bin/../lib/gcc/arm-none-eabi/10.3.1/thumb/v7e-m+fp/hard\libgcc.a(_arm_truncdfsf2.o)
                0x0000000008000c28                __truncdfsf2
                0x0000000008000c28                __aeabi_d2f
 .text          0x0000000008000cc8       0x30 c:/st/stm32cubeide_1.10.1/stm32cubeide/plugins/com.st.stm32cube.ide.mcu.externaltools.gnu-tools-for-stm32.10.3-2021.10.win32_1.0.0.202111181127/tools/bin/../lib/gcc/arm-none-eabi/10.3.1/thumb/v7e-m+fp/hard\libgcc.a(_aeabi_uldivmod.o)
                0x0000000008000cc8                __aeabi_uldivmod
 .text          0x0000000008000cf8       0x30 c:/st/stm32cubeide_1.10.1/stm32cubeide/plugins/com.st.stm32cube.ide.mcu.externaltools.gnu-tools-for-stm32.10.3-2021.10.win32_1.0.0.202111181127/tools/bin/../lib/gcc/arm-none-eabi/10.3.1/thumb/v7e-m+fp/hard\libgcc.a(_fixdfdi.o)
                0x0000000008000cf8                __fixdfdi
                0x0000000008000cf8                __aeabi_d2lz
 .text          0x0000000008000d28       0x3c c:/st/stm32cubeide_1.10.1/stm32cubeide/plugins/com.st.stm32cube.ide.mcu.externaltools.gnu-tools-for-stm32.10.3-2021.10.win32_1.0.0.202111181127/tools/bin/../lib/gcc/arm-none-eabi/10.3.1/thumb/v7e-m+fp/hard\libgcc.a(_fixunsdfdi.o)
                0x0000000008000d28                __fixunsdfdi
                0x0000000008000d28                __aeabi_d2ulz
 .text          0x0000000008000d64      0x2d0 c:/st/stm32cubeide_1.10.1/stm32cubeide/plugins/com.st.stm32cube.ide.mcu.externaltools.gnu-tools-for-stm32.10.3-2021.10.win32_1.0.0.202111181127/tools/bin/../lib/gcc/arm-none-eabi/10.3.1/thumb/v7e-m+fp/hard\libgcc.a(_udivmoddi4.o)
                0x0000000008000d64                __udivmoddi4
 .text          0x0000000008001034        0x4 c:/st/stm32cubeide_1.10.1/stm32cubeide/plugins/com.st.stm32cube.ide.mcu.externaltools.gnu-tools-for-stm32.10.3-2021.10.win32_1.0.0.202111181127/tools/bin/../lib/gcc/arm-none-eabi/10.3.1/thumb/v7e-m+fp/hard\libgcc.a(_dvmd_tls.o)
                0x0000000008001034                __aeabi_idiv0
                0x0000000008001034                __aeabi_ldiv0
 *(.text*)
 .text.CameraController_InitStruct
                0x0000000008001038       0x1c ./Core/Src/CameraController.o
                0x0000000008001038                CameraController_InitStruct
 .text.Compensator_InitStruct
                0x0000000008001054       0x60 ./Core/Src/Compensator.o
                0x0000000008001054                Compensator_InitStruct
 .text.DAC_InitStruct
                0x00000000080010b4       0xa8 ./Core/Src/DAC.o
                0x00000000080010b4                DAC_InitStruct
 .text.Set_Config
                0x000000000800115c       0xe0 ./Core/Src/DAC.o
                0x000000000800115c                Set_Config
 .text.Send_Command
                0x000000000800123c       0x48 ./Core/Src/DAC.o
                0x000000000800123c                Send_Command
 .text.Recieve_Data
                0x0000000008001284       0x50 ./Core/Src/DAC.o
                0x0000000008001284                Recieve_Data
 .text.Set_DAC_Value
                0x00000000080012d4       0x5c ./Core/Src/DAC.o
                0x00000000080012d4                Set_DAC_Value
 .text.Set_nLDAC_high
                0x0000000008001330       0x38 ./Core/Src/DAC.o
                0x0000000008001330                Set_nLDAC_high
 .text.Set_nRST_high
                0x0000000008001368       0x38 ./Core/Src/DAC.o
                0x0000000008001368                Set_nRST_high
 .text.Set_nCS_high
                0x00000000080013a0       0x38 ./Core/Src/DAC.o
                0x00000000080013a0                Set_nCS_high
 .text.Hardware_Reset
                0x00000000080013d8       0x3a ./Core/Src/DAC.o
                0x00000000080013d8                Hardware_Reset
 .text.Syncronous_Update
                0x0000000008001412       0x20 ./Core/Src/DAC.o
                0x0000000008001412                Syncronous_Update
 *fill*         0x0000000008001432        0x2 
 .text.Set_Max_Peak_To_Peak_Voltage
                0x0000000008001434       0x4c ./Core/Src/DAC.o
                0x0000000008001434                Set_Max_Peak_To_Peak_Voltage
 .text.PID_InitStruct
                0x0000000008001480       0xd0 ./Core/Src/PID.o
                0x0000000008001480                PID_InitStruct
 .text.PID_SavePoint
                0x0000000008001550       0x4c ./Core/Src/PID.o
                0x0000000008001550                PID_SavePoint
 .text.PID_SumError
                0x000000000800159c       0xf8 ./Core/Src/PID.o
                0x000000000800159c                PID_SumError
 .text.PID_Velocity
                0x0000000008001694       0x68 ./Core/Src/PID.o
                0x0000000008001694                PID_Velocity
 .text.PID_CalculateEffort
                0x00000000080016fc      0x168 ./Core/Src/PID.o
                0x00000000080016fc                PID_CalculateEffort
 *fill*         0x0000000008001864        0x4 
 .text.TMP117_InitStruct
                0x0000000008001868       0xa8 ./Core/Src/TMP117.o
                0x0000000008001868                TMP117_InitStruct
 .text.TMP117_Configure
                0x0000000008001910       0x8c ./Core/Src/TMP117.o
                0x0000000008001910                TMP117_Configure
 .text.TMP117_GetTemperature
                0x000000000800199c      0x1d8 ./Core/Src/TMP117.o
                0x000000000800199c                TMP117_GetTemperature
 .text.TCB_InitStruct
                0x0000000008001b74       0xe8 ./Core/Src/TuningControlBoard.o
                0x0000000008001b74                TCB_InitStruct
 .text.__NVIC_SystemReset
                0x0000000008001c5c       0x2c ./Core/Src/UI.o
 .text.ProcessUserInput
                0x0000000008001c88      0xef0 ./Core/Src/UI.o
                0x0000000008001c88                ProcessUserInput
 .text.ShowControllerConfig
                0x0000000008002b78      0x194 ./Core/Src/UI.o
                0x0000000008002b78                ShowControllerConfig
 .text.ShowAll  0x0000000008002d0c      0x47c ./Core/Src/UI.o
                0x0000000008002d0c                ShowAll
 .text.ShowRawHeader
                0x0000000008003188       0x20 ./Core/Src/UI.o
                0x0000000008003188                ShowRawHeader
 .text.FormatTemperature
                0x00000000080031a8       0x54 ./Core/Src/UI.o
                0x00000000080031a8                FormatTemperature
 .text.Controller_InitStruct
                0x00000000080031fc       0x94 ./Core/Src/controller.o
                0x00000000080031fc                Controller_InitStruct
 .text.Controller_SetHeater
                0x0000000008003290       0x44 ./Core/Src/controller.o
                0x0000000008003290                Controller_SetHeater
 .text.Controller_WipeConfig
                0x00000000080032d4       0x28 ./Core/Src/controller.o
                0x00000000080032d4                Controller_WipeConfig
 .text.Controller_Step
                0x00000000080032fc       0x94 ./Core/Src/controller.o
                0x00000000080032fc                Controller_Step
 .text.USBSendString
                0x0000000008003390       0x46 ./Core/Src/funcs.o
                0x0000000008003390                USBSendString
 *fill*         0x00000000080033d6        0x2 
 .text.InitDWTTimer
                0x00000000080033d8       0x34 ./Core/Src/funcs.o
                0x00000000080033d8                InitDWTTimer
 .text.Delay_us
                0x000000000800340c       0x4c ./Core/Src/funcs.o
                0x000000000800340c                Delay_us
 .text.replacestr
                0x0000000008003458       0x70 ./Core/Src/funcs.o
                0x0000000008003458                replacestr
 .text.ITM_SendChar
                0x00000000080034c8       0x4e ./Core/Src/main.o
 *fill*         0x0000000008003516        0x2 
 .text.HAL_TIM_PeriodElapsedCallback
                0x0000000008003518      0x23c ./Core/Src/main.o
                0x0000000008003518                HAL_TIM_PeriodElapsedCallback
 .text.main     0x0000000008003754      0x1ac ./Core/Src/main.o
                0x0000000008003754                main
 .text.SystemClock_Config
                0x0000000008003900       0xd4 ./Core/Src/main.o
                0x0000000008003900                SystemClock_Config
 .text.MX_I2C1_Init
                0x00000000080039d4       0x80 ./Core/Src/main.o
 .text.MX_SPI4_Init
                0x0000000008003a54       0x6c ./Core/Src/main.o
 .text.MX_TIM2_Init
                0x0000000008003ac0       0x98 ./Core/Src/main.o
 .text.MX_TIM4_Init
                0x0000000008003b58       0x9c ./Core/Src/main.o
 .text.MX_TIM6_Init
                0x0000000008003bf4       0x6c ./Core/Src/main.o
 .text.MX_GPIO_Init
                0x0000000008003c60      0x23c ./Core/Src/main.o
 .text._write   0x0000000008003e9c       0x64 ./Core/Src/main.o
                0x0000000008003e9c                _write
 .text.Error_Handler
                0x0000000008003f00        0xa ./Core/Src/main.o
                0x0000000008003f00                Error_Handler
 *fill*         0x0000000008003f0a        0x2 
 .text.HAL_MspInit
                0x0000000008003f0c       0x50 ./Core/Src/stm32f4xx_hal_msp.o
                0x0000000008003f0c                HAL_MspInit
 .text.HAL_I2C_MspInit
                0x0000000008003f5c       0xb0 ./Core/Src/stm32f4xx_hal_msp.o
                0x0000000008003f5c                HAL_I2C_MspInit
 .text.HAL_SPI_MspInit
                0x000000000800400c       0xa0 ./Core/Src/stm32f4xx_hal_msp.o
                0x000000000800400c                HAL_SPI_MspInit
 .text.HAL_TIM_Base_MspInit
                0x00000000080040ac       0xc4 ./Core/Src/stm32f4xx_hal_msp.o
                0x00000000080040ac                HAL_TIM_Base_MspInit
 .text.NMI_Handler
                0x0000000008004170        0x6 ./Core/Src/stm32f4xx_it.o
                0x0000000008004170                NMI_Handler
 .text.HardFault_Handler
                0x0000000008004176        0x6 ./Core/Src/stm32f4xx_it.o
                0x0000000008004176                HardFault_Handler
 .text.MemManage_Handler
                0x000000000800417c        0x6 ./Core/Src/stm32f4xx_it.o
                0x000000000800417c                MemManage_Handler
 .text.BusFault_Handler
                0x0000000008004182        0x6 ./Core/Src/stm32f4xx_it.o
                0x0000000008004182                BusFault_Handler
 .text.UsageFault_Handler
                0x0000000008004188        0x6 ./Core/Src/stm32f4xx_it.o
                0x0000000008004188                UsageFault_Handler
 .text.SVC_Handler
                0x000000000800418e        0xe ./Core/Src/stm32f4xx_it.o
                0x000000000800418e                SVC_Handler
 .text.DebugMon_Handler
                0x000000000800419c        0xe ./Core/Src/stm32f4xx_it.o
                0x000000000800419c                DebugMon_Handler
 .text.PendSV_Handler
                0x00000000080041aa        0xe ./Core/Src/stm32f4xx_it.o
                0x00000000080041aa                PendSV_Handler
 .text.SysTick_Handler
                0x00000000080041b8        0xc ./Core/Src/stm32f4xx_it.o
                0x00000000080041b8                SysTick_Handler
 .text.TIM2_IRQHandler
                0x00000000080041c4       0x14 ./Core/Src/stm32f4xx_it.o
                0x00000000080041c4                TIM2_IRQHandler
 .text.TIM4_IRQHandler
                0x00000000080041d8       0x14 ./Core/Src/stm32f4xx_it.o
                0x00000000080041d8                TIM4_IRQHandler
 .text.I2C1_EV_IRQHandler
                0x00000000080041ec       0x14 ./Core/Src/stm32f4xx_it.o
                0x00000000080041ec                I2C1_EV_IRQHandler
 .text.I2C1_ER_IRQHandler
                0x0000000008004200       0x14 ./Core/Src/stm32f4xx_it.o
                0x0000000008004200                I2C1_ER_IRQHandler
 .text.TIM6_DAC_IRQHandler
                0x0000000008004214       0x14 ./Core/Src/stm32f4xx_it.o
                0x0000000008004214                TIM6_DAC_IRQHandler
 .text.OTG_FS_IRQHandler
                0x0000000008004228       0x14 ./Core/Src/stm32f4xx_it.o
                0x0000000008004228                OTG_FS_IRQHandler
 .text.SPI4_IRQHandler
                0x000000000800423c       0x14 ./Core/Src/stm32f4xx_it.o
                0x000000000800423c                SPI4_IRQHandler
 .text.StringFIFOInit
                0x0000000008004250       0x40 ./Core/Src/stringfifo.o
                0x0000000008004250                StringFIFOInit
 .text.StringFIFOUsed
                0x0000000008004290       0x3c ./Core/Src/stringfifo.o
                0x0000000008004290                StringFIFOUsed
 .text.StringFIFOAvailable
                0x00000000080042cc       0x26 ./Core/Src/stringfifo.o
                0x00000000080042cc                StringFIFOAvailable
 *fill*         0x00000000080042f2        0x2 
 .text.StringFIFOAdd
                0x00000000080042f4       0x84 ./Core/Src/stringfifo.o
                0x00000000080042f4                StringFIFOAdd
 .text.StringFIFORemove
                0x0000000008004378      0x174 ./Core/Src/stringfifo.o
                0x0000000008004378                StringFIFORemove
 .text._getpid  0x00000000080044ec       0x10 ./Core/Src/syscalls.o
                0x00000000080044ec                _getpid
 .text._kill    0x00000000080044fc       0x20 ./Core/Src/syscalls.o
                0x00000000080044fc                _kill
 .text._exit    0x000000000800451c       0x14 ./Core/Src/syscalls.o
                0x000000000800451c                _exit
 .text._read    0x0000000008004530       0x3a ./Core/Src/syscalls.o
                0x0000000008004530                _read
 .text._close   0x000000000800456a       0x18 ./Core/Src/syscalls.o
                0x000000000800456a                _close
 .text._fstat   0x0000000008004582       0x20 ./Core/Src/syscalls.o
                0x0000000008004582                _fstat
 .text._isatty  0x00000000080045a2       0x16 ./Core/Src/syscalls.o
                0x00000000080045a2                _isatty
 .text._lseek   0x00000000080045b8       0x1a ./Core/Src/syscalls.o
                0x00000000080045b8                _lseek
 *fill*         0x00000000080045d2        0x2 
 .text._sbrk    0x00000000080045d4       0x6c ./Core/Src/sysmem.o
                0x00000000080045d4                _sbrk
 .text.SystemInit
                0x0000000008004640       0x24 ./Core/Src/system_stm32f4xx.o
                0x0000000008004640                SystemInit
 .text.Reset_Handler
                0x0000000008004664       0x50 ./Core/Startup/startup_stm32f427vitx.o
                0x0000000008004664                Reset_Handler
 .text.Default_Handler
                0x00000000080046b4        0x2 ./Core/Startup/startup_stm32f427vitx.o
                0x00000000080046b4                RTC_Alarm_IRQHandler
                0x00000000080046b4                HASH_RNG_IRQHandler
                0x00000000080046b4                EXTI2_IRQHandler
                0x00000000080046b4                TIM8_CC_IRQHandler
                0x00000000080046b4                UART8_IRQHandler
                0x00000000080046b4                TIM1_CC_IRQHandler
                0x00000000080046b4                DMA2_Stream5_IRQHandler
                0x00000000080046b4                DMA1_Stream5_IRQHandler
                0x00000000080046b4                PVD_IRQHandler
                0x00000000080046b4                SDIO_IRQHandler
                0x00000000080046b4                TAMP_STAMP_IRQHandler
                0x00000000080046b4                CAN2_RX1_IRQHandler
                0x00000000080046b4                EXTI3_IRQHandler
                0x00000000080046b4                TIM8_TRG_COM_TIM14_IRQHandler
                0x00000000080046b4                TIM1_UP_TIM10_IRQHandler
                0x00000000080046b4                TIM8_UP_TIM13_IRQHandler
                0x00000000080046b4                I2C3_ER_IRQHandler
                0x00000000080046b4                EXTI0_IRQHandler
                0x00000000080046b4                I2C2_EV_IRQHandler
                0x00000000080046b4                DMA1_Stream2_IRQHandler
                0x00000000080046b4                CAN1_RX0_IRQHandler
                0x00000000080046b4                FPU_IRQHandler
                0x00000000080046b4                OTG_HS_WKUP_IRQHandler
                0x00000000080046b4                CAN2_SCE_IRQHandler
                0x00000000080046b4                DMA2_Stream2_IRQHandler
                0x00000000080046b4                SPI1_IRQHandler
                0x00000000080046b4                TIM1_BRK_TIM9_IRQHandler
                0x00000000080046b4                DCMI_IRQHandler
                0x00000000080046b4                CAN2_RX0_IRQHandler
                0x00000000080046b4                DMA2_Stream3_IRQHandler
                0x00000000080046b4                USART6_IRQHandler
                0x00000000080046b4                USART3_IRQHandler
                0x00000000080046b4                CAN1_RX1_IRQHandler
                0x00000000080046b4                UART5_IRQHandler
                0x00000000080046b4                DMA2_Stream0_IRQHandler
                0x00000000080046b4                DMA1_Stream6_IRQHandler
                0x00000000080046b4                DMA1_Stream1_IRQHandler
                0x00000000080046b4                UART4_IRQHandler
                0x00000000080046b4                TIM3_IRQHandler
                0x00000000080046b4                RCC_IRQHandler
                0x00000000080046b4                TIM8_BRK_TIM12_IRQHandler
                0x00000000080046b4                Default_Handler
                0x00000000080046b4                EXTI15_10_IRQHandler
                0x00000000080046b4                ADC_IRQHandler
                0x00000000080046b4                DMA1_Stream7_IRQHandler
                0x00000000080046b4                SPI5_IRQHandler
                0x00000000080046b4                TIM7_IRQHandler
                0x00000000080046b4                CAN2_TX_IRQHandler
                0x00000000080046b4                TIM5_IRQHandler
                0x00000000080046b4                DMA2_Stream7_IRQHandler
                0x00000000080046b4                I2C3_EV_IRQHandler
                0x00000000080046b4                EXTI9_5_IRQHandler
                0x00000000080046b4                RTC_WKUP_IRQHandler
                0x00000000080046b4                ETH_WKUP_IRQHandler
                0x00000000080046b4                SPI2_IRQHandler
                0x00000000080046b4                OTG_HS_EP1_IN_IRQHandler
                0x00000000080046b4                DMA1_Stream0_IRQHandler
                0x00000000080046b4                CAN1_TX_IRQHandler
                0x00000000080046b4                EXTI4_IRQHandler
                0x00000000080046b4                ETH_IRQHandler
                0x00000000080046b4                OTG_HS_EP1_OUT_IRQHandler
                0x00000000080046b4                WWDG_IRQHandler
                0x00000000080046b4                SPI6_IRQHandler
                0x00000000080046b4                OTG_FS_WKUP_IRQHandler
                0x00000000080046b4                TIM1_TRG_COM_TIM11_IRQHandler
                0x00000000080046b4                OTG_HS_IRQHandler
                0x00000000080046b4                DMA2D_IRQHandler
                0x00000000080046b4                EXTI1_IRQHandler
                0x00000000080046b4                UART7_IRQHandler
                0x00000000080046b4                USART2_IRQHandler
                0x00000000080046b4                I2C2_ER_IRQHandler
                0x00000000080046b4                DMA2_Stream1_IRQHandler
                0x00000000080046b4                CAN1_SCE_IRQHandler
                0x00000000080046b4                FLASH_IRQHandler
                0x00000000080046b4                DMA2_Stream4_IRQHandler
                0x00000000080046b4                USART1_IRQHandler
                0x00000000080046b4                SPI3_IRQHandler
                0x00000000080046b4                DMA1_Stream4_IRQHandler
                0x00000000080046b4                FMC_IRQHandler
                0x00000000080046b4                DMA2_Stream6_IRQHandler
                0x00000000080046b4                SAI1_IRQHandler
                0x00000000080046b4                DMA1_Stream3_IRQHandler
 *fill*         0x00000000080046b6        0x2 
 .text.HAL_Init
                0x00000000080046b8       0x44 ./Drivers/STM32F4xx_HAL_Driver/Src/stm32f4xx_hal.o
                0x00000000080046b8                HAL_Init
 .text.HAL_InitTick
                0x00000000080046fc       0x60 ./Drivers/STM32F4xx_HAL_Driver/Src/stm32f4xx_hal.o
                0x00000000080046fc                HAL_InitTick
 .text.HAL_IncTick
                0x000000000800475c       0x28 ./Drivers/STM32F4xx_HAL_Driver/Src/stm32f4xx_hal.o
                0x000000000800475c                HAL_IncTick
 .text.HAL_GetTick
                0x0000000008004784       0x18 ./Drivers/STM32F4xx_HAL_Driver/Src/stm32f4xx_hal.o
                0x0000000008004784                HAL_GetTick
 .text.HAL_Delay
                0x000000000800479c       0x48 ./Drivers/STM32F4xx_HAL_Driver/Src/stm32f4xx_hal.o
                0x000000000800479c                HAL_Delay
 .text.__NVIC_SetPriorityGrouping
                0x00000000080047e4       0x48 ./Drivers/STM32F4xx_HAL_Driver/Src/stm32f4xx_hal_cortex.o
 .text.__NVIC_GetPriorityGrouping
                0x000000000800482c       0x1c ./Drivers/STM32F4xx_HAL_Driver/Src/stm32f4xx_hal_cortex.o
 .text.__NVIC_EnableIRQ
                0x0000000008004848       0x3c ./Drivers/STM32F4xx_HAL_Driver/Src/stm32f4xx_hal_cortex.o
 .text.__NVIC_SetPriority
                0x0000000008004884       0x54 ./Drivers/STM32F4xx_HAL_Driver/Src/stm32f4xx_hal_cortex.o
 .text.NVIC_EncodePriority
                0x00000000080048d8       0x66 ./Drivers/STM32F4xx_HAL_Driver/Src/stm32f4xx_hal_cortex.o
 *fill*         0x000000000800493e        0x2 
 .text.SysTick_Config
                0x0000000008004940       0x44 ./Drivers/STM32F4xx_HAL_Driver/Src/stm32f4xx_hal_cortex.o
 .text.HAL_NVIC_SetPriorityGrouping
                0x0000000008004984       0x16 ./Drivers/STM32F4xx_HAL_Driver/Src/stm32f4xx_hal_cortex.o
                0x0000000008004984                HAL_NVIC_SetPriorityGrouping
 .text.HAL_NVIC_SetPriority
                0x000000000800499a       0x38 ./Drivers/STM32F4xx_HAL_Driver/Src/stm32f4xx_hal_cortex.o
                0x000000000800499a                HAL_NVIC_SetPriority
 .text.HAL_NVIC_EnableIRQ
                0x00000000080049d2       0x1c ./Drivers/STM32F4xx_HAL_Driver/Src/stm32f4xx_hal_cortex.o
                0x00000000080049d2                HAL_NVIC_EnableIRQ
 .text.HAL_SYSTICK_Config
                0x00000000080049ee       0x18 ./Drivers/STM32F4xx_HAL_Driver/Src/stm32f4xx_hal_cortex.o
                0x00000000080049ee                HAL_SYSTICK_Config
 .text.HAL_DMA_Abort_IT
                0x0000000008004a06       0x44 ./Drivers/STM32F4xx_HAL_Driver/Src/stm32f4xx_hal_dma.o
                0x0000000008004a06                HAL_DMA_Abort_IT
 .text.HAL_DMA_GetState
                0x0000000008004a4a       0x1c ./Drivers/STM32F4xx_HAL_Driver/Src/stm32f4xx_hal_dma.o
                0x0000000008004a4a                HAL_DMA_GetState
 *fill*         0x0000000008004a66        0x2 
 .text.HAL_GPIO_Init
                0x0000000008004a68      0x358 ./Drivers/STM32F4xx_HAL_Driver/Src/stm32f4xx_hal_gpio.o
                0x0000000008004a68                HAL_GPIO_Init
 .text.HAL_GPIO_WritePin
                0x0000000008004dc0       0x32 ./Drivers/STM32F4xx_HAL_Driver/Src/stm32f4xx_hal_gpio.o
                0x0000000008004dc0                HAL_GPIO_WritePin
 *fill*         0x0000000008004df2        0x2 
 .text.HAL_I2C_Init
                0x0000000008004df4      0x288 ./Drivers/STM32F4xx_HAL_Driver/Src/stm32f4xx_hal_i2c.o
                0x0000000008004df4                HAL_I2C_Init
 .text.HAL_I2C_Master_Transmit
                0x000000000800507c      0x1fc ./Drivers/STM32F4xx_HAL_Driver/Src/stm32f4xx_hal_i2c.o
                0x000000000800507c                HAL_I2C_Master_Transmit
 .text.HAL_I2C_Master_Receive
                0x0000000008005278      0x44c ./Drivers/STM32F4xx_HAL_Driver/Src/stm32f4xx_hal_i2c.o
                0x0000000008005278                HAL_I2C_Master_Receive
 .text.HAL_I2C_EV_IRQHandler
                0x00000000080056c4      0x2e2 ./Drivers/STM32F4xx_HAL_Driver/Src/stm32f4xx_hal_i2c.o
                0x00000000080056c4                HAL_I2C_EV_IRQHandler
 .text.HAL_I2C_ER_IRQHandler
                0x00000000080059a6      0x14e ./Drivers/STM32F4xx_HAL_Driver/Src/stm32f4xx_hal_i2c.o
                0x00000000080059a6                HAL_I2C_ER_IRQHandler
 .text.HAL_I2C_MasterTxCpltCallback
                0x0000000008005af4       0x14 ./Drivers/STM32F4xx_HAL_Driver/Src/stm32f4xx_hal_i2c.o
                0x0000000008005af4                HAL_I2C_MasterTxCpltCallback
 .text.HAL_I2C_MasterRxCpltCallback
                0x0000000008005b08       0x14 ./Drivers/STM32F4xx_HAL_Driver/Src/stm32f4xx_hal_i2c.o
                0x0000000008005b08                HAL_I2C_MasterRxCpltCallback
 .text.HAL_I2C_SlaveTxCpltCallback
                0x0000000008005b1c       0x14 ./Drivers/STM32F4xx_HAL_Driver/Src/stm32f4xx_hal_i2c.o
                0x0000000008005b1c                HAL_I2C_SlaveTxCpltCallback
 .text.HAL_I2C_SlaveRxCpltCallback
                0x0000000008005b30       0x14 ./Drivers/STM32F4xx_HAL_Driver/Src/stm32f4xx_hal_i2c.o
                0x0000000008005b30                HAL_I2C_SlaveRxCpltCallback
 .text.HAL_I2C_AddrCallback
                0x0000000008005b44       0x1c ./Drivers/STM32F4xx_HAL_Driver/Src/stm32f4xx_hal_i2c.o
                0x0000000008005b44                HAL_I2C_AddrCallback
 .text.HAL_I2C_ListenCpltCallback
                0x0000000008005b60       0x14 ./Drivers/STM32F4xx_HAL_Driver/Src/stm32f4xx_hal_i2c.o
                0x0000000008005b60                HAL_I2C_ListenCpltCallback
 .text.HAL_I2C_MemTxCpltCallback
                0x0000000008005b74       0x14 ./Drivers/STM32F4xx_HAL_Driver/Src/stm32f4xx_hal_i2c.o
                0x0000000008005b74                HAL_I2C_MemTxCpltCallback
 .text.HAL_I2C_MemRxCpltCallback
                0x0000000008005b88       0x14 ./Drivers/STM32F4xx_HAL_Driver/Src/stm32f4xx_hal_i2c.o
                0x0000000008005b88                HAL_I2C_MemRxCpltCallback
 .text.HAL_I2C_ErrorCallback
                0x0000000008005b9c       0x14 ./Drivers/STM32F4xx_HAL_Driver/Src/stm32f4xx_hal_i2c.o
                0x0000000008005b9c                HAL_I2C_ErrorCallback
 .text.HAL_I2C_AbortCpltCallback
                0x0000000008005bb0       0x14 ./Drivers/STM32F4xx_HAL_Driver/Src/stm32f4xx_hal_i2c.o
                0x0000000008005bb0                HAL_I2C_AbortCpltCallback
 .text.I2C_MasterTransmit_TXE
                0x0000000008005bc4      0x138 ./Drivers/STM32F4xx_HAL_Driver/Src/stm32f4xx_hal_i2c.o
 .text.I2C_MasterTransmit_BTF
                0x0000000008005cfc       0xec ./Drivers/STM32F4xx_HAL_Driver/Src/stm32f4xx_hal_i2c.o
 .text.I2C_MemoryTransmit_TXE_BTF
                0x0000000008005de8      0x128 ./Drivers/STM32F4xx_HAL_Driver/Src/stm32f4xx_hal_i2c.o
 .text.I2C_MasterReceive_RXNE
                0x0000000008005f10      0x176 ./Drivers/STM32F4xx_HAL_Driver/Src/stm32f4xx_hal_i2c.o
 .text.I2C_MasterReceive_BTF
                0x0000000008006086      0x1d4 ./Drivers/STM32F4xx_HAL_Driver/Src/stm32f4xx_hal_i2c.o
 .text.I2C_Master_SB
                0x000000000800625a      0x10c ./Drivers/STM32F4xx_HAL_Driver/Src/stm32f4xx_hal_i2c.o
 .text.I2C_Master_ADD10
                0x0000000008006366       0x54 ./Drivers/STM32F4xx_HAL_Driver/Src/stm32f4xx_hal_i2c.o
 .text.I2C_Master_ADDR
                0x00000000080063ba      0x322 ./Drivers/STM32F4xx_HAL_Driver/Src/stm32f4xx_hal_i2c.o
 .text.I2C_SlaveTransmit_TXE
                0x00000000080066dc       0x7a ./Drivers/STM32F4xx_HAL_Driver/Src/stm32f4xx_hal_i2c.o
 .text.I2C_SlaveTransmit_BTF
                0x0000000008006756       0x42 ./Drivers/STM32F4xx_HAL_Driver/Src/stm32f4xx_hal_i2c.o
 .text.I2C_SlaveReceive_RXNE
                0x0000000008006798       0x7c ./Drivers/STM32F4xx_HAL_Driver/Src/stm32f4xx_hal_i2c.o
 .text.I2C_SlaveReceive_BTF
                0x0000000008006814       0x44 ./Drivers/STM32F4xx_HAL_Driver/Src/stm32f4xx_hal_i2c.o
 .text.I2C_Slave_ADDR
                0x0000000008006858       0x94 ./Drivers/STM32F4xx_HAL_Driver/Src/stm32f4xx_hal_i2c.o
 .text.I2C_Slave_STOPF
                0x00000000080068ec      0x260 ./Drivers/STM32F4xx_HAL_Driver/Src/stm32f4xx_hal_i2c.o
 .text.I2C_Slave_AF
                0x0000000008006b4c       0xe0 ./Drivers/STM32F4xx_HAL_Driver/Src/stm32f4xx_hal_i2c.o
 .text.I2C_ITError
                0x0000000008006c2c      0x264 ./Drivers/STM32F4xx_HAL_Driver/Src/stm32f4xx_hal_i2c.o
 .text.I2C_MasterRequestWrite
                0x0000000008006e90      0x104 ./Drivers/STM32F4xx_HAL_Driver/Src/stm32f4xx_hal_i2c.o
 .text.I2C_MasterRequestRead
                0x0000000008006f94      0x19c ./Drivers/STM32F4xx_HAL_Driver/Src/stm32f4xx_hal_i2c.o
 .text.I2C_DMAAbort
                0x0000000008007130      0x150 ./Drivers/STM32F4xx_HAL_Driver/Src/stm32f4xx_hal_i2c.o
 .text.I2C_WaitOnFlagUntilTimeout
                0x0000000008007280       0xae ./Drivers/STM32F4xx_HAL_Driver/Src/stm32f4xx_hal_i2c.o
 .text.I2C_WaitOnMasterAddressFlagUntilTimeout
                0x000000000800732e       0xfe ./Drivers/STM32F4xx_HAL_Driver/Src/stm32f4xx_hal_i2c.o
 .text.I2C_WaitOnTXEFlagUntilTimeout
                0x000000000800742c       0x82 ./Drivers/STM32F4xx_HAL_Driver/Src/stm32f4xx_hal_i2c.o
 .text.I2C_WaitOnBTFFlagUntilTimeout
                0x00000000080074ae       0x82 ./Drivers/STM32F4xx_HAL_Driver/Src/stm32f4xx_hal_i2c.o
 .text.I2C_WaitOnSTOPRequestThroughIT
                0x0000000008007530       0x64 ./Drivers/STM32F4xx_HAL_Driver/Src/stm32f4xx_hal_i2c.o
 .text.I2C_WaitOnRXNEFlagUntilTimeout
                0x0000000008007594       0xac ./Drivers/STM32F4xx_HAL_Driver/Src/stm32f4xx_hal_i2c.o
 .text.I2C_IsAcknowledgeFailed
                0x0000000008007640       0x5e ./Drivers/STM32F4xx_HAL_Driver/Src/stm32f4xx_hal_i2c.o
 .text.I2C_ConvertOtherXferOptions
                0x000000000800769e       0x36 ./Drivers/STM32F4xx_HAL_Driver/Src/stm32f4xx_hal_i2c.o
 .text.HAL_I2CEx_ConfigAnalogFilter
                0x00000000080076d4       0x78 ./Drivers/STM32F4xx_HAL_Driver/Src/stm32f4xx_hal_i2c_ex.o
                0x00000000080076d4                HAL_I2CEx_ConfigAnalogFilter
 .text.HAL_I2CEx_ConfigDigitalFilter
                0x000000000800774c       0x7e ./Drivers/STM32F4xx_HAL_Driver/Src/stm32f4xx_hal_i2c_ex.o
                0x000000000800774c                HAL_I2CEx_ConfigDigitalFilter
 .text.HAL_PCD_Init
                0x00000000080077ca      0x23a ./Drivers/STM32F4xx_HAL_Driver/Src/stm32f4xx_hal_pcd.o
                0x00000000080077ca                HAL_PCD_Init
 .text.HAL_PCD_Start
                0x0000000008007a04       0x66 ./Drivers/STM32F4xx_HAL_Driver/Src/stm32f4xx_hal_pcd.o
                0x0000000008007a04                HAL_PCD_Start
 .text.HAL_PCD_IRQHandler
                0x0000000008007a6a      0x93e ./Drivers/STM32F4xx_HAL_Driver/Src/stm32f4xx_hal_pcd.o
                0x0000000008007a6a                HAL_PCD_IRQHandler
 .text.HAL_PCD_SetAddress
                0x00000000080083a8       0x4a ./Drivers/STM32F4xx_HAL_Driver/Src/stm32f4xx_hal_pcd.o
                0x00000000080083a8                HAL_PCD_SetAddress
 .text.HAL_PCD_EP_Open
                0x00000000080083f2       0xd0 ./Drivers/STM32F4xx_HAL_Driver/Src/stm32f4xx_hal_pcd.o
                0x00000000080083f2                HAL_PCD_EP_Open
 .text.HAL_PCD_EP_Close
                0x00000000080084c2       0x94 ./Drivers/STM32F4xx_HAL_Driver/Src/stm32f4xx_hal_pcd.o
                0x00000000080084c2                HAL_PCD_EP_Close
 .text.HAL_PCD_EP_Receive
                0x0000000008008556       0x96 ./Drivers/STM32F4xx_HAL_Driver/Src/stm32f4xx_hal_pcd.o
                0x0000000008008556                HAL_PCD_EP_Receive
 .text.HAL_PCD_EP_GetRxCount
                0x00000000080085ec       0x30 ./Drivers/STM32F4xx_HAL_Driver/Src/stm32f4xx_hal_pcd.o
                0x00000000080085ec                HAL_PCD_EP_GetRxCount
 .text.HAL_PCD_EP_Transmit
                0x000000000800861c       0x94 ./Drivers/STM32F4xx_HAL_Driver/Src/stm32f4xx_hal_pcd.o
                0x000000000800861c                HAL_PCD_EP_Transmit
 .text.HAL_PCD_EP_SetStall
                0x00000000080086b0       0xc8 ./Drivers/STM32F4xx_HAL_Driver/Src/stm32f4xx_hal_pcd.o
                0x00000000080086b0                HAL_PCD_EP_SetStall
 .text.HAL_PCD_EP_ClrStall
                0x0000000008008778       0xac ./Drivers/STM32F4xx_HAL_Driver/Src/stm32f4xx_hal_pcd.o
                0x0000000008008778                HAL_PCD_EP_ClrStall
 .text.HAL_PCD_EP_Abort
                0x0000000008008824       0x62 ./Drivers/STM32F4xx_HAL_Driver/Src/stm32f4xx_hal_pcd.o
                0x0000000008008824                HAL_PCD_EP_Abort
 .text.PCD_WriteEmptyTxFifo
                0x0000000008008886      0x11a ./Drivers/STM32F4xx_HAL_Driver/Src/stm32f4xx_hal_pcd.o
 .text.PCD_EP_OutXfrComplete_int
                0x00000000080089a0      0x1d0 ./Drivers/STM32F4xx_HAL_Driver/Src/stm32f4xx_hal_pcd.o
 .text.PCD_EP_OutSetupPacket_int
                0x0000000008008b70       0x8c ./Drivers/STM32F4xx_HAL_Driver/Src/stm32f4xx_hal_pcd.o
 .text.HAL_PCDEx_SetTxFiFo
                0x0000000008008bfc       0x8e ./Drivers/STM32F4xx_HAL_Driver/Src/stm32f4xx_hal_pcd_ex.o
                0x0000000008008bfc                HAL_PCDEx_SetTxFiFo
 .text.HAL_PCDEx_SetRxFiFo
                0x0000000008008c8a       0x22 ./Drivers/STM32F4xx_HAL_Driver/Src/stm32f4xx_hal_pcd_ex.o
                0x0000000008008c8a                HAL_PCDEx_SetRxFiFo
 .text.HAL_PCDEx_LPM_Callback
                0x0000000008008cac       0x18 ./Drivers/STM32F4xx_HAL_Driver/Src/stm32f4xx_hal_pcd_ex.o
                0x0000000008008cac                HAL_PCDEx_LPM_Callback
 .text.HAL_RCC_OscConfig
                0x0000000008008cc4      0x4f0 ./Drivers/STM32F4xx_HAL_Driver/Src/stm32f4xx_hal_rcc.o
                0x0000000008008cc4                HAL_RCC_OscConfig
 .text.HAL_RCC_ClockConfig
                0x00000000080091b4      0x1cc ./Drivers/STM32F4xx_HAL_Driver/Src/stm32f4xx_hal_rcc.o
                0x00000000080091b4                HAL_RCC_ClockConfig
 .text.HAL_RCC_GetSysClockFreq
                0x0000000008009380      0x20c ./Drivers/STM32F4xx_HAL_Driver/Src/stm32f4xx_hal_rcc.o
                0x0000000008009380                HAL_RCC_GetSysClockFreq
 .text.HAL_RCC_GetHCLKFreq
                0x000000000800958c       0x18 ./Drivers/STM32F4xx_HAL_Driver/Src/stm32f4xx_hal_rcc.o
                0x000000000800958c                HAL_RCC_GetHCLKFreq
 .text.HAL_RCC_GetPCLK1Freq
                0x00000000080095a4       0x28 ./Drivers/STM32F4xx_HAL_Driver/Src/stm32f4xx_hal_rcc.o
                0x00000000080095a4                HAL_RCC_GetPCLK1Freq
 .text.HAL_SPI_Init
                0x00000000080095cc      0x112 ./Drivers/STM32F4xx_HAL_Driver/Src/stm32f4xx_hal_spi.o
                0x00000000080095cc                HAL_SPI_Init
 .text.HAL_SPI_Transmit
                0x00000000080096de      0x278 ./Drivers/STM32F4xx_HAL_Driver/Src/stm32f4xx_hal_spi.o
                0x00000000080096de                HAL_SPI_Transmit
 .text.HAL_SPI_TransmitReceive
                0x0000000008009956      0x344 ./Drivers/STM32F4xx_HAL_Driver/Src/stm32f4xx_hal_spi.o
                0x0000000008009956                HAL_SPI_TransmitReceive
 *fill*         0x0000000008009c9a        0x2 
 .text.HAL_SPI_IRQHandler
                0x0000000008009c9c      0x200 ./Drivers/STM32F4xx_HAL_Driver/Src/stm32f4xx_hal_spi.o
                0x0000000008009c9c                HAL_SPI_IRQHandler
 .text.HAL_SPI_ErrorCallback
                0x0000000008009e9c       0x14 ./Drivers/STM32F4xx_HAL_Driver/Src/stm32f4xx_hal_spi.o
                0x0000000008009e9c                HAL_SPI_ErrorCallback
 .text.SPI_DMAAbortOnError
                0x0000000008009eb0       0x28 ./Drivers/STM32F4xx_HAL_Driver/Src/stm32f4xx_hal_spi.o
 .text.SPI_WaitFlagStateUntilTimeout
                0x0000000008009ed8      0x110 ./Drivers/STM32F4xx_HAL_Driver/Src/stm32f4xx_hal_spi.o
 .text.SPI_EndRxTxTransaction
                0x0000000008009fe8       0x84 ./Drivers/STM32F4xx_HAL_Driver/Src/stm32f4xx_hal_spi.o
 .text.HAL_TIM_Base_Init
                0x000000000800a06c       0x9e ./Drivers/STM32F4xx_HAL_Driver/Src/stm32f4xx_hal_tim.o
                0x000000000800a06c                HAL_TIM_Base_Init
 *fill*         0x000000000800a10a        0x2 
 .text.HAL_TIM_Base_Start_IT
                0x000000000800a10c       0xe0 ./Drivers/STM32F4xx_HAL_Driver/Src/stm32f4xx_hal_tim.o
                0x000000000800a10c                HAL_TIM_Base_Start_IT
 .text.HAL_TIM_IRQHandler
                0x000000000800a1ec      0x210 ./Drivers/STM32F4xx_HAL_Driver/Src/stm32f4xx_hal_tim.o
                0x000000000800a1ec                HAL_TIM_IRQHandler
 .text.HAL_TIM_ConfigClockSource
                0x000000000800a3fc      0x18e ./Drivers/STM32F4xx_HAL_Driver/Src/stm32f4xx_hal_tim.o
                0x000000000800a3fc                HAL_TIM_ConfigClockSource
 .text.HAL_TIM_OC_DelayElapsedCallback
                0x000000000800a58a       0x14 ./Drivers/STM32F4xx_HAL_Driver/Src/stm32f4xx_hal_tim.o
                0x000000000800a58a                HAL_TIM_OC_DelayElapsedCallback
 .text.HAL_TIM_IC_CaptureCallback
                0x000000000800a59e       0x14 ./Drivers/STM32F4xx_HAL_Driver/Src/stm32f4xx_hal_tim.o
                0x000000000800a59e                HAL_TIM_IC_CaptureCallback
 .text.HAL_TIM_PWM_PulseFinishedCallback
                0x000000000800a5b2       0x14 ./Drivers/STM32F4xx_HAL_Driver/Src/stm32f4xx_hal_tim.o
                0x000000000800a5b2                HAL_TIM_PWM_PulseFinishedCallback
 .text.HAL_TIM_TriggerCallback
                0x000000000800a5c6       0x14 ./Drivers/STM32F4xx_HAL_Driver/Src/stm32f4xx_hal_tim.o
                0x000000000800a5c6                HAL_TIM_TriggerCallback
 *fill*         0x000000000800a5da        0x2 
 .text.TIM_Base_SetConfig
                0x000000000800a5dc      0x140 ./Drivers/STM32F4xx_HAL_Driver/Src/stm32f4xx_hal_tim.o
                0x000000000800a5dc                TIM_Base_SetConfig
 .text.TIM_TI1_ConfigInputStage
                0x000000000800a71c       0x5e ./Drivers/STM32F4xx_HAL_Driver/Src/stm32f4xx_hal_tim.o
 .text.TIM_TI2_ConfigInputStage
                0x000000000800a77a       0x60 ./Drivers/STM32F4xx_HAL_Driver/Src/stm32f4xx_hal_tim.o
 .text.TIM_ITRx_SetConfig
                0x000000000800a7da       0x36 ./Drivers/STM32F4xx_HAL_Driver/Src/stm32f4xx_hal_tim.o
 .text.TIM_ETR_SetConfig
                0x000000000800a810       0x40 ./Drivers/STM32F4xx_HAL_Driver/Src/stm32f4xx_hal_tim.o
                0x000000000800a810                TIM_ETR_SetConfig
 .text.HAL_TIMEx_MasterConfigSynchronization
                0x000000000800a850       0xf8 ./Drivers/STM32F4xx_HAL_Driver/Src/stm32f4xx_hal_tim_ex.o
                0x000000000800a850                HAL_TIMEx_MasterConfigSynchronization
 .text.HAL_TIMEx_CommutCallback
                0x000000000800a948       0x14 ./Drivers/STM32F4xx_HAL_Driver/Src/stm32f4xx_hal_tim_ex.o
                0x000000000800a948                HAL_TIMEx_CommutCallback
 .text.HAL_TIMEx_BreakCallback
                0x000000000800a95c       0x14 ./Drivers/STM32F4xx_HAL_Driver/Src/stm32f4xx_hal_tim_ex.o
                0x000000000800a95c                HAL_TIMEx_BreakCallback
 .text.USB_CoreInit
                0x000000000800a970       0xc2 ./Drivers/STM32F4xx_HAL_Driver/Src/stm32f4xx_ll_usb.o
                0x000000000800a970                USB_CoreInit
 *fill*         0x000000000800aa32        0x2 
 .text.USB_SetTurnaroundTime
                0x000000000800aa34      0x144 ./Drivers/STM32F4xx_HAL_Driver/Src/stm32f4xx_ll_usb.o
                0x000000000800aa34                USB_SetTurnaroundTime
 .text.USB_EnableGlobalInt
                0x000000000800ab78       0x22 ./Drivers/STM32F4xx_HAL_Driver/Src/stm32f4xx_ll_usb.o
                0x000000000800ab78                USB_EnableGlobalInt
 .text.USB_DisableGlobalInt
                0x000000000800ab9a       0x22 ./Drivers/STM32F4xx_HAL_Driver/Src/stm32f4xx_ll_usb.o
                0x000000000800ab9a                USB_DisableGlobalInt
 .text.USB_SetCurrentMode
                0x000000000800abbc       0x98 ./Drivers/STM32F4xx_HAL_Driver/Src/stm32f4xx_ll_usb.o
                0x000000000800abbc                USB_SetCurrentMode
 .text.USB_DevInit
                0x000000000800ac54      0x2c8 ./Drivers/STM32F4xx_HAL_Driver/Src/stm32f4xx_ll_usb.o
                0x000000000800ac54                USB_DevInit
 .text.USB_FlushTxFifo
                0x000000000800af1c       0x68 ./Drivers/STM32F4xx_HAL_Driver/Src/stm32f4xx_ll_usb.o
                0x000000000800af1c                USB_FlushTxFifo
 .text.USB_FlushRxFifo
                0x000000000800af84       0x60 ./Drivers/STM32F4xx_HAL_Driver/Src/stm32f4xx_ll_usb.o
                0x000000000800af84                USB_FlushRxFifo
 .text.USB_SetDevSpeed
                0x000000000800afe4       0x32 ./Drivers/STM32F4xx_HAL_Driver/Src/stm32f4xx_ll_usb.o
                0x000000000800afe4                USB_SetDevSpeed
 .text.USB_GetDevSpeed
                0x000000000800b016       0x4a ./Drivers/STM32F4xx_HAL_Driver/Src/stm32f4xx_ll_usb.o
                0x000000000800b016                USB_GetDevSpeed
 .text.USB_ActivateEndpoint
                0x000000000800b060      0x10e ./Drivers/STM32F4xx_HAL_Driver/Src/stm32f4xx_ll_usb.o
                0x000000000800b060                USB_ActivateEndpoint
 *fill*         0x000000000800b16e        0x2 
 .text.USB_DeactivateEndpoint
                0x000000000800b170      0x1b8 ./Drivers/STM32F4xx_HAL_Driver/Src/stm32f4xx_ll_usb.o
                0x000000000800b170                USB_DeactivateEndpoint
 .text.USB_EPStartXfer
                0x000000000800b328      0x490 ./Drivers/STM32F4xx_HAL_Driver/Src/stm32f4xx_ll_usb.o
                0x000000000800b328                USB_EPStartXfer
 .text.USB_EP0StartXfer
                0x000000000800b7b8      0x2b0 ./Drivers/STM32F4xx_HAL_Driver/Src/stm32f4xx_ll_usb.o
                0x000000000800b7b8                USB_EP0StartXfer
 .text.USB_EPStopXfer
                0x000000000800ba68      0x154 ./Drivers/STM32F4xx_HAL_Driver/Src/stm32f4xx_ll_usb.o
                0x000000000800ba68                USB_EPStopXfer
 .text.USB_WritePacket
                0x000000000800bbbc       0x7c ./Drivers/STM32F4xx_HAL_Driver/Src/stm32f4xx_ll_usb.o
                0x000000000800bbbc                USB_WritePacket
 .text.USB_ReadPacket
                0x000000000800bc38       0xb0 ./Drivers/STM32F4xx_HAL_Driver/Src/stm32f4xx_ll_usb.o
                0x000000000800bc38                USB_ReadPacket
 .text.USB_EPSetStall
                0x000000000800bce8       0xdc ./Drivers/STM32F4xx_HAL_Driver/Src/stm32f4xx_ll_usb.o
                0x000000000800bce8                USB_EPSetStall
 .text.USB_EPClearStall
                0x000000000800bdc4       0xcc ./Drivers/STM32F4xx_HAL_Driver/Src/stm32f4xx_ll_usb.o
                0x000000000800bdc4                USB_EPClearStall
 .text.USB_SetDevAddress
                0x000000000800be90       0x4c ./Drivers/STM32F4xx_HAL_Driver/Src/stm32f4xx_ll_usb.o
                0x000000000800be90                USB_SetDevAddress
 .text.USB_DevConnect
                0x000000000800bedc       0x42 ./Drivers/STM32F4xx_HAL_Driver/Src/stm32f4xx_ll_usb.o
                0x000000000800bedc                USB_DevConnect
 .text.USB_DevDisconnect
                0x000000000800bf1e       0x42 ./Drivers/STM32F4xx_HAL_Driver/Src/stm32f4xx_ll_usb.o
                0x000000000800bf1e                USB_DevDisconnect
 .text.USB_ReadInterrupts
                0x000000000800bf60       0x26 ./Drivers/STM32F4xx_HAL_Driver/Src/stm32f4xx_ll_usb.o
                0x000000000800bf60                USB_ReadInterrupts
 .text.USB_ReadDevAllOutEpInterrupt
                0x000000000800bf86       0x34 ./Drivers/STM32F4xx_HAL_Driver/Src/stm32f4xx_ll_usb.o
                0x000000000800bf86                USB_ReadDevAllOutEpInterrupt
 .text.USB_ReadDevAllInEpInterrupt
                0x000000000800bfba       0x34 ./Drivers/STM32F4xx_HAL_Driver/Src/stm32f4xx_ll_usb.o
                0x000000000800bfba                USB_ReadDevAllInEpInterrupt
 .text.USB_ReadDevOutEPInterrupt
                0x000000000800bfee       0x3c ./Drivers/STM32F4xx_HAL_Driver/Src/stm32f4xx_ll_usb.o
                0x000000000800bfee                USB_ReadDevOutEPInterrupt
 .text.USB_ReadDevInEPInterrupt
                0x000000000800c02a       0x5c ./Drivers/STM32F4xx_HAL_Driver/Src/stm32f4xx_ll_usb.o
                0x000000000800c02a                USB_ReadDevInEPInterrupt
 .text.USB_GetMode
                0x000000000800c086       0x1c ./Drivers/STM32F4xx_HAL_Driver/Src/stm32f4xx_ll_usb.o
                0x000000000800c086                USB_GetMode
 .text.USB_ActivateSetup
                0x000000000800c0a2       0x46 ./Drivers/STM32F4xx_HAL_Driver/Src/stm32f4xx_ll_usb.o
                0x000000000800c0a2                USB_ActivateSetup
 .text.USB_EP0_OutStart
                0x000000000800c0e8       0xbc ./Drivers/STM32F4xx_HAL_Driver/Src/stm32f4xx_ll_usb.o
                0x000000000800c0e8                USB_EP0_OutStart
 .text.USB_CoreReset
                0x000000000800c1a4       0x68 ./Drivers/STM32F4xx_HAL_Driver/Src/stm32f4xx_ll_usb.o
 .text.USBD_CDC_Init
                0x000000000800c20c      0x1f0 ./Middlewares/ST/STM32_USB_Device_Library/Class/CDC/Src/usbd_cdc.o
 .text.USBD_CDC_DeInit
                0x000000000800c3fc      0x104 ./Middlewares/ST/STM32_USB_Device_Library/Class/CDC/Src/usbd_cdc.o
 .text.USBD_CDC_Setup
                0x000000000800c500      0x1b8 ./Middlewares/ST/STM32_USB_Device_Library/Class/CDC/Src/usbd_cdc.o
 .text.USBD_CDC_DataIn
                0x000000000800c6b8       0xfe ./Middlewares/ST/STM32_USB_Device_Library/Class/CDC/Src/usbd_cdc.o
 .text.USBD_CDC_DataOut
                0x000000000800c7b6       0x70 ./Middlewares/ST/STM32_USB_Device_Library/Class/CDC/Src/usbd_cdc.o
 .text.USBD_CDC_EP0_RxReady
                0x000000000800c826       0x76 ./Middlewares/ST/STM32_USB_Device_Library/Class/CDC/Src/usbd_cdc.o
 .text.USBD_CDC_GetFSCfgDesc
                0x000000000800c89c       0x70 ./Middlewares/ST/STM32_USB_Device_Library/Class/CDC/Src/usbd_cdc.o
 .text.USBD_CDC_GetHSCfgDesc
                0x000000000800c90c       0x70 ./Middlewares/ST/STM32_USB_Device_Library/Class/CDC/Src/usbd_cdc.o
 .text.USBD_CDC_GetOtherSpeedCfgDesc
                0x000000000800c97c       0x70 ./Middlewares/ST/STM32_USB_Device_Library/Class/CDC/Src/usbd_cdc.o
 .text.USBD_CDC_GetDeviceQualifierDescriptor
                0x000000000800c9ec       0x20 ./Middlewares/ST/STM32_USB_Device_Library/Class/CDC/Src/usbd_cdc.o
                0x000000000800c9ec                USBD_CDC_GetDeviceQualifierDescriptor
 .text.USBD_CDC_RegisterInterface
                0x000000000800ca0c       0x34 ./Middlewares/ST/STM32_USB_Device_Library/Class/CDC/Src/usbd_cdc.o
                0x000000000800ca0c                USBD_CDC_RegisterInterface
 .text.USBD_CDC_SetTxBuffer
                0x000000000800ca40       0x44 ./Middlewares/ST/STM32_USB_Device_Library/Class/CDC/Src/usbd_cdc.o
                0x000000000800ca40                USBD_CDC_SetTxBuffer
 .text.USBD_CDC_SetRxBuffer
                0x000000000800ca84       0x3a ./Middlewares/ST/STM32_USB_Device_Library/Class/CDC/Src/usbd_cdc.o
                0x000000000800ca84                USBD_CDC_SetRxBuffer
 *fill*         0x000000000800cabe        0x2 
 .text.USBD_CDC_TransmitPacket
                0x000000000800cac0       0x8c ./Middlewares/ST/STM32_USB_Device_Library/Class/CDC/Src/usbd_cdc.o
                0x000000000800cac0                USBD_CDC_TransmitPacket
 .text.USBD_CDC_ReceivePacket
                0x000000000800cb4c       0x6c ./Middlewares/ST/STM32_USB_Device_Library/Class/CDC/Src/usbd_cdc.o
                0x000000000800cb4c                USBD_CDC_ReceivePacket
 .text.USBD_Init
                0x000000000800cbb8       0x60 ./Middlewares/ST/STM32_USB_Device_Library/Core/Src/usbd_core.o
                0x000000000800cbb8                USBD_Init
 .text.USBD_RegisterClass
                0x000000000800cc18       0x6c ./Middlewares/ST/STM32_USB_Device_Library/Core/Src/usbd_core.o
                0x000000000800cc18                USBD_RegisterClass
 .text.USBD_Start
                0x000000000800cc84       0x18 ./Middlewares/ST/STM32_USB_Device_Library/Core/Src/usbd_core.o
                0x000000000800cc84                USBD_Start
 .text.USBD_RunTestMode
                0x000000000800cc9c       0x16 ./Middlewares/ST/STM32_USB_Device_Library/Core/Src/usbd_core.o
                0x000000000800cc9c                USBD_RunTestMode
 .text.USBD_SetClassConfig
                0x000000000800ccb2       0x38 ./Middlewares/ST/STM32_USB_Device_Library/Core/Src/usbd_core.o
                0x000000000800ccb2                USBD_SetClassConfig
 .text.USBD_ClrClassConfig
                0x000000000800ccea       0x34 ./Middlewares/ST/STM32_USB_Device_Library/Core/Src/usbd_core.o
                0x000000000800ccea                USBD_ClrClassConfig
 .text.USBD_LL_SetupStage
                0x000000000800cd1e       0xaa ./Middlewares/ST/STM32_USB_Device_Library/Core/Src/usbd_core.o
                0x000000000800cd1e                USBD_LL_SetupStage
 .text.USBD_LL_DataOutStage
                0x000000000800cdc8      0x166 ./Middlewares/ST/STM32_USB_Device_Library/Core/Src/usbd_core.o
                0x000000000800cdc8                USBD_LL_DataOutStage
 .text.USBD_LL_DataInStage
                0x000000000800cf2e      0x164 ./Middlewares/ST/STM32_USB_Device_Library/Core/Src/usbd_core.o
                0x000000000800cf2e                USBD_LL_DataInStage
 .text.USBD_LL_Reset
                0x000000000800d092       0xa4 ./Middlewares/ST/STM32_USB_Device_Library/Core/Src/usbd_core.o
                0x000000000800d092                USBD_LL_Reset
 .text.USBD_LL_SetSpeed
                0x000000000800d136       0x20 ./Middlewares/ST/STM32_USB_Device_Library/Core/Src/usbd_core.o
                0x000000000800d136                USBD_LL_SetSpeed
 .text.USBD_LL_Suspend
                0x000000000800d156       0x2c ./Middlewares/ST/STM32_USB_Device_Library/Core/Src/usbd_core.o
                0x000000000800d156                USBD_LL_Suspend
 .text.USBD_LL_Resume
                0x000000000800d182       0x30 ./Middlewares/ST/STM32_USB_Device_Library/Core/Src/usbd_core.o
                0x000000000800d182                USBD_LL_Resume
 .text.USBD_LL_SOF
                0x000000000800d1b2       0x40 ./Middlewares/ST/STM32_USB_Device_Library/Core/Src/usbd_core.o
                0x000000000800d1b2                USBD_LL_SOF
 .text.USBD_LL_IsoINIncomplete
                0x000000000800d1f2       0x64 ./Middlewares/ST/STM32_USB_Device_Library/Core/Src/usbd_core.o
                0x000000000800d1f2                USBD_LL_IsoINIncomplete
 .text.USBD_LL_IsoOUTIncomplete
                0x000000000800d256       0x64 ./Middlewares/ST/STM32_USB_Device_Library/Core/Src/usbd_core.o
                0x000000000800d256                USBD_LL_IsoOUTIncomplete
 .text.USBD_LL_DevConnected
                0x000000000800d2ba       0x16 ./Middlewares/ST/STM32_USB_Device_Library/Core/Src/usbd_core.o
                0x000000000800d2ba                USBD_LL_DevConnected
 .text.USBD_LL_DevDisconnected
                0x000000000800d2d0       0x46 ./Middlewares/ST/STM32_USB_Device_Library/Core/Src/usbd_core.o
                0x000000000800d2d0                USBD_LL_DevDisconnected
 .text.USBD_CoreFindIF
                0x000000000800d316       0x1a ./Middlewares/ST/STM32_USB_Device_Library/Core/Src/usbd_core.o
                0x000000000800d316                USBD_CoreFindIF
 .text.USBD_CoreFindEP
                0x000000000800d330       0x1a ./Middlewares/ST/STM32_USB_Device_Library/Core/Src/usbd_core.o
                0x000000000800d330                USBD_CoreFindEP
 .text.USBD_GetEpDesc
                0x000000000800d34a       0x74 ./Middlewares/ST/STM32_USB_Device_Library/Core/Src/usbd_core.o
                0x000000000800d34a                USBD_GetEpDesc
 .text.USBD_GetNextDesc
                0x000000000800d3be       0x3a ./Middlewares/ST/STM32_USB_Device_Library/Core/Src/usbd_core.o
                0x000000000800d3be                USBD_GetNextDesc
 .text.SWAPBYTE
                0x000000000800d3f8       0x3c ./Middlewares/ST/STM32_USB_Device_Library/Core/Src/usbd_ctlreq.o
 .text.USBD_StdDevReq
                0x000000000800d434       0xe4 ./Middlewares/ST/STM32_USB_Device_Library/Core/Src/usbd_ctlreq.o
                0x000000000800d434                USBD_StdDevReq
 .text.USBD_StdItfReq
                0x000000000800d518       0xd8 ./Middlewares/ST/STM32_USB_Device_Library/Core/Src/usbd_ctlreq.o
                0x000000000800d518                USBD_StdItfReq
 .text.USBD_StdEPReq
                0x000000000800d5f0      0x33a ./Middlewares/ST/STM32_USB_Device_Library/Core/Src/usbd_ctlreq.o
                0x000000000800d5f0                USBD_StdEPReq
 *fill*         0x000000000800d92a        0x2 
 .text.USBD_GetDescriptor
                0x000000000800d92c      0x2d4 ./Middlewares/ST/STM32_USB_Device_Library/Core/Src/usbd_ctlreq.o
 .text.USBD_SetAddress
                0x000000000800dc00       0x88 ./Middlewares/ST/STM32_USB_Device_Library/Core/Src/usbd_ctlreq.o
 .text.USBD_SetConfig
                0x000000000800dc88      0x154 ./Middlewares/ST/STM32_USB_Device_Library/Core/Src/usbd_ctlreq.o
 .text.USBD_GetConfig
                0x000000000800dddc       0x6c ./Middlewares/ST/STM32_USB_Device_Library/Core/Src/usbd_ctlreq.o
 .text.USBD_GetStatus
                0x000000000800de48       0x68 ./Middlewares/ST/STM32_USB_Device_Library/Core/Src/usbd_ctlreq.o
 .text.USBD_SetFeature
                0x000000000800deb0       0x52 ./Middlewares/ST/STM32_USB_Device_Library/Core/Src/usbd_ctlreq.o
 .text.USBD_ClrFeature
                0x000000000800df02       0x44 ./Middlewares/ST/STM32_USB_Device_Library/Core/Src/usbd_ctlreq.o
 .text.USBD_ParseSetupRequest
                0x000000000800df46       0x74 ./Middlewares/ST/STM32_USB_Device_Library/Core/Src/usbd_ctlreq.o
                0x000000000800df46                USBD_ParseSetupRequest
 .text.USBD_CtlError
                0x000000000800dfba       0x22 ./Middlewares/ST/STM32_USB_Device_Library/Core/Src/usbd_ctlreq.o
                0x000000000800dfba                USBD_CtlError
 .text.USBD_GetString
                0x000000000800dfdc       0x8c ./Middlewares/ST/STM32_USB_Device_Library/Core/Src/usbd_ctlreq.o
                0x000000000800dfdc                USBD_GetString
 .text.USBD_GetLen
                0x000000000800e068       0x34 ./Middlewares/ST/STM32_USB_Device_Library/Core/Src/usbd_ctlreq.o
 .text.USBD_CtlSendData
                0x000000000800e09c       0x36 ./Middlewares/ST/STM32_USB_Device_Library/Core/Src/usbd_ioreq.o
                0x000000000800e09c                USBD_CtlSendData
 .text.USBD_CtlContinueSendData
                0x000000000800e0d2       0x22 ./Middlewares/ST/STM32_USB_Device_Library/Core/Src/usbd_ioreq.o
                0x000000000800e0d2                USBD_CtlContinueSendData
 .text.USBD_CtlPrepareRx
                0x000000000800e0f4       0x3a ./Middlewares/ST/STM32_USB_Device_Library/Core/Src/usbd_ioreq.o
                0x000000000800e0f4                USBD_CtlPrepareRx
 .text.USBD_CtlContinueRx
                0x000000000800e12e       0x22 ./Middlewares/ST/STM32_USB_Device_Library/Core/Src/usbd_ioreq.o
                0x000000000800e12e                USBD_CtlContinueRx
 .text.USBD_CtlSendStatus
                0x000000000800e150       0x26 ./Middlewares/ST/STM32_USB_Device_Library/Core/Src/usbd_ioreq.o
                0x000000000800e150                USBD_CtlSendStatus
 .text.USBD_CtlReceiveStatus
                0x000000000800e176       0x26 ./Middlewares/ST/STM32_USB_Device_Library/Core/Src/usbd_ioreq.o
                0x000000000800e176                USBD_CtlReceiveStatus
 .text.MX_USB_DEVICE_Init
                0x000000000800e19c       0x60 ./USB_DEVICE/App/usb_device.o
                0x000000000800e19c                MX_USB_DEVICE_Init
 .text.CDC_Init_FS
                0x000000000800e1fc       0x28 ./USB_DEVICE/App/usbd_cdc_if.o
 .text.CDC_DeInit_FS
                0x000000000800e224       0x10 ./USB_DEVICE/App/usbd_cdc_if.o
 .text.CDC_Control_FS
                0x000000000800e234       0xbc ./USB_DEVICE/App/usbd_cdc_if.o
 .text.CDC_Receive_FS
                0x000000000800e2f0       0x40 ./USB_DEVICE/App/usbd_cdc_if.o
 .text.CDC_Transmit_FS
                0x000000000800e330       0x4c ./USB_DEVICE/App/usbd_cdc_if.o
                0x000000000800e330                CDC_Transmit_FS
 .text.CDC_TransmitCplt_FS
                0x000000000800e37c       0x22 ./USB_DEVICE/App/usbd_cdc_if.o
 *fill*         0x000000000800e39e        0x2 
 .text.USBD_FS_DeviceDescriptor
                0x000000000800e3a0       0x24 ./USB_DEVICE/App/usbd_desc.o
                0x000000000800e3a0                USBD_FS_DeviceDescriptor
 .text.USBD_FS_LangIDStrDescriptor
                0x000000000800e3c4       0x24 ./USB_DEVICE/App/usbd_desc.o
                0x000000000800e3c4                USBD_FS_LangIDStrDescriptor
 .text.USBD_FS_ProductStrDescriptor
                0x000000000800e3e8       0x3c ./USB_DEVICE/App/usbd_desc.o
                0x000000000800e3e8                USBD_FS_ProductStrDescriptor
 .text.USBD_FS_ManufacturerStrDescriptor
                0x000000000800e424       0x28 ./USB_DEVICE/App/usbd_desc.o
                0x000000000800e424                USBD_FS_ManufacturerStrDescriptor
 .text.USBD_FS_SerialStrDescriptor
                0x000000000800e44c       0x24 ./USB_DEVICE/App/usbd_desc.o
                0x000000000800e44c                USBD_FS_SerialStrDescriptor
 .text.USBD_FS_ConfigStrDescriptor
                0x000000000800e470       0x3c ./USB_DEVICE/App/usbd_desc.o
                0x000000000800e470                USBD_FS_ConfigStrDescriptor
 .text.USBD_FS_InterfaceStrDescriptor
                0x000000000800e4ac       0x3c ./USB_DEVICE/App/usbd_desc.o
                0x000000000800e4ac                USBD_FS_InterfaceStrDescriptor
 .text.Get_SerialNum
                0x000000000800e4e8       0x58 ./USB_DEVICE/App/usbd_desc.o
 .text.IntToUnicode
                0x000000000800e540       0x7e ./USB_DEVICE/App/usbd_desc.o
 *fill*         0x000000000800e5be        0x2 
 .text.HAL_PCD_MspInit
                0x000000000800e5c0       0xa8 ./USB_DEVICE/Target/usbd_conf.o
                0x000000000800e5c0                HAL_PCD_MspInit
 .text.HAL_PCD_SetupStageCallback
                0x000000000800e668       0x24 ./USB_DEVICE/Target/usbd_conf.o
                0x000000000800e668                HAL_PCD_SetupStageCallback
 .text.HAL_PCD_DataOutStageCallback
                0x000000000800e68c       0x36 ./USB_DEVICE/Target/usbd_conf.o
                0x000000000800e68c                HAL_PCD_DataOutStageCallback
 .text.HAL_PCD_DataInStageCallback
                0x000000000800e6c2       0x34 ./USB_DEVICE/Target/usbd_conf.o
                0x000000000800e6c2                HAL_PCD_DataInStageCallback
 .text.HAL_PCD_SOFCallback
                0x000000000800e6f6       0x1c ./USB_DEVICE/Target/usbd_conf.o
                0x000000000800e6f6                HAL_PCD_SOFCallback
 .text.HAL_PCD_ResetCallback
                0x000000000800e712       0x50 ./USB_DEVICE/Target/usbd_conf.o
                0x000000000800e712                HAL_PCD_ResetCallback
 *fill*         0x000000000800e762        0x2 
 .text.HAL_PCD_SuspendCallback
                0x000000000800e764       0x4c ./USB_DEVICE/Target/usbd_conf.o
                0x000000000800e764                HAL_PCD_SuspendCallback
 .text.HAL_PCD_ResumeCallback
                0x000000000800e7b0       0x1c ./USB_DEVICE/Target/usbd_conf.o
                0x000000000800e7b0                HAL_PCD_ResumeCallback
 .text.HAL_PCD_ISOOUTIncompleteCallback
                0x000000000800e7cc       0x24 ./USB_DEVICE/Target/usbd_conf.o
                0x000000000800e7cc                HAL_PCD_ISOOUTIncompleteCallback
 .text.HAL_PCD_ISOINIncompleteCallback
                0x000000000800e7f0       0x24 ./USB_DEVICE/Target/usbd_conf.o
                0x000000000800e7f0                HAL_PCD_ISOINIncompleteCallback
 .text.HAL_PCD_ConnectCallback
                0x000000000800e814       0x1c ./USB_DEVICE/Target/usbd_conf.o
                0x000000000800e814                HAL_PCD_ConnectCallback
 .text.HAL_PCD_DisconnectCallback
                0x000000000800e830       0x1c ./USB_DEVICE/Target/usbd_conf.o
                0x000000000800e830                HAL_PCD_DisconnectCallback
 .text.USBD_LL_Init
                0x000000000800e84c       0x98 ./USB_DEVICE/Target/usbd_conf.o
                0x000000000800e84c                USBD_LL_Init
 .text.USBD_LL_Start
                0x000000000800e8e4       0x36 ./USB_DEVICE/Target/usbd_conf.o
                0x000000000800e8e4                USBD_LL_Start
 .text.USBD_LL_OpenEP
                0x000000000800e91a       0x4c ./USB_DEVICE/Target/usbd_conf.o
                0x000000000800e91a                USBD_LL_OpenEP
 .text.USBD_LL_CloseEP
                0x000000000800e966       0x3e ./USB_DEVICE/Target/usbd_conf.o
                0x000000000800e966                USBD_LL_CloseEP
 .text.USBD_LL_StallEP
                0x000000000800e9a4       0x3e ./USB_DEVICE/Target/usbd_conf.o
                0x000000000800e9a4                USBD_LL_StallEP
 .text.USBD_LL_ClearStallEP
                0x000000000800e9e2       0x3e ./USB_DEVICE/Target/usbd_conf.o
                0x000000000800e9e2                USBD_LL_ClearStallEP
 .text.USBD_LL_IsStallEP
                0x000000000800ea20       0x58 ./USB_DEVICE/Target/usbd_conf.o
                0x000000000800ea20                USBD_LL_IsStallEP
 .text.USBD_LL_SetUSBAddress
                0x000000000800ea78       0x3e ./USB_DEVICE/Target/usbd_conf.o
                0x000000000800ea78                USBD_LL_SetUSBAddress
 .text.USBD_LL_Transmit
                0x000000000800eab6       0x42 ./USB_DEVICE/Target/usbd_conf.o
                0x000000000800eab6                USBD_LL_Transmit
 .text.USBD_LL_PrepareReceive
                0x000000000800eaf8       0x42 ./USB_DEVICE/Target/usbd_conf.o
                0x000000000800eaf8                USBD_LL_PrepareReceive
 .text.USBD_LL_GetRxDataSize
                0x000000000800eb3a       0x26 ./USB_DEVICE/Target/usbd_conf.o
                0x000000000800eb3a                USBD_LL_GetRxDataSize
 .text.USBD_static_malloc
                0x000000000800eb60       0x1c ./USB_DEVICE/Target/usbd_conf.o
                0x000000000800eb60                USBD_static_malloc
 .text.USBD_static_free
                0x000000000800eb7c       0x14 ./USB_DEVICE/Target/usbd_conf.o
                0x000000000800eb7c                USBD_static_free
 .text.USBD_Get_USB_Status
                0x000000000800eb90       0x58 ./USB_DEVICE/Target/usbd_conf.o
                0x000000000800eb90                USBD_Get_USB_Status
 .text.__errno  0x000000000800ebe8        0xc c:/st/stm32cubeide_1.10.1/stm32cubeide/plugins/com.st.stm32cube.ide.mcu.externaltools.gnu-tools-for-stm32.10.3-2021.10.win32_1.0.0.202111181127/tools/bin/../lib/gcc/arm-none-eabi/10.3.1/../../../../arm-none-eabi/lib/thumb/v7e-m+fp/hard\libc_nano.a(lib_a-errno.o)
                0x000000000800ebe8                __errno
 .text.__libc_init_array
                0x000000000800ebf4       0x48 c:/st/stm32cubeide_1.10.1/stm32cubeide/plugins/com.st.stm32cube.ide.mcu.externaltools.gnu-tools-for-stm32.10.3-2021.10.win32_1.0.0.202111181127/tools/bin/../lib/gcc/arm-none-eabi/10.3.1/../../../../arm-none-eabi/lib/thumb/v7e-m+fp/hard\libc_nano.a(lib_a-init.o)
                0x000000000800ebf4                __libc_init_array
 .text.memcpy   0x000000000800ec3c       0x1c c:/st/stm32cubeide_1.10.1/stm32cubeide/plugins/com.st.stm32cube.ide.mcu.externaltools.gnu-tools-for-stm32.10.3-2021.10.win32_1.0.0.202111181127/tools/bin/../lib/gcc/arm-none-eabi/10.3.1/../../../../arm-none-eabi/lib/thumb/v7e-m+fp/hard\libc_nano.a(lib_a-memcpy-stub.o)
                0x000000000800ec3c                memcpy
 .text.memmove  0x000000000800ec58       0x34 c:/st/stm32cubeide_1.10.1/stm32cubeide/plugins/com.st.stm32cube.ide.mcu.externaltools.gnu-tools-for-stm32.10.3-2021.10.win32_1.0.0.202111181127/tools/bin/../lib/gcc/arm-none-eabi/10.3.1/../../../../arm-none-eabi/lib/thumb/v7e-m+fp/hard\libc_nano.a(lib_a-memmove.o)
                0x000000000800ec58                memmove
 .text.memset   0x000000000800ec8c       0x10 c:/st/stm32cubeide_1.10.1/stm32cubeide/plugins/com.st.stm32cube.ide.mcu.externaltools.gnu-tools-for-stm32.10.3-2021.10.win32_1.0.0.202111181127/tools/bin/../lib/gcc/arm-none-eabi/10.3.1/../../../../arm-none-eabi/lib/thumb/v7e-m+fp/hard\libc_nano.a(lib_a-memset.o)
                0x000000000800ec8c                memset
 .text.__cvt    0x000000000800ec9c       0xc4 c:/st/stm32cubeide_1.10.1/stm32cubeide/plugins/com.st.stm32cube.ide.mcu.externaltools.gnu-tools-for-stm32.10.3-2021.10.win32_1.0.0.202111181127/tools/bin/../lib/gcc/arm-none-eabi/10.3.1/../../../../arm-none-eabi/lib/thumb/v7e-m+fp/hard\libc_nano.a(lib_a-nano-vfprintf_float.o)
                0x000000000800ec9c                __cvt
 .text.__exponent
                0x000000000800ed60       0x7c c:/st/stm32cubeide_1.10.1/stm32cubeide/plugins/com.st.stm32cube.ide.mcu.externaltools.gnu-tools-for-stm32.10.3-2021.10.win32_1.0.0.202111181127/tools/bin/../lib/gcc/arm-none-eabi/10.3.1/../../../../arm-none-eabi/lib/thumb/v7e-m+fp/hard\libc_nano.a(lib_a-nano-vfprintf_float.o)
                0x000000000800ed60                __exponent
 .text._printf_float
                0x000000000800eddc      0x46c c:/st/stm32cubeide_1.10.1/stm32cubeide/plugins/com.st.stm32cube.ide.mcu.externaltools.gnu-tools-for-stm32.10.3-2021.10.win32_1.0.0.202111181127/tools/bin/../lib/gcc/arm-none-eabi/10.3.1/../../../../arm-none-eabi/lib/thumb/v7e-m+fp/hard\libc_nano.a(lib_a-nano-vfprintf_float.o)
                0x000000000800eddc                _printf_float
 .text._printf_common
                0x000000000800f248       0xda c:/st/stm32cubeide_1.10.1/stm32cubeide/plugins/com.st.stm32cube.ide.mcu.externaltools.gnu-tools-for-stm32.10.3-2021.10.win32_1.0.0.202111181127/tools/bin/../lib/gcc/arm-none-eabi/10.3.1/../../../../arm-none-eabi/lib/thumb/v7e-m+fp/hard\libc_nano.a(lib_a-nano-vfprintf_i.o)
                0x000000000800f248                _printf_common
 *fill*         0x000000000800f322        0x2 
 .text._printf_i
                0x000000000800f324      0x24c c:/st/stm32cubeide_1.10.1/stm32cubeide/plugins/com.st.stm32cube.ide.mcu.externaltools.gnu-tools-for-stm32.10.3-2021.10.win32_1.0.0.202111181127/tools/bin/../lib/gcc/arm-none-eabi/10.3.1/../../../../arm-none-eabi/lib/thumb/v7e-m+fp/hard\libc_nano.a(lib_a-nano-vfprintf_i.o)
                0x000000000800f324                _printf_i
 .text._scanf_float
                0x000000000800f570      0x420 c:/st/stm32cubeide_1.10.1/stm32cubeide/plugins/com.st.stm32cube.ide.mcu.externaltools.gnu-tools-for-stm32.10.3-2021.10.win32_1.0.0.202111181127/tools/bin/../lib/gcc/arm-none-eabi/10.3.1/../../../../arm-none-eabi/lib/thumb/v7e-m+fp/hard\libc_nano.a(lib_a-nano-vfscanf_float.o)
                0x000000000800f570                _scanf_float
 .text.printf   0x000000000800f990       0x30 c:/st/stm32cubeide_1.10.1/stm32cubeide/plugins/com.st.stm32cube.ide.mcu.externaltools.gnu-tools-for-stm32.10.3-2021.10.win32_1.0.0.202111181127/tools/bin/../lib/gcc/arm-none-eabi/10.3.1/../../../../arm-none-eabi/lib/thumb/v7e-m+fp/hard\libc_nano.a(lib_a-printf.o)
                0x000000000800f990                iprintf
                0x000000000800f990                printf
 .text._puts_r  0x000000000800f9c0       0xdc c:/st/stm32cubeide_1.10.1/stm32cubeide/plugins/com.st.stm32cube.ide.mcu.externaltools.gnu-tools-for-stm32.10.3-2021.10.win32_1.0.0.202111181127/tools/bin/../lib/gcc/arm-none-eabi/10.3.1/../../../../arm-none-eabi/lib/thumb/v7e-m+fp/hard\libc_nano.a(lib_a-puts.o)
                0x000000000800f9c0                _puts_r
 .text.puts     0x000000000800fa9c       0x10 c:/st/stm32cubeide_1.10.1/stm32cubeide/plugins/com.st.stm32cube.ide.mcu.externaltools.gnu-tools-for-stm32.10.3-2021.10.win32_1.0.0.202111181127/tools/bin/../lib/gcc/arm-none-eabi/10.3.1/../../../../arm-none-eabi/lib/thumb/v7e-m+fp/hard\libc_nano.a(lib_a-puts.o)
                0x000000000800fa9c                puts
 .text.nanf     0x000000000800faac        0xc c:/st/stm32cubeide_1.10.1/stm32cubeide/plugins/com.st.stm32cube.ide.mcu.externaltools.gnu-tools-for-stm32.10.3-2021.10.win32_1.0.0.202111181127/tools/bin/../lib/gcc/arm-none-eabi/10.3.1/../../../../arm-none-eabi/lib/thumb/v7e-m+fp/hard\libc_nano.a(lib_a-sf_nan.o)
                0x000000000800faac                nanf
 .text.snprintf
                0x000000000800fab8       0x68 c:/st/stm32cubeide_1.10.1/stm32cubeide/plugins/com.st.stm32cube.ide.mcu.externaltools.gnu-tools-for-stm32.10.3-2021.10.win32_1.0.0.202111181127/tools/bin/../lib/gcc/arm-none-eabi/10.3.1/../../../../arm-none-eabi/lib/thumb/v7e-m+fp/hard\libc_nano.a(lib_a-snprintf.o)
                0x000000000800fab8                sniprintf
                0x000000000800fab8                snprintf
 .text.sprintf  0x000000000800fb20       0x40 c:/st/stm32cubeide_1.10.1/stm32cubeide/plugins/com.st.stm32cube.ide.mcu.externaltools.gnu-tools-for-stm32.10.3-2021.10.win32_1.0.0.202111181127/tools/bin/../lib/gcc/arm-none-eabi/10.3.1/../../../../arm-none-eabi/lib/thumb/v7e-m+fp/hard\libc_nano.a(lib_a-sprintf.o)
                0x000000000800fb20                siprintf
                0x000000000800fb20                sprintf
 .text.sscanf   0x000000000800fb60       0x58 c:/st/stm32cubeide_1.10.1/stm32cubeide/plugins/com.st.stm32cube.ide.mcu.externaltools.gnu-tools-for-stm32.10.3-2021.10.win32_1.0.0.202111181127/tools/bin/../lib/gcc/arm-none-eabi/10.3.1/../../../../arm-none-eabi/lib/thumb/v7e-m+fp/hard\libc_nano.a(lib_a-sscanf.o)
                0x000000000800fb60                siscanf
                0x000000000800fb60                sscanf
 .text.__sread  0x000000000800fbb8       0x22 c:/st/stm32cubeide_1.10.1/stm32cubeide/plugins/com.st.stm32cube.ide.mcu.externaltools.gnu-tools-for-stm32.10.3-2021.10.win32_1.0.0.202111181127/tools/bin/../lib/gcc/arm-none-eabi/10.3.1/../../../../arm-none-eabi/lib/thumb/v7e-m+fp/hard\libc_nano.a(lib_a-stdio.o)
                0x000000000800fbb8                __sread
 .text.__seofread
                0x000000000800fbda        0x4 c:/st/stm32cubeide_1.10.1/stm32cubeide/plugins/com.st.stm32cube.ide.mcu.externaltools.gnu-tools-for-stm32.10.3-2021.10.win32_1.0.0.202111181127/tools/bin/../lib/gcc/arm-none-eabi/10.3.1/../../../../arm-none-eabi/lib/thumb/v7e-m+fp/hard\libc_nano.a(lib_a-stdio.o)
                0x000000000800fbda                __seofread
 .text.__swrite
                0x000000000800fbde       0x38 c:/st/stm32cubeide_1.10.1/stm32cubeide/plugins/com.st.stm32cube.ide.mcu.externaltools.gnu-tools-for-stm32.10.3-2021.10.win32_1.0.0.202111181127/tools/bin/../lib/gcc/arm-none-eabi/10.3.1/../../../../arm-none-eabi/lib/thumb/v7e-m+fp/hard\libc_nano.a(lib_a-stdio.o)
                0x000000000800fbde                __swrite
 .text.__sseek  0x000000000800fc16       0x24 c:/st/stm32cubeide_1.10.1/stm32cubeide/plugins/com.st.stm32cube.ide.mcu.externaltools.gnu-tools-for-stm32.10.3-2021.10.win32_1.0.0.202111181127/tools/bin/../lib/gcc/arm-none-eabi/10.3.1/../../../../arm-none-eabi/lib/thumb/v7e-m+fp/hard\libc_nano.a(lib_a-stdio.o)
                0x000000000800fc16                __sseek
 .text.__sclose
                0x000000000800fc3a        0x8 c:/st/stm32cubeide_1.10.1/stm32cubeide/plugins/com.st.stm32cube.ide.mcu.externaltools.gnu-tools-for-stm32.10.3-2021.10.win32_1.0.0.202111181127/tools/bin/../lib/gcc/arm-none-eabi/10.3.1/../../../../arm-none-eabi/lib/thumb/v7e-m+fp/hard\libc_nano.a(lib_a-stdio.o)
                0x000000000800fc3a                __sclose
 .text.strstr   0x000000000800fc42       0x2c c:/st/stm32cubeide_1.10.1/stm32cubeide/plugins/com.st.stm32cube.ide.mcu.externaltools.gnu-tools-for-stm32.10.3-2021.10.win32_1.0.0.202111181127/tools/bin/../lib/gcc/arm-none-eabi/10.3.1/../../../../arm-none-eabi/lib/thumb/v7e-m+fp/hard\libc_nano.a(lib_a-strstr.o)
                0x000000000800fc42                strstr
 .text.sulp     0x000000000800fc6e       0x38 c:/st/stm32cubeide_1.10.1/stm32cubeide/plugins/com.st.stm32cube.ide.mcu.externaltools.gnu-tools-for-stm32.10.3-2021.10.win32_1.0.0.202111181127/tools/bin/../lib/gcc/arm-none-eabi/10.3.1/../../../../arm-none-eabi/lib/thumb/v7e-m+fp/hard\libc_nano.a(lib_a-strtod.o)
 *fill*         0x000000000800fca6        0x2 
 .text._strtod_l
                0x000000000800fca8      0xc0c c:/st/stm32cubeide_1.10.1/stm32cubeide/plugins/com.st.stm32cube.ide.mcu.externaltools.gnu-tools-for-stm32.10.3-2021.10.win32_1.0.0.202111181127/tools/bin/../lib/gcc/arm-none-eabi/10.3.1/../../../../arm-none-eabi/lib/thumb/v7e-m+fp/hard\libc_nano.a(lib_a-strtod.o)
                0x000000000800fca8                _strtod_l
 .text._strtod_r
                0x00000000080108b4        0xc c:/st/stm32cubeide_1.10.1/stm32cubeide/plugins/com.st.stm32cube.ide.mcu.externaltools.gnu-tools-for-stm32.10.3-2021.10.win32_1.0.0.202111181127/tools/bin/../lib/gcc/arm-none-eabi/10.3.1/../../../../arm-none-eabi/lib/thumb/v7e-m+fp/hard\libc_nano.a(lib_a-strtod.o)
                0x00000000080108b4                _strtod_r
 .text._strtol_l.constprop.0
                0x00000000080108c0      0x104 c:/st/stm32cubeide_1.10.1/stm32cubeide/plugins/com.st.stm32cube.ide.mcu.externaltools.gnu-tools-for-stm32.10.3-2021.10.win32_1.0.0.202111181127/tools/bin/../lib/gcc/arm-none-eabi/10.3.1/../../../../arm-none-eabi/lib/thumb/v7e-m+fp/hard\libc_nano.a(lib_a-strtol.o)
 .text._strtol_r
                0x00000000080109c4        0x4 c:/st/stm32cubeide_1.10.1/stm32cubeide/plugins/com.st.stm32cube.ide.mcu.externaltools.gnu-tools-for-stm32.10.3-2021.10.win32_1.0.0.202111181127/tools/bin/../lib/gcc/arm-none-eabi/10.3.1/../../../../arm-none-eabi/lib/thumb/v7e-m+fp/hard\libc_nano.a(lib_a-strtol.o)
                0x00000000080109c4                _strtol_r
 .text.__swbuf_r
                0x00000000080109c8       0xa4 c:/st/stm32cubeide_1.10.1/stm32cubeide/plugins/com.st.stm32cube.ide.mcu.externaltools.gnu-tools-for-stm32.10.3-2021.10.win32_1.0.0.202111181127/tools/bin/../lib/gcc/arm-none-eabi/10.3.1/../../../../arm-none-eabi/lib/thumb/v7e-m+fp/hard\libc_nano.a(lib_a-wbuf.o)
                0x00000000080109c8                __swbuf_r
 .text._write_r
                0x0000000008010a6c       0x24 c:/st/stm32cubeide_1.10.1/stm32cubeide/plugins/com.st.stm32cube.ide.mcu.externaltools.gnu-tools-for-stm32.10.3-2021.10.win32_1.0.0.202111181127/tools/bin/../lib/gcc/arm-none-eabi/10.3.1/../../../../arm-none-eabi/lib/thumb/v7e-m+fp/hard\libc_nano.a(lib_a-writer.o)
                0x0000000008010a6c                _write_r
 .text.__swsetup_r
                0x0000000008010a90       0xdc c:/st/stm32cubeide_1.10.1/stm32cubeide/plugins/com.st.stm32cube.ide.mcu.externaltools.gnu-tools-for-stm32.10.3-2021.10.win32_1.0.0.202111181127/tools/bin/../lib/gcc/arm-none-eabi/10.3.1/../../../../arm-none-eabi/lib/thumb/v7e-m+fp/hard\libc_nano.a(lib_a-wsetup.o)
                0x0000000008010a90                __swsetup_r
 .text._close_r
                0x0000000008010b6c       0x20 c:/st/stm32cubeide_1.10.1/stm32cubeide/plugins/com.st.stm32cube.ide.mcu.externaltools.gnu-tools-for-stm32.10.3-2021.10.win32_1.0.0.202111181127/tools/bin/../lib/gcc/arm-none-eabi/10.3.1/../../../../arm-none-eabi/lib/thumb/v7e-m+fp/hard\libc_nano.a(lib_a-closer.o)
                0x0000000008010b6c                _close_r
 .text.quorem   0x0000000008010b8c      0x116 c:/st/stm32cubeide_1.10.1/stm32cubeide/plugins/com.st.stm32cube.ide.mcu.externaltools.gnu-tools-for-stm32.10.3-2021.10.win32_1.0.0.202111181127/tools/bin/../lib/gcc/arm-none-eabi/10.3.1/../../../../arm-none-eabi/lib/thumb/v7e-m+fp/hard\libc_nano.a(lib_a-dtoa.o)
 *fill*         0x0000000008010ca2        0x6 
 .text._dtoa_r  0x0000000008010ca8      0xbdc c:/st/stm32cubeide_1.10.1/stm32cubeide/plugins/com.st.stm32cube.ide.mcu.externaltools.gnu-tools-for-stm32.10.3-2021.10.win32_1.0.0.202111181127/tools/bin/../lib/gcc/arm-none-eabi/10.3.1/../../../../arm-none-eabi/lib/thumb/v7e-m+fp/hard\libc_nano.a(lib_a-dtoa.o)
                0x0000000008010ca8                _dtoa_r
 .text.__sflush_r
                0x0000000008011884      0x10c c:/st/stm32cubeide_1.10.1/stm32cubeide/plugins/com.st.stm32cube.ide.mcu.externaltools.gnu-tools-for-stm32.10.3-2021.10.win32_1.0.0.202111181127/tools/bin/../lib/gcc/arm-none-eabi/10.3.1/../../../../arm-none-eabi/lib/thumb/v7e-m+fp/hard\libc_nano.a(lib_a-fflush.o)
                0x0000000008011884                __sflush_r
 .text._fflush_r
                0x0000000008011990       0x78 c:/st/stm32cubeide_1.10.1/stm32cubeide/plugins/com.st.stm32cube.ide.mcu.externaltools.gnu-tools-for-stm32.10.3-2021.10.win32_1.0.0.202111181127/tools/bin/../lib/gcc/arm-none-eabi/10.3.1/../../../../arm-none-eabi/lib/thumb/v7e-m+fp/hard\libc_nano.a(lib_a-fflush.o)
                0x0000000008011990                _fflush_r
 .text.std      0x0000000008011a08       0x48 c:/st/stm32cubeide_1.10.1/stm32cubeide/plugins/com.st.stm32cube.ide.mcu.externaltools.gnu-tools-for-stm32.10.3-2021.10.win32_1.0.0.202111181127/tools/bin/../lib/gcc/arm-none-eabi/10.3.1/../../../../arm-none-eabi/lib/thumb/v7e-m+fp/hard\libc_nano.a(lib_a-findfp.o)
 .text._cleanup_r
                0x0000000008011a50        0xc c:/st/stm32cubeide_1.10.1/stm32cubeide/plugins/com.st.stm32cube.ide.mcu.externaltools.gnu-tools-for-stm32.10.3-2021.10.win32_1.0.0.202111181127/tools/bin/../lib/gcc/arm-none-eabi/10.3.1/../../../../arm-none-eabi/lib/thumb/v7e-m+fp/hard\libc_nano.a(lib_a-findfp.o)
                0x0000000008011a50                _cleanup_r
 .text.__sfmoreglue
                0x0000000008011a5c       0x2c c:/st/stm32cubeide_1.10.1/stm32cubeide/plugins/com.st.stm32cube.ide.mcu.externaltools.gnu-tools-for-stm32.10.3-2021.10.win32_1.0.0.202111181127/tools/bin/../lib/gcc/arm-none-eabi/10.3.1/../../../../arm-none-eabi/lib/thumb/v7e-m+fp/hard\libc_nano.a(lib_a-findfp.o)
                0x0000000008011a5c                __sfmoreglue
 .text.__sfp_lock_acquire
                0x0000000008011a88        0xc c:/st/stm32cubeide_1.10.1/stm32cubeide/plugins/com.st.stm32cube.ide.mcu.externaltools.gnu-tools-for-stm32.10.3-2021.10.win32_1.0.0.202111181127/tools/bin/../lib/gcc/arm-none-eabi/10.3.1/../../../../arm-none-eabi/lib/thumb/v7e-m+fp/hard\libc_nano.a(lib_a-findfp.o)
                0x0000000008011a88                __sfp_lock_acquire
 .text.__sfp_lock_release
                0x0000000008011a94        0xc c:/st/stm32cubeide_1.10.1/stm32cubeide/plugins/com.st.stm32cube.ide.mcu.externaltools.gnu-tools-for-stm32.10.3-2021.10.win32_1.0.0.202111181127/tools/bin/../lib/gcc/arm-none-eabi/10.3.1/../../../../arm-none-eabi/lib/thumb/v7e-m+fp/hard\libc_nano.a(lib_a-findfp.o)
                0x0000000008011a94                __sfp_lock_release
 .text.__sinit_lock_acquire
                0x0000000008011aa0        0xc c:/st/stm32cubeide_1.10.1/stm32cubeide/plugins/com.st.stm32cube.ide.mcu.externaltools.gnu-tools-for-stm32.10.3-2021.10.win32_1.0.0.202111181127/tools/bin/../lib/gcc/arm-none-eabi/10.3.1/../../../../arm-none-eabi/lib/thumb/v7e-m+fp/hard\libc_nano.a(lib_a-findfp.o)
                0x0000000008011aa0                __sinit_lock_acquire
 .text.__sinit_lock_release
                0x0000000008011aac        0xc c:/st/stm32cubeide_1.10.1/stm32cubeide/plugins/com.st.stm32cube.ide.mcu.externaltools.gnu-tools-for-stm32.10.3-2021.10.win32_1.0.0.202111181127/tools/bin/../lib/gcc/arm-none-eabi/10.3.1/../../../../arm-none-eabi/lib/thumb/v7e-m+fp/hard\libc_nano.a(lib_a-findfp.o)
                0x0000000008011aac                __sinit_lock_release
 .text.__sinit  0x0000000008011ab8       0x70 c:/st/stm32cubeide_1.10.1/stm32cubeide/plugins/com.st.stm32cube.ide.mcu.externaltools.gnu-tools-for-stm32.10.3-2021.10.win32_1.0.0.202111181127/tools/bin/../lib/gcc/arm-none-eabi/10.3.1/../../../../arm-none-eabi/lib/thumb/v7e-m+fp/hard\libc_nano.a(lib_a-findfp.o)
                0x0000000008011ab8                __sinit