../Core/Src/DAC.c:62:6:DAC_Initialize	16	static
../Core/Src/DAC.c:70:6:Set_Config	32	static
../Core/Src/DAC.c:106:10:Get_Config	24	static
../Core/Src/DAC.c:115:6:Ramp_DACs	32	static
../Core/Src/DAC.c:132:6:Send_Command	24	static
../Core/Src/DAC.c:145:6:Recieve_Data	32	static
../Core/Src/DAC.c:160:6:Set_DAC_Value	24	static
../Core/Src/DAC.c:176:6:Set_DAC_Max	24	static
../Core/Src/DAC.c:182:6:Set_DAC_Min	24	static
../Core/Src/DAC.c:194:6:Set_DAC_Zero	24	static
../Core/Src/DAC.c:211:6:Set_DAC_Gain	24	static
../Core/Src/DAC.c:226:6:Set_All_DACs_to_Zero	24	static
../Core/Src/DAC.c:242:6:Get_DAC_Value	32	static
../Core/Src/DAC.c:264:6:Set_OffsetA_Reg	24	static
../Core/Src/DAC.c:276:6:Set_OffsetB_Reg	24	static
../Core/Src/DAC.c:285:6:Get_OffsetA_Reg	24	static
../Core/Src/DAC.c:300:6:Get_OffsetB_Reg	24	static
../Core/Src/DAC.c:315:6:Get_DAC_Zero	32	static
../Core/Src/DAC.c:336:6:Get_DAC_Gain	32	static
../Core/Src/DAC.c:364:6:Set_Offset	24	static
../Core/Src/DAC.c:375:6:Read_All_Registers	32	static
../Core/Src/DAC.c:396:6:Set_nWakeUp_high	16	static
../Core/Src/DAC.c:408:6:Get_nWakeUp	16	static
../Core/Src/DAC.c:416:6:Set_nLDAC_high	16	static
../Core/Src/DAC.c:427:6:Get_nLDAC	16	static
../Core/Src/DAC.c:435:6:Set_nCLR_high	16	static
../Core/Src/DAC.c:446:6:Get_nCLR	16	static
../Core/Src/DAC.c:454:6:Set_nRST_high	16	static
../Core/Src/DAC.c:466:6:Get_nRST	16	static
../Core/Src/DAC.c:474:6:Set_nCS_high	16	static
../Core/Src/DAC.c:486:6:Get_nCS	16	static
../Core/Src/DAC.c:493:6:Hardware_Reset	16	static
../Core/Src/DAC.c:505:6:Syncronous_Update	8	static
../Core/Src/DAC.c:514:6:Set_Max_Peak_To_Peak_Voltage	16	static
../Core/Src/DAC.c:527:6:Set_Voltage_Peak_to_Peak	32	static
