../Core/Src/DAC.c:62:6:DAC_Initialize	16	static
../Core/Src/DAC.c:69:6:Set_Config	32	static
../Core/Src/DAC.c:105:10:Get_Config	24	static
../Core/Src/DAC.c:114:6:Ramp_DACs	32	static
../Core/Src/DAC.c:131:6:Send_Command	24	static
../Core/Src/DAC.c:144:6:Recieve_Data	32	static
../Core/Src/DAC.c:159:6:Set_DAC_Value	24	static
../Core/Src/DAC.c:175:6:Set_DAC_Max	24	static
../Core/Src/DAC.c:181:6:Set_DAC_Min	24	static
../Core/Src/DAC.c:193:6:Set_DAC_Zero	24	static
../Core/Src/DAC.c:210:6:Set_DAC_Gain	24	static
../Core/Src/DAC.c:225:6:Set_All_DACs_to_Zero	24	static
../Core/Src/DAC.c:241:6:Get_DAC_Value	32	static
../Core/Src/DAC.c:263:6:Set_OffsetA_Reg	24	static
../Core/Src/DAC.c:275:6:Set_OffsetB_Reg	24	static
../Core/Src/DAC.c:284:6:Get_OffsetA_Reg	24	static
../Core/Src/DAC.c:299:6:Get_OffsetB_Reg	24	static
../Core/Src/DAC.c:314:6:Get_DAC_Zero	32	static
../Core/Src/DAC.c:335:6:Get_DAC_Gain	32	static
../Core/Src/DAC.c:363:6:Set_Offset	24	static
../Core/Src/DAC.c:374:6:Read_All_Registers	32	static
../Core/Src/DAC.c:395:6:Set_nWakeUp_high	16	static
../Core/Src/DAC.c:407:6:Get_nWakeUp	16	static
../Core/Src/DAC.c:415:6:Set_nLDAC_high	16	static
../Core/Src/DAC.c:426:6:Get_nLDAC	16	static
../Core/Src/DAC.c:434:6:Set_nCLR_high	16	static
../Core/Src/DAC.c:445:6:Get_nCLR	16	static
../Core/Src/DAC.c:453:6:Set_nRST_high	16	static
../Core/Src/DAC.c:465:6:Get_nRST	16	static
../Core/Src/DAC.c:473:6:Set_nCS_high	16	static
../Core/Src/DAC.c:485:6:Get_nCS	16	static
../Core/Src/DAC.c:492:6:Hardware_Reset	16	static
../Core/Src/DAC.c:504:6:Syncronous_Update	8	static
../Core/Src/DAC.c:513:6:Set_Max_Peak_To_Peak_Voltage	16	static
../Core/Src/DAC.c:526:6:Set_Voltage_Peak_to_Peak	32	static
