../Core/Src/DAC.c:62:6:DAC_InitStruct	24	static
../Core/Src/DAC.c:80:6:Set_Config	32	static
../Core/Src/DAC.c:116:10:Get_Config	24	static
../Core/Src/DAC.c:125:6:Ramp_DACs	32	static
../Core/Src/DAC.c:142:6:Send_Command	24	static
../Core/Src/DAC.c:155:6:Recieve_Data	32	static
../Core/Src/DAC.c:170:6:Set_DAC_Value	24	static
../Core/Src/DAC.c:186:6:Set_DAC_Max	24	static
../Core/Src/DAC.c:192:6:Set_DAC_Min	24	static
../Core/Src/DAC.c:204:6:Set_DAC_Zero	24	static
../Core/Src/DAC.c:221:6:Set_DAC_Gain	24	static
../Core/Src/DAC.c:236:6:Set_All_DACs_to_Zero	24	static
../Core/Src/DAC.c:252:6:Get_DAC_Value	32	static
../Core/Src/DAC.c:274:6:Set_OffsetA_Reg	24	static
../Core/Src/DAC.c:286:6:Set_OffsetB_Reg	24	static
../Core/Src/DAC.c:295:6:Get_OffsetA_Reg	24	static
../Core/Src/DAC.c:310:6:Get_OffsetB_Reg	24	static
../Core/Src/DAC.c:325:6:Get_DAC_Zero	32	static
../Core/Src/DAC.c:346:6:Get_DAC_Gain	32	static
../Core/Src/DAC.c:374:6:Set_Offset	24	static
../Core/Src/DAC.c:385:6:Read_All_Registers	32	static
../Core/Src/DAC.c:406:6:Set_nWakeUp_high	16	static
../Core/Src/DAC.c:418:6:Get_nWakeUp	16	static
../Core/Src/DAC.c:426:6:Set_nLDAC_high	16	static
../Core/Src/DAC.c:437:6:Get_nLDAC	16	static
../Core/Src/DAC.c:445:6:Set_nCLR_high	16	static
../Core/Src/DAC.c:456:6:Get_nCLR	16	static
../Core/Src/DAC.c:464:6:Set_nRST_high	16	static
../Core/Src/DAC.c:476:6:Get_nRST	16	static
../Core/Src/DAC.c:484:6:Set_nCS_high	16	static
../Core/Src/DAC.c:496:6:Get_nCS	16	static
../Core/Src/DAC.c:503:6:Hardware_Reset	16	static
../Core/Src/DAC.c:515:6:Syncronous_Update	8	static
../Core/Src/DAC.c:524:6:Set_Max_Peak_To_Peak_Voltage	16	static
../Core/Src/DAC.c:537:6:Set_Voltage_Peak_to_Peak	32	static
