../Core/Src/DAC.c:63:6:Set_Config	32	static
../Core/Src/DAC.c:90:10:Get_Config	24	static
../Core/Src/DAC.c:99:6:Ramp_DACs	32	static
../Core/Src/DAC.c:116:6:Send_Command	24	static
../Core/Src/DAC.c:129:6:Recieve_Data	32	static
../Core/Src/DAC.c:144:6:Set_DAC_Value	24	static
../Core/Src/DAC.c:162:6:Set_DAC_Max	24	static
../Core/Src/DAC.c:168:6:Set_DAC_Min	24	static
../Core/Src/DAC.c:180:6:Set_DAC_Zero	24	static
../Core/Src/DAC.c:197:6:Set_DAC_Gain	24	static
../Core/Src/DAC.c:212:6:Set_All_DACs_to_Zero	24	static
../Core/Src/DAC.c:228:6:Get_DAC_Value	32	static
../Core/Src/DAC.c:250:6:Set_OffsetA_Reg	24	static
../Core/Src/DAC.c:263:6:Set_OffsetB_Reg	24	static
../Core/Src/DAC.c:273:6:Get_OffsetA_Reg	24	static
../Core/Src/DAC.c:288:6:Get_OffsetB_Reg	24	static
../Core/Src/DAC.c:303:6:Get_DAC_Zero	32	static
../Core/Src/DAC.c:324:6:Get_DAC_Gain	32	static
../Core/Src/DAC.c:342:6:Setup_DAC	8	static
../Core/Src/DAC.c:352:6:Set_Offset	24	static
../Core/Src/DAC.c:363:6:Read_All_Registers	32	static
../Core/Src/DAC.c:384:6:Set_nWakeUp_high	16	static
../Core/Src/DAC.c:396:6:Get_nWakeUp	16	static
../Core/Src/DAC.c:404:6:Set_nLDAC_high	16	static
../Core/Src/DAC.c:415:6:Get_nLDAC	16	static
../Core/Src/DAC.c:423:6:Set_nCLR_high	16	static
../Core/Src/DAC.c:434:6:Get_nCLR	16	static
../Core/Src/DAC.c:442:6:Set_nRST_high	16	static
../Core/Src/DAC.c:454:6:Get_nRST	16	static
../Core/Src/DAC.c:462:6:Set_nCS_high	16	static
../Core/Src/DAC.c:474:6:Get_nCS	16	static
../Core/Src/DAC.c:481:6:Hardware_Reset	8	static
../Core/Src/DAC.c:490:6:Syncronous_Update	8	static
../Core/Src/DAC.c:497:6:Set_Voltage_Peak_to_Peak	24	static
