../Core/Src/DAC_Unit_Test.c:8:9:unit_test_Default_Values	32	static
../Core/Src/DAC_Unit_Test.c:30:9:unit_test_Config_Register_Default	24	static
../Core/Src/DAC_Unit_Test.c:36:9:unit_test_ANALOG_MONITOR_SELECT_Register_Default	24	static
../Core/Src/DAC_Unit_Test.c:42:9:unit_test_GPIO_Register_Default	24	static
../Core/Src/DAC_Unit_Test.c:48:9:unit_test_OFFSET_A_Default	24	static
../Core/Src/DAC_Unit_Test.c:53:9:unit_test_OFFSET_B_Default	24	static
../Core/Src/DAC_Unit_Test.c:59:9:unit_test_SPI_MODE_Default	24	static
../Core/Src/DAC_Unit_Test.c:65:9:unit_test_BROADCAST_Default	24	static
../Core/Src/DAC_Unit_Test.c:71:9:unit_test_DAC_0_Default	24	static
../Core/Src/DAC_Unit_Test.c:77:9:unit_test_DAC_1_Default	24	static
../Core/Src/DAC_Unit_Test.c:83:9:unit_test_DAC_2_Default	24	static
../Core/Src/DAC_Unit_Test.c:89:9:unit_test_DAC_3_Default	24	static
../Core/Src/DAC_Unit_Test.c:95:9:unit_test_DAC_4_Default	24	static
../Core/Src/DAC_Unit_Test.c:101:9:unit_test_DAC_5_Default	24	static
../Core/Src/DAC_Unit_Test.c:107:9:unit_test_DAC_6_Default	24	static
../Core/Src/DAC_Unit_Test.c:113:9:unit_test_DAC_7_Default	24	static
../Core/Src/DAC_Unit_Test.c:119:9:unit_test_ZERO_0_Default	24	static
../Core/Src/DAC_Unit_Test.c:125:9:unit_test_ZERO_1_Default	24	static
../Core/Src/DAC_Unit_Test.c:131:9:unit_test_ZERO_2_Default	24	static
../Core/Src/DAC_Unit_Test.c:137:9:unit_test_ZERO_3_Default	24	static
../Core/Src/DAC_Unit_Test.c:143:9:unit_test_ZERO_4_Default	24	static
../Core/Src/DAC_Unit_Test.c:149:9:unit_test_ZERO_5_Default	24	static
../Core/Src/DAC_Unit_Test.c:155:9:unit_test_ZERO_6_Default	24	static
../Core/Src/DAC_Unit_Test.c:161:9:unit_test_ZERO_7_Default	24	static
../Core/Src/DAC_Unit_Test.c:167:9:unit_test_GAIN_0_Default	24	static
../Core/Src/DAC_Unit_Test.c:173:9:unit_test_GAIN_1_Default	24	static
../Core/Src/DAC_Unit_Test.c:179:9:unit_test_GAIN_2_Default	24	static
../Core/Src/DAC_Unit_Test.c:185:9:unit_test_GAIN_3_Default	24	static
../Core/Src/DAC_Unit_Test.c:191:9:unit_test_GAIN_4_Default	24	static
../Core/Src/DAC_Unit_Test.c:197:9:unit_test_GAIN_5_Default	24	static
../Core/Src/DAC_Unit_Test.c:203:9:unit_test_GAIN_6_Default	24	static
../Core/Src/DAC_Unit_Test.c:209:9:unit_test_GAIN_7_Default	24	static
../Core/Src/DAC_Unit_Test.c:215:9:unit_test_Default_Values_All_Registers	24	static
