../Drivers/CMSIS/Include/core_cm4.h:2064:26:ITM_SendChar	16	static,ignoring_inline_asm
../Core/Src/main.c:112:6:HAL_TIM_PeriodElapsedCallback	24	static
../Core/Src/main.c:185:5:main	72	static
../Core/Src/main.c:331:6:SystemClock_Config	88	static
../Core/Src/main.c:377:13:MX_ADC1_Init	24	static
../Core/Src/main.c:429:13:MX_I2C1_Init	8	static
../Core/Src/main.c:477:13:MX_SPI4_Init	8	static
../Core/Src/main.c:515:13:MX_TIM2_Init	32	static
../Core/Src/main.c:560:13:MX_TIM3_Init	32	static
../Core/Src/main.c:605:13:MX_TIM4_Init	32	static
../Core/Src/main.c:650:13:MX_GPIO_Init	56	static
../Core/Src/main.c:753:5:_write	40	static
../Core/Src/main.c:776:6:Error_Handler	4	static,ignoring_inline_asm
