../Drivers/CMSIS/Include/core_cm4.h:2064:26:ITM_SendChar	16	static,ignoring_inline_asm
../Core/Src/main.c:109:6:HAL_TIM_PeriodElapsedCallback	24	static
../Core/Src/main.c:178:5:main	72	static
../Core/Src/main.c:309:6:SystemClock_Config	88	static
../Core/Src/main.c:355:13:MX_I2C1_Init	8	static
../Core/Src/main.c:403:13:MX_SPI4_Init	8	static
../Core/Src/main.c:441:13:MX_TIM2_Init	32	static
../Core/Src/main.c:486:13:MX_TIM4_Init	32	static
../Core/Src/main.c:531:13:MX_TIM6_Init	16	static
../Core/Src/main.c:569:13:MX_GPIO_Init	56	static
../Core/Src/main.c:678:5:_write	40	static
../Core/Src/main.c:701:6:Error_Handler	4	static,ignoring_inline_asm
