Archive member included to satisfy reference by file (symbol)

c:/st/stm32cubeide_1.12.0/stm32cubeide/plugins/com.st.stm32cube.ide.mcu.externaltools.gnu-tools-for-stm32.10.3-2021.10.win32_1.0.200.202301161003/tools/bin/../lib/gcc/arm-none-eabi/10.3.1/../../../../arm-none-eabi/lib/thumb/v7e-m+fp/hard\libc_nano.a(lib_a-ctype_.o)
                              ./Core/Src/UI.o (_ctype_)
c:/st/stm32cubeide_1.12.0/stm32cubeide/plugins/com.st.stm32cube.ide.mcu.externaltools.gnu-tools-for-stm32.10.3-2021.10.win32_1.0.200.202301161003/tools/bin/../lib/gcc/arm-none-eabi/10.3.1/../../../../arm-none-eabi/lib/thumb/v7e-m+fp/hard\libc_nano.a(lib_a-errno.o)
                              ./Core/Src/syscalls.o (__errno)
c:/st/stm32cubeide_1.12.0/stm32cubeide/plugins/com.st.stm32cube.ide.mcu.externaltools.gnu-tools-for-stm32.10.3-2021.10.win32_1.0.200.202301161003/tools/bin/../lib/gcc/arm-none-eabi/10.3.1/../../../../arm-none-eabi/lib/thumb/v7e-m+fp/hard\libc_nano.a(lib_a-exit.o)
                              c:/st/stm32cubeide_1.12.0/stm32cubeide/plugins/com.st.stm32cube.ide.mcu.externaltools.gnu-tools-for-stm32.10.3-2021.10.win32_1.0.200.202301161003/tools/bin/../lib/gcc/arm-none-eabi/10.3.1/../../../../arm-none-eabi/lib/thumb/v7e-m+fp/hard/crt0.o (exit)
c:/st/stm32cubeide_1.12.0/stm32cubeide/plugins/com.st.stm32cube.ide.mcu.externaltools.gnu-tools-for-stm32.10.3-2021.10.win32_1.0.200.202301161003/tools/bin/../lib/gcc/arm-none-eabi/10.3.1/../../../../arm-none-eabi/lib/thumb/v7e-m+fp/hard\libc_nano.a(lib_a-impure.o)
                              c:/st/stm32cubeide_1.12.0/stm32cubeide/plugins/com.st.stm32cube.ide.mcu.externaltools.gnu-tools-for-stm32.10.3-2021.10.win32_1.0.200.202301161003/tools/bin/../lib/gcc/arm-none-eabi/10.3.1/../../../../arm-none-eabi/lib/thumb/v7e-m+fp/hard\libc_nano.a(lib_a-exit.o) (_global_impure_ptr)
c:/st/stm32cubeide_1.12.0/stm32cubeide/plugins/com.st.stm32cube.ide.mcu.externaltools.gnu-tools-for-stm32.10.3-2021.10.win32_1.0.200.202301161003/tools/bin/../lib/gcc/arm-none-eabi/10.3.1/../../../../arm-none-eabi/lib/thumb/v7e-m+fp/hard\libc_nano.a(lib_a-init.o)
                              c:/st/stm32cubeide_1.12.0/stm32cubeide/plugins/com.st.stm32cube.ide.mcu.externaltools.gnu-tools-for-stm32.10.3-2021.10.win32_1.0.200.202301161003/tools/bin/../lib/gcc/arm-none-eabi/10.3.1/../../../../arm-none-eabi/lib/thumb/v7e-m+fp/hard/crt0.o (__libc_init_array)
c:/st/stm32cubeide_1.12.0/stm32cubeide/plugins/com.st.stm32cube.ide.mcu.externaltools.gnu-tools-for-stm32.10.3-2021.10.win32_1.0.200.202301161003/tools/bin/../lib/gcc/arm-none-eabi/10.3.1/../../../../arm-none-eabi/lib/thumb/v7e-m+fp/hard\libc_nano.a(lib_a-memcpy-stub.o)
                              ./Core/Src/Compensator.o (memcpy)
c:/st/stm32cubeide_1.12.0/stm32cubeide/plugins/com.st.stm32cube.ide.mcu.externaltools.gnu-tools-for-stm32.10.3-2021.10.win32_1.0.200.202301161003/tools/bin/../lib/gcc/arm-none-eabi/10.3.1/../../../../arm-none-eabi/lib/thumb/v7e-m+fp/hard\libc_nano.a(lib_a-memmove.o)
                              ./Core/Src/PID.o (memmove)
c:/st/stm32cubeide_1.12.0/stm32cubeide/plugins/com.st.stm32cube.ide.mcu.externaltools.gnu-tools-for-stm32.10.3-2021.10.win32_1.0.200.202301161003/tools/bin/../lib/gcc/arm-none-eabi/10.3.1/../../../../arm-none-eabi/lib/thumb/v7e-m+fp/hard\libc_nano.a(lib_a-memset.o)
                              c:/st/stm32cubeide_1.12.0/stm32cubeide/plugins/com.st.stm32cube.ide.mcu.externaltools.gnu-tools-for-stm32.10.3-2021.10.win32_1.0.200.202301161003/tools/bin/../lib/gcc/arm-none-eabi/10.3.1/../../../../arm-none-eabi/lib/thumb/v7e-m+fp/hard/crt0.o (memset)
c:/st/stm32cubeide_1.12.0/stm32cubeide/plugins/com.st.stm32cube.ide.mcu.externaltools.gnu-tools-for-stm32.10.3-2021.10.win32_1.0.200.202301161003/tools/bin/../lib/gcc/arm-none-eabi/10.3.1/../../../../arm-none-eabi/lib/thumb/v7e-m+fp/hard\libc_nano.a(lib_a-printf.o)
                              ./Core/Src/Controller.o (printf)
c:/st/stm32cubeide_1.12.0/stm32cubeide/plugins/com.st.stm32cube.ide.mcu.externaltools.gnu-tools-for-stm32.10.3-2021.10.win32_1.0.200.202301161003/tools/bin/../lib/gcc/arm-none-eabi/10.3.1/../../../../arm-none-eabi/lib/thumb/v7e-m+fp/hard\libc_nano.a(lib_a-puts.o)
                              ./Core/Src/DAC_Unit_Test.o (puts)
c:/st/stm32cubeide_1.12.0/stm32cubeide/plugins/com.st.stm32cube.ide.mcu.externaltools.gnu-tools-for-stm32.10.3-2021.10.win32_1.0.200.202301161003/tools/bin/../lib/gcc/arm-none-eabi/10.3.1/../../../../arm-none-eabi/lib/thumb/v7e-m+fp/hard\libc_nano.a(lib_a-snprintf.o)
                              ./Core/Src/UI.o (snprintf)
c:/st/stm32cubeide_1.12.0/stm32cubeide/plugins/com.st.stm32cube.ide.mcu.externaltools.gnu-tools-for-stm32.10.3-2021.10.win32_1.0.200.202301161003/tools/bin/../lib/gcc/arm-none-eabi/10.3.1/../../../../arm-none-eabi/lib/thumb/v7e-m+fp/hard\libc_nano.a(lib_a-sprintf.o)
                              ./Core/Src/UI.o (sprintf)
[...]
Memory Configuration

Name             Origin             Length             Attributes
CCMRAM           0x0000000010000000 0x0000000000010000 xrw
RAM              0x0000000020000000 0x0000000000030000 xrw
FLASH            0x0000000008000000 0x0000000000200000 xr
*default*        0x0000000000000000 0xffffffffffffffff

Linker script and memory map

LOAD c:/st/stm32cubeide_1.12.0/stm32cubeide/plugins/com.st.stm32cube.ide.mcu.externaltools.gnu-tools-for-stm32.10.3-2021.10.win32_1.0.200.202301161003/tools/bin/../lib/gcc/arm-none-eabi/10.3.1/thumb/v7e-m+fp/hard/crti.o
LOAD c:/st/stm32cubeide_1.12.0/stm32cubeide/plugins/com.st.stm32cube.ide.mcu.externaltools.gnu-tools-for-stm32.10.3-2021.10.win32_1.0.200.202301161003/tools/bin/../lib/gcc/arm-none-eabi/10.3.1/thumb/v7e-m+fp/hard/crtbegin.o
LOAD c:/st/stm32cubeide_1.12.0/stm32cubeide/plugins/com.st.stm32cube.ide.mcu.externaltools.gnu-tools-for-stm32.10.3-2021.10.win32_1.0.200.202301161003/tools/bin/../lib/gcc/arm-none-eabi/10.3.1/../../../../arm-none-eabi/lib/thumb/v7e-m+fp/hard/crt0.o
LOAD ./Core/Src/CameraController.o
LOAD ./Core/Src/Compensator.o
LOAD ./Core/Src/Controller.o
LOAD ./Core/Src/DAC.o
LOAD ./Core/Src/DAC_Unit_Test.o
LOAD ./Core/Src/GPIO.o
LOAD ./Core/Src/Heater.o
LOAD ./Core/Src/PID.o
LOAD ./Core/Src/TMP117.o
LOAD ./Core/Src/TemperatureCorrectionTable.o
LOAD ./Core/Src/TuningControlBoard.o
LOAD ./Core/Src/UI.o
LOAD ./Core/Src/funcs.o
LOAD ./Core/Src/main.o
LOAD ./Core/Src/stm32f4xx_hal_msp.o
LOAD ./Core/Src/stm32f4xx_it.o
LOAD ./Core/Src/stringfifo.o
LOAD ./Core/Src/syscalls.o
LOAD ./Core/Src/sysmem.o
LOAD ./Core/Src/system_stm32f4xx.o
LOAD ./Core/Startup/startup_stm32f427vitx.o
LOAD ./Drivers/STM32F4xx_HAL_Driver/Src/stm32f4xx_hal.o
LOAD ./Drivers/STM32F4xx_HAL_Driver/Src/stm32f4xx_hal_cortex.o
LOAD ./Drivers/STM32F4xx_HAL_Driver/Src/stm32f4xx_hal_dma.o
LOAD ./Drivers/STM32F4xx_HAL_Driver/Src/stm32f4xx_hal_dma_ex.o
LOAD ./Drivers/STM32F4xx_HAL_Driver/Src/stm32f4xx_hal_exti.o
LOAD ./Drivers/STM32F4xx_HAL_Driver/Src/stm32f4xx_hal_flash.o
LOAD ./Drivers/STM32F4xx_HAL_Driver/Src/stm32f4xx_hal_flash_ex.o
LOAD ./Drivers/STM32F4xx_HAL_Driver/Src/stm32f4xx_hal_flash_ramfunc.o
LOAD ./Drivers/STM32F4xx_HAL_Driver/Src/stm32f4xx_hal_gpio.o
LOAD ./Drivers/STM32F4xx_HAL_Driver/Src/stm32f4xx_hal_i2c.o
LOAD ./Drivers/STM32F4xx_HAL_Driver/Src/stm32f4xx_hal_i2c_ex.o
LOAD ./Drivers/STM32F4xx_HAL_Driver/Src/stm32f4xx_hal_pcd.o
LOAD ./Drivers/STM32F4xx_HAL_Driver/Src/stm32f4xx_hal_pcd_ex.o
LOAD ./Drivers/STM32F4xx_HAL_Driver/Src/stm32f4xx_hal_pwr.o
LOAD ./Drivers/STM32F4xx_HAL_Driver/Src/stm32f4xx_hal_pwr_ex.o
LOAD ./Drivers/STM32F4xx_HAL_Driver/Src/stm32f4xx_hal_rcc.o
LOAD ./Drivers/STM32F4xx_HAL_Driver/Src/stm32f4xx_hal_rcc_ex.o
LOAD ./Drivers/STM32F4xx_HAL_Driver/Src/stm32f4xx_hal_spi.o
LOAD ./Drivers/STM32F4xx_HAL_Driver/Src/stm32f4xx_hal_tim.o
LOAD ./Drivers/STM32F4xx_HAL_Driver/Src/stm32f4xx_hal_tim_ex.o
LOAD ./Drivers/STM32F4xx_HAL_Driver/Src/stm32f4xx_ll_usb.o
LOAD ./Middlewares/ST/STM32_USB_Device_Library/Class/CDC/Src/usbd_cdc.o
LOAD ./Middlewares/ST/STM32_USB_Device_Library/Core/Src/usbd_core.o
LOAD ./Middlewares/ST/STM32_USB_Device_Library/Core/Src/usbd_ctlreq.o
LOAD ./Middlewares/ST/STM32_USB_Device_Library/Core/Src/usbd_ioreq.o
LOAD ./USB_DEVICE/App/usb_device.o
LOAD ./USB_DEVICE/App/usbd_cdc_if.o
LOAD ./USB_DEVICE/App/usbd_desc.o
LOAD ./USB_DEVICE/Target/usbd_conf.o
START GROUP
LOAD c:/st/stm32cubeide_1.12.0/stm32cubeide/plugins/com.st.stm32cube.ide.mcu.externaltools.gnu-tools-for-stm32.10.3-2021.10.win32_1.0.200.202301161003/tools/bin/../lib/gcc/arm-none-eabi/10.3.1/../../../../arm-none-eabi/lib/thumb/v7e-m+fp/hard\libstdc++_nano.a
LOAD c:/st/stm32cubeide_1.12.0/stm32cubeide/plugins/com.st.stm32cube.ide.mcu.externaltools.gnu-tools-for-stm32.10.3-2021.10.win32_1.0.200.202301161003/tools/bin/../lib/gcc/arm-none-eabi/10.3.1/../../../../arm-none-eabi/lib/thumb/v7e-m+fp/hard\libsupc++_nano.a
END GROUP
LOAD c:/st/stm32cubeide_1.12.0/stm32cubeide/plugins/com.st.stm32cube.ide.mcu.externaltools.gnu-tools-for-stm32.10.3-2021.10.win32_1.0.200.202301161003/tools/bin/../lib/gcc/arm-none-eabi/10.3.1/../../../../arm-none-eabi/lib/thumb/v7e-m+fp/hard\libstdc++_nano.a
LOAD c:/st/stm32cubeide_1.12.0/stm32cubeide/plugins/com.st.stm32cube.ide.mcu.externaltools.gnu-tools-for-stm32.10.3-2021.10.win32_1.0.200.202301161003/tools/bin/../lib/gcc/arm-none-eabi/10.3.1/../../../../arm-none-eabi/lib/thumb/v7e-m+fp/hard\libm.a
LOAD c:/st/stm32cubeide_1.12.0/stm32cubeide/plugins/com.st.stm32cube.ide.mcu.externaltools.gnu-tools-for-stm32.10.3-2021.10.win32_1.0.200.202301161003/tools/bin/../lib/gcc/arm-none-eabi/10.3.1/../../../../arm-none-eabi/lib/thumb/v7e-m+fp/hard\libc_nano.a
START GROUP
LOAD c:/st/stm32cubeide_1.12.0/stm32cubeide/plugins/com.st.stm32cube.ide.mcu.externaltools.gnu-tools-for-stm32.10.3-2021.10.win32_1.0.200.202301161003/tools/bin/../lib/gcc/arm-none-eabi/10.3.1/thumb/v7e-m+fp/hard\libgcc.a
LOAD c:/st/stm32cubeide_1.12.0/stm32cubeide/plugins/com.st.stm32cube.ide.mcu.externaltools.gnu-tools-for-stm32.10.3-2021.10.win32_1.0.200.202301161003/tools/bin/../lib/gcc/arm-none-eabi/10.3.1/../../../../arm-none-eabi/lib/thumb/v7e-m+fp/hard\libc_nano.a
END GROUP
START GROUP
LOAD c:/st/stm32cubeide_1.12.0/stm32cubeide/plugins/com.st.stm32cube.ide.mcu.externaltools.gnu-tools-for-stm32.10.3-2021.10.win32_1.0.200.202301161003/tools/bin/../lib/gcc/arm-none-eabi/10.3.1/thumb/v7e-m+fp/hard\libgcc.a
LOAD c:/st/stm32cubeide_1.12.0/stm32cubeide/plugins/com.st.stm32cube.ide.mcu.externaltools.gnu-tools-for-stm32.10.3-2021.10.win32_1.0.200.202301161003/tools/bin/../lib/gcc/arm-none-eabi/10.3.1/../../../../arm-none-eabi/lib/thumb/v7e-m+fp/hard\libc_nano.a
LOAD c:/st/stm32cubeide_1.12.0/stm32cubeide/plugins/com.st.stm32cube.ide.mcu.externaltools.gnu-tools-for-stm32.10.3-2021.10.win32_1.0.200.202301161003/tools/bin/../lib/gcc/arm-none-eabi/10.3.1/../../../../arm-none-eabi/lib/thumb/v7e-m+fp/hard\libnosys.a
END GROUP
START GROUP
LOAD c:/st/stm32cubeide_1.12.0/stm32cubeide/plugins/com.st.stm32cube.ide.mcu.externaltools.gnu-tools-for-stm32.10.3-2021.10.win32_1.0.200.202301161003/tools/bin/../lib/gcc/arm-none-eabi/10.3.1/thumb/v7e-m+fp/hard\libgcc.a
LOAD c:/st/stm32cubeide_1.12.0/stm32cubeide/plugins/com.st.stm32cube.ide.mcu.externaltools.gnu-tools-for-stm32.10.3-2021.10.win32_1.0.200.202301161003/tools/bin/../lib/gcc/arm-none-eabi/10.3.1/../../../../arm-none-eabi/lib/thumb/v7e-m+fp/hard\libc_nano.a
LOAD c:/st/stm32cubeide_1.12.0/stm32cubeide/plugins/com.st.stm32cube.ide.mcu.externaltools.gnu-tools-for-stm32.10.3-2021.10.win32_1.0.200.202301161003/tools/bin/../lib/gcc/arm-none-eabi/10.3.1/../../../../arm-none-eabi/lib/thumb/v7e-m+fp/hard\libnosys.a
END GROUP
LOAD c:/st/stm32cubeide_1.12.0/stm32cubeide/plugins/com.st.stm32cube.ide.mcu.externaltools.gnu-tools-for-stm32.10.3-2021.10.win32_1.0.200.202301161003/tools/bin/../lib/gcc/arm-none-eabi/10.3.1/thumb/v7e-m+fp/hard/crtend.o
LOAD c:/st/stm32cubeide_1.12.0/stm32cubeide/plugins/com.st.stm32cube.ide.mcu.externaltools.gnu-tools-for-stm32.10.3-2021.10.win32_1.0.200.202301161003/tools/bin/../lib/gcc/arm-none-eabi/10.3.1/thumb/v7e-m+fp/hard/crtn.o
                0x0000000020030000                _estack = (ORIGIN (RAM) + LENGTH (RAM))
                0x0000000000000200                _Min_Heap_Size = 0x200
                0x0000000000000400                _Min_Stack_Size = 0x400

.isr_vector     0x0000000008000000      0x1ac
                0x0000000008000000                . = ALIGN (0x4)
 *(.isr_vector)
 .isr_vector    0x0000000008000000      0x1ac ./Core/Startup/startup_stm32f427vitx.o
                0x0000000008000000                g_pfnVectors
                0x00000000080001ac                . = ALIGN (0x4)

.text           0x00000000080001b0     0xaadc
                0x00000000080001b0                . = ALIGN (0x4)
 *(.text)
 .text          0x00000000080001b0       0x40 c:/st/stm32cubeide_1.12.0/stm32cubeide/plugins/com.st.stm32cube.ide.mcu.externaltools.gnu-tools-for-stm32.10.3-2021.10.win32_1.0.200.202301161003/tools/bin/../lib/gcc/arm-none-eabi/10.3.1/thumb/v7e-m+fp/hard/crtbegin.o
 .text          0x00000000080001f0       0x14 c:/st/stm32cubeide_1.12.0/stm32cubeide/plugins/com.st.stm32cube.ide.mcu.externaltools.gnu-tools-for-stm32.10.3-2021.10.win32_1.0.200.202301161003/tools/bin/../lib/gcc/arm-none-eabi/10.3.1/../../../../arm-none-eabi/lib/thumb/v7e-m+fp/hard\libc_nano.a(lib_a-strcmp.o)
                0x00000000080001f0                strcmp
 .text          0x0000000008000204       0x10 c:/st/stm32cubeide_1.12.0/stm32cubeide/plugins/com.st.stm32cube.ide.mcu.externaltools.gnu-tools-for-stm32.10.3-2021.10.win32_1.0.200.202301161003/tools/bin/../lib/gcc/arm-none-eabi/10.3.1/../../../../arm-none-eabi/lib/thumb/v7e-m+fp/hard\libc_nano.a(lib_a-strlen.o)
                0x0000000008000204                strlen
 *fill*         0x0000000008000214        0xc 
 .text          0x0000000008000220       0xa0 c:/st/stm32cubeide_1.12.0/stm32cubeide/plugins/com.st.stm32cube.ide.mcu.externaltools.gnu-tools-for-stm32.10.3-2021.10.win32_1.0.200.202301161003/tools/bin/../lib/gcc/arm-none-eabi/10.3.1/../../../../arm-none-eabi/lib/thumb/v7e-m+fp/hard\libc_nano.a(lib_a-memchr.o)
                0x0000000008000220                memchr
 .text          0x00000000080002c0      0x378 c:/st/stm32cubeide_1.12.0/stm32cubeide/plugins/com.st.stm32cube.ide.mcu.externaltools.gnu-tools-for-stm32.10.3-2021.10.win32_1.0.200.202301161003/tools/bin/../lib/gcc/arm-none-eabi/10.3.1/thumb/v7e-m+fp/hard\libgcc.a(_arm_addsubdf3.o)
                0x00000000080002c0                __aeabi_drsub
                0x00000000080002c8                __aeabi_dsub
                0x00000000080002c8                __subdf3
                0x00000000080002cc                __aeabi_dadd
                0x00000000080002cc                __adddf3
                0x0000000008000544                __floatunsidf
                0x0000000008000544                __aeabi_ui2d
                0x0000000008000564                __floatsidf
                0x0000000008000564                __aeabi_i2d
                0x0000000008000588                __aeabi_f2d
                0x0000000008000588                __extendsfdf2
                0x00000000080005cc                __floatundidf
                0x00000000080005cc                __aeabi_ul2d
                0x00000000080005dc                __floatdidf
                0x00000000080005dc                __aeabi_l2d
 .text          0x0000000008000638      0x424 c:/st/stm32cubeide_1.12.0/stm32cubeide/plugins/com.st.stm32cube.ide.mcu.externaltools.gnu-tools-for-stm32.10.3-2021.10.win32_1.0.200.202301161003/tools/bin/../lib/gcc/arm-none-eabi/10.3.1/thumb/v7e-m+fp/hard\libgcc.a(_arm_muldivdf3.o)
                0x0000000008000638                __aeabi_dmul
                0x0000000008000638                __muldf3
                0x000000000800088c                __divdf3
                0x000000000800088c                __aeabi_ddiv
 .text          0x0000000008000a5c      0x110 c:/st/stm32cubeide_1.12.0/stm32cubeide/plugins/com.st.stm32cube.ide.mcu.externaltools.gnu-tools-for-stm32.10.3-2021.10.win32_1.0.200.202301161003/tools/bin/../lib/gcc/arm-none-eabi/10.3.1/thumb/v7e-m+fp/hard\libgcc.a(_arm_cmpdf2.o)
                0x0000000008000a5c                __gtdf2
                0x0000000008000a5c                __gedf2
                0x0000000008000a64                __ltdf2
                0x0000000008000a64                __ledf2
                0x0000000008000a6c                __nedf2
                0x0000000008000a6c                __eqdf2
                0x0000000008000a6c                __cmpdf2
                0x0000000008000ae8                __aeabi_cdrcmple
                0x0000000008000af8                __aeabi_cdcmpeq
                0x0000000008000af8                __aeabi_cdcmple
                0x0000000008000b08                __aeabi_dcmpeq
                0x0000000008000b1c                __aeabi_dcmplt
                0x0000000008000b30                __aeabi_dcmple
                0x0000000008000b44                __aeabi_dcmpge
                0x0000000008000b58                __aeabi_dcmpgt
 .text          0x0000000008000b6c       0x40 c:/st/stm32cubeide_1.12.0/stm32cubeide/plugins/com.st.stm32cube.ide.mcu.externaltools.gnu-tools-for-stm32.10.3-2021.10.win32_1.0.200.202301161003/tools/bin/../lib/gcc/arm-none-eabi/10.3.1/thumb/v7e-m+fp/hard\libgcc.a(_arm_fixunsdfsi.o)
                0x0000000008000b6c                __aeabi_d2uiz
                0x0000000008000b6c                __fixunsdfsi
 .text          0x0000000008000bac       0xa0 c:/st/stm32cubeide_1.12.0/stm32cubeide/plugins/com.st.stm32cube.ide.mcu.externaltools.gnu-tools-for-stm32.10.3-2021.10.win32_1.0.200.202301161003/tools/bin/../lib/gcc/arm-none-eabi/10.3.1/thumb/v7e-m+fp/hard\libgcc.a(_arm_truncdfsf2.o)
                0x0000000008000bac                __truncdfsf2
                0x0000000008000bac                __aeabi_d2f
 .text          0x0000000008000c4c       0x30 c:/st/stm32cubeide_1.12.0/stm32cubeide/plugins/com.st.stm32cube.ide.mcu.externaltools.gnu-tools-for-stm32.10.3-2021.10.win32_1.0.200.202301161003/tools/bin/../lib/gcc/arm-none-eabi/10.3.1/thumb/v7e-m+fp/hard\libgcc.a(_aeabi_uldivmod.o)
                0x0000000008000c4c                __aeabi_uldivmod
 .text          0x0000000008000c7c      0x2d0 c:/st/stm32cubeide_1.12.0/stm32cubeide/plugins/com.st.stm32cube.ide.mcu.externaltools.gnu-tools-for-stm32.10.3-2021.10.win32_1.0.200.202301161003/tools/bin/../lib/gcc/arm-none-eabi/10.3.1/thumb/v7e-m+fp/hard\libgcc.a(_udivmoddi4.o)
                0x0000000008000c7c                __udivmoddi4
 .text          0x0000000008000f4c        0x4 c:/st/stm32cubeide_1.12.0/stm32cubeide/plugins/com.st.stm32cube.ide.mcu.externaltools.gnu-tools-for-stm32.10.3-2021.10.win32_1.0.200.202301161003/tools/bin/../lib/gcc/arm-none-eabi/10.3.1/thumb/v7e-m+fp/hard\libgcc.a(_dvmd_tls.o)
                0x0000000008000f4c                __aeabi_idiv0
                0x0000000008000f4c                __aeabi_ldiv0
 *(.text*)
 .text.Compensator_InitStruct
                0x0000000008000f50       0x32 ./Core/Src/Compensator.o
                0x0000000008000f50                Compensator_InitStruct
 .text.Compensator_enableChannel
                0x0000000008000f82       0x12 ./Core/Src/Compensator.o
                0x0000000008000f82                Compensator_enableChannel
 .text.Compensator_AutoCompensate
                0x0000000008000f94       0x22 ./Core/Src/Compensator.o
                0x0000000008000f94                Compensator_AutoCompensate
 .text.Compensator_Update
                0x0000000008000fb6       0x1e ./Core/Src/Compensator.o
                0x0000000008000fb6                Compensator_Update
 .text.Controller_InitStruct
                0x0000000008000fd4       0x4e ./Core/Src/Controller.o
                0x0000000008000fd4                Controller_InitStruct
 *fill*         0x0000000008001022        0x2 
 .text.Controller_Step
                0x0000000008001024       0x4c ./Core/Src/Controller.o
                0x0000000008001024                Controller_Step
 .text.Set_nLDAC_high.part.0
                0x0000000008001070       0x10 ./Core/Src/DAC.o
 .text.Set_nCS_high.part.0
                0x0000000008001080       0x10 ./Core/Src/DAC.o
 .text.Set_nWakeUp_high
                0x0000000008001090       0x14 ./Core/Src/DAC.o
                0x0000000008001090                Set_nWakeUp_high
 .text.Set_nLDAC_high
                0x00000000080010a4       0x18 ./Core/Src/DAC.o
                0x00000000080010a4                Set_nLDAC_high
 .text.Set_nRST_high
                0x00000000080010bc       0x14 ./Core/Src/DAC.o
                0x00000000080010bc                Set_nRST_high
 .text.Set_nCS_high
                0x00000000080010d0       0x18 ./Core/Src/DAC.o
                0x00000000080010d0                Set_nCS_high
 .text.Send_Command
                0x00000000080010e8       0x32 ./Core/Src/DAC.o
                0x00000000080010e8                Send_Command
 *fill*         0x000000000800111a        0x2 
 .text.Set_DAC_Value
                0x000000000800111c       0x34 ./Core/Src/DAC.o
                0x000000000800111c                Set_DAC_Value
 .text.Recieve_Data
                0x0000000008001150       0x3c ./Core/Src/DAC.o
                0x0000000008001150                Recieve_Data
 .text.Hardware_Reset
                0x000000000800118c       0x30 ./Core/Src/DAC.o
                0x000000000800118c                Hardware_Reset
 .text.Set_Config
                0x00000000080011bc       0xb0 ./Core/Src/DAC.o
                0x00000000080011bc                Set_Config
 .text.DAC_InitStruct
                0x000000000800126c       0x4c ./Core/Src/DAC.o
                0x000000000800126c                DAC_InitStruct
 .text.Syncronous_Update
                0x00000000080012b8       0x1c ./Core/Src/DAC.o
                0x00000000080012b8                Syncronous_Update
 .text.Set_Voltage_Peak_to_Peak
                0x00000000080012d4       0x48 ./Core/Src/DAC.o
                0x00000000080012d4                Set_Voltage_Peak_to_Peak
 .text.GPIO_SetState
                0x000000000800131c       0x22 ./Core/Src/GPIO.o
                0x000000000800131c                GPIO_SetState
 *fill*         0x000000000800133e        0x2 
 .text.GPIO_InitStruct
                0x0000000008001340       0x64 ./Core/Src/GPIO.o
                0x0000000008001340                GPIO_InitStruct
 .text.Heater_InitStruct
                0x00000000080013a4       0x48 ./Core/Src/Heater.o
                0x00000000080013a4                Heater_InitStruct
 .text.set_HeaterEnable
                0x00000000080013ec       0x22 ./Core/Src/Heater.o
                0x00000000080013ec                set_HeaterEnable
 *fill*         0x000000000800140e        0x2 
 .text.PID_InitStruct
                0x0000000008001410       0x6c ./Core/Src/PID.o
                0x0000000008001410                PID_InitStruct
 .text.PID_SavePoint
                0x000000000800147c       0x28 ./Core/Src/PID.o
                0x000000000800147c                PID_SavePoint
 .text.PID_SumError
                0x00000000080014a4       0x7c ./Core/Src/PID.o
                0x00000000080014a4                PID_SumError
 .text.PID_Velocity
                0x0000000008001520       0x34 ./Core/Src/PID.o
                0x0000000008001520                PID_Velocity
 .text.PID_CalculateEffort
                0x0000000008001554       0xf4 ./Core/Src/PID.o
                0x0000000008001554                PID_CalculateEffort
 .text.TMP117_InitStruct
                0x0000000008001648       0x48 ./Core/Src/TMP117.o
                0x0000000008001648                TMP117_InitStruct
 .text.TMP117_Configure
                0x0000000008001690       0x64 ./Core/Src/TMP117.o
                0x0000000008001690                TMP117_Configure
 .text.TMP117_GetTemperature
                0x00000000080016f4       0xee ./Core/Src/TMP117.o
                0x00000000080016f4                TMP117_GetTemperature
 *fill*         0x00000000080017e2        0x2 
 .text.BaseT_Position_to_BaseT_Voltage
                0x00000000080017e4       0x38 ./Core/Src/TemperatureCorrectionTable.o
                0x00000000080017e4                BaseT_Position_to_BaseT_Voltage
 *fill*         0x000000000800181c        0x4 
 .text.temperature_position_offset
                0x0000000008001820       0x38 ./Core/Src/TemperatureCorrectionTable.o
                0x0000000008001820                temperature_position_offset
 .text.Wavelength_to_Voltage
                0x0000000008001858       0x26 ./Core/Src/TemperatureCorrectionTable.o
                0x0000000008001858                Wavelength_to_Voltage
 .text.TCB_InitStruct
                0x000000000800187e       0xb0 ./Core/Src/TuningControlBoard.o
                0x000000000800187e                TCB_InitStruct
 *fill*         0x000000000800192e        0x2 
 .text.ShowGPIOConfig
                0x0000000008001930       0x3c ./Core/Src/UI.o
                0x0000000008001930                ShowGPIOConfig
 .text.ShowAllGPIO
                0x000000000800196c       0x3c ./Core/Src/UI.o
                0x000000000800196c                ShowAllGPIO
 .text.ShowRawHeaderController
                0x00000000080019a8       0x1c ./Core/Src/UI.o
                0x00000000080019a8                ShowRawHeaderController
 .text.ShowRawHeaderCompensator
                0x00000000080019c4       0x1c ./Core/Src/UI.o
                0x00000000080019c4                ShowRawHeaderCompensator
 .text.ShowRawHeaderGPIO
                0x00000000080019e0       0x1c ./Core/Src/UI.o
                0x00000000080019e0                ShowRawHeaderGPIO
 .text.FormatTemperature
                0x00000000080019fc       0x44 ./Core/Src/UI.o
                0x00000000080019fc                FormatTemperature
 .text.ShowControllerConfig
                0x0000000008001a40       0xcc ./Core/Src/UI.o
                0x0000000008001a40                ShowControllerConfig
 .text.ShowCompensatorConfig
                0x0000000008001b0c       0xa4 ./Core/Src/UI.o
                0x0000000008001b0c                ShowCompensatorConfig
 .text.ShowAllController
                0x0000000008001bb0      0x2a8 ./Core/Src/UI.o
                0x0000000008001bb0                ShowAllController
 .text.ShowAllCompensator
                0x0000000008001e58      0x140 ./Core/Src/UI.o
                0x0000000008001e58                ShowAllCompensator
 .text.ShowAllTCB
                0x0000000008001f98       0x6c ./Core/Src/UI.o
                0x0000000008001f98                ShowAllTCB
 .text.ShowMainMenuHeader
                0x0000000008002004       0x1c ./Core/Src/UI.o
                0x0000000008002004                ShowMainMenuHeader
 .text.ShowCompensatorMenuHeader
                0x0000000008002020       0x1c ./Core/Src/UI.o
                0x0000000008002020                ShowCompensatorMenuHeader
 .text.ShowControllerMenuHeader
                0x000000000800203c       0x1c ./Core/Src/UI.o
                0x000000000800203c                ShowControllerMenuHeader
 .text.ShowGPIOMenuHeader
                0x0000000008002058       0x1c ./Core/Src/UI.o
                0x0000000008002058                ShowGPIOMenuHeader
 .text.ShowMainHelp
                0x0000000008002074       0x94 ./Core/Src/UI.o
                0x0000000008002074                ShowMainHelp
 .text.ProcessUserInput_MainMenu
                0x0000000008002108      0x144 ./Core/Src/UI.o
                0x0000000008002108                ProcessUserInput_MainMenu
 .text.TranslateUserInput_MainMenu
                0x000000000800224c      0x11c ./Core/Src/UI.o
                0x000000000800224c                TranslateUserInput_MainMenu
 .text.ShowControllerHelp
                0x0000000008002368       0xa8 ./Core/Src/UI.o
                0x0000000008002368                ShowControllerHelp
 .text.ShowCompensatorHelp
                0x0000000008002410       0x80 ./Core/Src/UI.o
                0x0000000008002410                ShowCompensatorHelp
 .text.ShowGPIOHelp
                0x0000000008002490       0x78 ./Core/Src/UI.o
                0x0000000008002490                ShowGPIOHelp
 .text.ProcessUserInput_GPIOMenu
                0x0000000008002508      0x1fc ./Core/Src/UI.o
                0x0000000008002508                ProcessUserInput_GPIOMenu
 .text.TranslateUserInput_GPIOMenu
                0x0000000008002704      0x10c ./Core/Src/UI.o
                0x0000000008002704                TranslateUserInput_GPIOMenu
 .text.SetSensor
                0x0000000008002810       0x84 ./Core/Src/UI.o
                0x0000000008002810                SetSensor
 .text.ProcessUserInput_CompensatorMenu
                0x0000000008002894      0x36c ./Core/Src/UI.o
                0x0000000008002894                ProcessUserInput_CompensatorMenu
 .text.TranslateUserInput_CompensatorMenu
                0x0000000008002c00      0x108 ./Core/Src/UI.o
                0x0000000008002c00                TranslateUserInput_CompensatorMenu
 .text.ProcessUserInput_ControllerMenu
                0x0000000008002d08      0x448 ./Core/Src/UI.o
                0x0000000008002d08                ProcessUserInput_ControllerMenu
 .text.ProcessUserInput
                0x0000000008003150       0x34 ./Core/Src/UI.o
                0x0000000008003150                ProcessUserInput
 .text.USBSendString
                0x0000000008003184       0x22 ./Core/Src/funcs.o
                0x0000000008003184                USBSendString
 *fill*         0x00000000080031a6        0x2 
 .text.InitDWTTimer
                0x00000000080031a8       0x28 ./Core/Src/funcs.o
                0x00000000080031a8                InitDWTTimer
 .text.Delay_us
                0x00000000080031d0       0x34 ./Core/Src/funcs.o
                0x00000000080031d0                Delay_us
 .text.replacestr
                0x0000000008003204       0x46 ./Core/Src/funcs.o
                0x0000000008003204                replacestr
 *fill*         0x000000000800324a        0x2 
 .text.MX_I2C1_Init
                0x000000000800324c       0x58 ./Core/Src/main.o
 .text.MX_I2C2_Init
                0x00000000080032a4       0x58 ./Core/Src/main.o
 .text.HAL_TIM_PeriodElapsedCallback
                0x00000000080032fc      0x154 ./Core/Src/main.o
                0x00000000080032fc                HAL_TIM_PeriodElapsedCallback
 .text.SystemClock_Config
                0x0000000008003450       0xa0 ./Core/Src/main.o
                0x0000000008003450                SystemClock_Config
 .text.startup.main
                0x00000000080034f0      0x500 ./Core/Src/main.o
                0x00000000080034f0                main
 .text._write   0x00000000080039f0       0x46 ./Core/Src/main.o
                0x00000000080039f0                _write
 .text.Error_Handler
                0x0000000008003a36        0x4 ./Core/Src/main.o
                0x0000000008003a36                Error_Handler
 *fill*         0x0000000008003a3a        0x2 
 .text.HAL_MspInit
                0x0000000008003a3c       0x38 ./Core/Src/stm32f4xx_hal_msp.o
                0x0000000008003a3c                HAL_MspInit
 .text.HAL_I2C_MspInit
                0x0000000008003a74       0xe0 ./Core/Src/stm32f4xx_hal_msp.o
                0x0000000008003a74                HAL_I2C_MspInit
 .text.HAL_SPI_MspInit
                0x0000000008003b54       0x7c ./Core/Src/stm32f4xx_hal_msp.o
                0x0000000008003b54                HAL_SPI_MspInit
 .text.HAL_TIM_Base_MspInit
                0x0000000008003bd0       0xa0 ./Core/Src/stm32f4xx_hal_msp.o
                0x0000000008003bd0                HAL_TIM_Base_MspInit
 .text.NMI_Handler
                0x0000000008003c70        0x2 ./Core/Src/stm32f4xx_it.o
                0x0000000008003c70                NMI_Handler
 .text.HardFault_Handler
                0x0000000008003c72        0x2 ./Core/Src/stm32f4xx_it.o
                0x0000000008003c72                HardFault_Handler
 .text.MemManage_Handler
                0x0000000008003c74        0x2 ./Core/Src/stm32f4xx_it.o
                0x0000000008003c74                MemManage_Handler
 .text.BusFault_Handler
                0x0000000008003c76        0x2 ./Core/Src/stm32f4xx_it.o
                0x0000000008003c76                BusFault_Handler
 .text.UsageFault_Handler
                0x0000000008003c78        0x2 ./Core/Src/stm32f4xx_it.o
                0x0000000008003c78                UsageFault_Handler
 .text.SVC_Handler
                0x0000000008003c7a        0x2 ./Core/Src/stm32f4xx_it.o
                0x0000000008003c7a                SVC_Handler
 .text.DebugMon_Handler
                0x0000000008003c7c        0x2 ./Core/Src/stm32f4xx_it.o
                0x0000000008003c7c                DebugMon_Handler
 .text.PendSV_Handler
                0x0000000008003c7e        0x2 ./Core/Src/stm32f4xx_it.o
                0x0000000008003c7e                PendSV_Handler
 .text.SysTick_Handler
                0x0000000008003c80        0x4 ./Core/Src/stm32f4xx_it.o
                0x0000000008003c80                SysTick_Handler
 .text.TIM2_IRQHandler
                0x0000000008003c84        0xc ./Core/Src/stm32f4xx_it.o
                0x0000000008003c84                TIM2_IRQHandler
 .text.TIM4_IRQHandler
                0x0000000008003c90        0xc ./Core/Src/stm32f4xx_it.o
                0x0000000008003c90                TIM4_IRQHandler
 .text.I2C1_EV_IRQHandler
                0x0000000008003c9c        0xc ./Core/Src/stm32f4xx_it.o
                0x0000000008003c9c                I2C1_EV_IRQHandler
 .text.I2C1_ER_IRQHandler
                0x0000000008003ca8        0xc ./Core/Src/stm32f4xx_it.o
                0x0000000008003ca8                I2C1_ER_IRQHandler
 .text.TIM6_DAC_IRQHandler
                0x0000000008003cb4        0xc ./Core/Src/stm32f4xx_it.o
                0x0000000008003cb4                TIM6_DAC_IRQHandler
 .text.OTG_FS_IRQHandler
                0x0000000008003cc0        0xc ./Core/Src/stm32f4xx_it.o
                0x0000000008003cc0                OTG_FS_IRQHandler
 .text.SPI4_IRQHandler
                0x0000000008003ccc        0xc ./Core/Src/stm32f4xx_it.o
                0x0000000008003ccc                SPI4_IRQHandler
 .text.StringFIFOInit
                0x0000000008003cd8       0x12 ./Core/Src/stringfifo.o
                0x0000000008003cd8                StringFIFOInit
 .text.StringFIFOUsed
                0x0000000008003cea       0x1a ./Core/Src/stringfifo.o
                0x0000000008003cea                StringFIFOUsed
 .text.StringFIFOAvailable
                0x0000000008003d04       0x10 ./Core/Src/stringfifo.o
                0x0000000008003d04                StringFIFOAvailable
 .text.StringFIFOAdd
                0x0000000008003d14       0x48 ./Core/Src/stringfifo.o
                0x0000000008003d14                StringFIFOAdd
 .text.StringFIFORemove
                0x0000000008003d5c       0xc4 ./Core/Src/stringfifo.o
                0x0000000008003d5c                StringFIFORemove
 .text._read    0x0000000008003e20       0x1c ./Core/Src/syscalls.o
                0x0000000008003e20                _read
 .text._close   0x0000000008003e3c        0x6 ./Core/Src/syscalls.o
                0x0000000008003e3c                _close
 .text._fstat   0x0000000008003e42        0xa ./Core/Src/syscalls.o
                0x0000000008003e42                _fstat
 .text._isatty  0x0000000008003e4c        0x4 ./Core/Src/syscalls.o
                0x0000000008003e4c                _isatty
 .text._lseek   0x0000000008003e50        0x4 ./Core/Src/syscalls.o
                0x0000000008003e50                _lseek
 .text._sbrk    0x0000000008003e54       0x40 ./Core/Src/sysmem.o
                0x0000000008003e54                _sbrk
 .text.SystemInit
                0x0000000008003e94       0x14 ./Core/Src/system_stm32f4xx.o
                0x0000000008003e94                SystemInit
 .text.Reset_Handler
                0x0000000008003ea8       0x50 ./Core/Startup/startup_stm32f427vitx.o
                0x0000000008003ea8                Reset_Handler
 .text.Default_Handler
                0x0000000008003ef8        0x2 ./Core/Startup/startup_stm32f427vitx.o
                0x0000000008003ef8                RTC_Alarm_IRQHandler
                0x0000000008003ef8                HASH_RNG_IRQHandler
                0x0000000008003ef8                EXTI2_IRQHandler
                0x0000000008003ef8                TIM8_CC_IRQHandler
                0x0000000008003ef8                UART8_IRQHandler
                0x0000000008003ef8                TIM1_CC_IRQHandler
                0x0000000008003ef8                DMA2_Stream5_IRQHandler
                0x0000000008003ef8                DMA1_Stream5_IRQHandler
                0x0000000008003ef8                PVD_IRQHandler
                0x0000000008003ef8                SDIO_IRQHandler
                0x0000000008003ef8                TAMP_STAMP_IRQHandler
                0x0000000008003ef8                CAN2_RX1_IRQHandler
                0x0000000008003ef8                EXTI3_IRQHandler
                0x0000000008003ef8                TIM8_TRG_COM_TIM14_IRQHandler
                0x0000000008003ef8                TIM1_UP_TIM10_IRQHandler
                0x0000000008003ef8                TIM8_UP_TIM13_IRQHandler
                0x0000000008003ef8                I2C3_ER_IRQHandler
                0x0000000008003ef8                EXTI0_IRQHandler
                0x0000000008003ef8                I2C2_EV_IRQHandler
                0x0000000008003ef8                DMA1_Stream2_IRQHandler
                0x0000000008003ef8                CAN1_RX0_IRQHandler
                0x0000000008003ef8                FPU_IRQHandler
                0x0000000008003ef8                OTG_HS_WKUP_IRQHandler
                0x0000000008003ef8                CAN2_SCE_IRQHandler
                0x0000000008003ef8                DMA2_Stream2_IRQHandler
                0x0000000008003ef8                SPI1_IRQHandler
                0x0000000008003ef8                TIM1_BRK_TIM9_IRQHandler
                0x0000000008003ef8                DCMI_IRQHandler
                0x0000000008003ef8                CAN2_RX0_IRQHandler
                0x0000000008003ef8                DMA2_Stream3_IRQHandler
                0x0000000008003ef8                USART6_IRQHandler
                0x0000000008003ef8                USART3_IRQHandler
                0x0000000008003ef8                CAN1_RX1_IRQHandler
                0x0000000008003ef8                UART5_IRQHandler
                0x0000000008003ef8                DMA2_Stream0_IRQHandler
                0x0000000008003ef8                DMA1_Stream6_IRQHandler
                0x0000000008003ef8                DMA1_Stream1_IRQHandler
                0x0000000008003ef8                UART4_IRQHandler
                0x0000000008003ef8                TIM3_IRQHandler
                0x0000000008003ef8                RCC_IRQHandler
                0x0000000008003ef8                TIM8_BRK_TIM12_IRQHandler
                0x0000000008003ef8                Default_Handler
                0x0000000008003ef8                EXTI15_10_IRQHandler
                0x0000000008003ef8                ADC_IRQHandler
                0x0000000008003ef8                DMA1_Stream7_IRQHandler
                0x0000000008003ef8                SPI5_IRQHandler
                0x0000000008003ef8                TIM7_IRQHandler
                0x0000000008003ef8                CAN2_TX_IRQHandler
                0x0000000008003ef8                TIM5_IRQHandler
                0x0000000008003ef8                DMA2_Stream7_IRQHandler
                0x0000000008003ef8                I2C3_EV_IRQHandler
                0x0000000008003ef8                EXTI9_5_IRQHandler
                0x0000000008003ef8                RTC_WKUP_IRQHandler
                0x0000000008003ef8                ETH_WKUP_IRQHandler
                0x0000000008003ef8                SPI2_IRQHandler
                0x0000000008003ef8                OTG_HS_EP1_IN_IRQHandler
                0x0000000008003ef8                DMA1_Stream0_IRQHandler
                0x0000000008003ef8                CAN1_TX_IRQHandler
                0x0000000008003ef8                EXTI4_IRQHandler
                0x0000000008003ef8                ETH_IRQHandler
                0x0000000008003ef8                OTG_HS_EP1_OUT_IRQHandler
                0x0000000008003ef8                WWDG_IRQHandler
                0x0000000008003ef8                SPI6_IRQHandler
                0x0000000008003ef8                OTG_FS_WKUP_IRQHandler
                0x0000000008003ef8                TIM1_TRG_COM_TIM11_IRQHandler
                0x0000000008003ef8                OTG_HS_IRQHandler
                0x0000000008003ef8                DMA2D_IRQHandler
                0x0000000008003ef8                EXTI1_IRQHandler
                0x0000000008003ef8                UART7_IRQHandler
                0x0000000008003ef8                USART2_IRQHandler
                0x0000000008003ef8                I2C2_ER_IRQHandler
                0x0000000008003ef8                DMA2_Stream1_IRQHandler
                0x0000000008003ef8                CAN1_SCE_IRQHandler
                0x0000000008003ef8                FLASH_IRQHandler
                0x0000000008003ef8                DMA2_Stream4_IRQHandler
                0x0000000008003ef8                USART1_IRQHandler
                0x0000000008003ef8                SPI3_IRQHandler
                0x0000000008003ef8                DMA1_Stream4_IRQHandler
                0x0000000008003ef8                FMC_IRQHandler
                0x0000000008003ef8                DMA2_Stream6_IRQHandler
                0x0000000008003ef8                SAI1_IRQHandler
                0x0000000008003ef8                DMA1_Stream3_IRQHandler
 *fill*         0x0000000008003efa        0x2 
 .text.HAL_InitTick
                0x0000000008003efc       0x48 ./Drivers/STM32F4xx_HAL_Driver/Src/stm32f4xx_hal.o
                0x0000000008003efc                HAL_InitTick
 .text.HAL_Init
                0x0000000008003f44       0x34 ./Drivers/STM32F4xx_HAL_Driver/Src/stm32f4xx_hal.o
                0x0000000008003f44                HAL_Init
 .text.HAL_IncTick
                0x0000000008003f78       0x18 ./Drivers/STM32F4xx_HAL_Driver/Src/stm32f4xx_hal.o
                0x0000000008003f78                HAL_IncTick
 .text.HAL_GetTick
                0x0000000008003f90        0xc ./Drivers/STM32F4xx_HAL_Driver/Src/stm32f4xx_hal.o
                0x0000000008003f90                HAL_GetTick
 .text.HAL_Delay
                0x0000000008003f9c       0x28 ./Drivers/STM32F4xx_HAL_Driver/Src/stm32f4xx_hal.o
                0x0000000008003f9c                HAL_Delay
 .text.HAL_NVIC_SetPriorityGrouping
                0x0000000008003fc4       0x24 ./Drivers/STM32F4xx_HAL_Driver/Src/stm32f4xx_hal_cortex.o
                0x0000000008003fc4                HAL_NVIC_SetPriorityGrouping
 .text.HAL_NVIC_SetPriority
                0x0000000008003fe8       0x64 ./Drivers/STM32F4xx_HAL_Driver/Src/stm32f4xx_hal_cortex.o
                0x0000000008003fe8                HAL_NVIC_SetPriority
 .text.HAL_NVIC_EnableIRQ
                0x000000000800404c       0x1c ./Drivers/STM32F4xx_HAL_Driver/Src/stm32f4xx_hal_cortex.o
                0x000000000800404c                HAL_NVIC_EnableIRQ
 .text.HAL_SYSTICK_Config
                0x0000000008004068       0x28 ./Drivers/STM32F4xx_HAL_Driver/Src/stm32f4xx_hal_cortex.o
                0x0000000008004068                HAL_SYSTICK_Config
 .text.HAL_DMA_Abort_IT
                0x0000000008004090       0x24 ./Drivers/STM32F4xx_HAL_Driver/Src/stm32f4xx_hal_dma.o
                0x0000000008004090                HAL_DMA_Abort_IT
 .text.HAL_DMA_GetState
                0x00000000080040b4        0x6 ./Drivers/STM32F4xx_HAL_Driver/Src/stm32f4xx_hal_dma.o
                0x00000000080040b4                HAL_DMA_GetState
 *fill*         0x00000000080040ba        0x2 
 .text.HAL_GPIO_Init
                0x00000000080040bc      0x1cc ./Drivers/STM32F4xx_HAL_Driver/Src/stm32f4xx_hal_gpio.o
                0x00000000080040bc                HAL_GPIO_Init
 .text.HAL_GPIO_WritePin
                0x0000000008004288        0xa ./Drivers/STM32F4xx_HAL_Driver/Src/stm32f4xx_hal_gpio.o
                0x0000000008004288                HAL_GPIO_WritePin
 .text.I2C_IsAcknowledgeFailed
                0x0000000008004292       0x34 ./Drivers/STM32F4xx_HAL_Driver/Src/stm32f4xx_hal_i2c.o
 .text.I2C_WaitOnFlagUntilTimeout
                0x00000000080042c6       0x64 ./Drivers/STM32F4xx_HAL_Driver/Src/stm32f4xx_hal_i2c.o
 .text.I2C_WaitOnMasterAddressFlagUntilTimeout
                0x000000000800432a       0x76 ./Drivers/STM32F4xx_HAL_Driver/Src/stm32f4xx_hal_i2c.o
 .text.I2C_WaitOnRXNEFlagUntilTimeout
                0x00000000080043a0       0x5e ./Drivers/STM32F4xx_HAL_Driver/Src/stm32f4xx_hal_i2c.o
 .text.I2C_WaitOnBTFFlagUntilTimeout
                0x00000000080043fe       0x4c ./Drivers/STM32F4xx_HAL_Driver/Src/stm32f4xx_hal_i2c.o
 .text.I2C_WaitOnTXEFlagUntilTimeout
                0x000000000800444a       0x4c ./Drivers/STM32F4xx_HAL_Driver/Src/stm32f4xx_hal_i2c.o
 *fill*         0x0000000008004496        0x2 
 .text.HAL_I2C_Init
                0x0000000008004498      0x150 ./Drivers/STM32F4xx_HAL_Driver/Src/stm32f4xx_hal_i2c.o
                0x0000000008004498                HAL_I2C_Init
 .text.HAL_I2C_Master_Transmit
                0x00000000080045e8      0x1b0 ./Drivers/STM32F4xx_HAL_Driver/Src/stm32f4xx_hal_i2c.o
                0x00000000080045e8                HAL_I2C_Master_Transmit
 .text.HAL_I2C_Master_Receive
                0x0000000008004798      0x2e0 ./Drivers/STM32F4xx_HAL_Driver/Src/stm32f4xx_hal_i2c.o
                0x0000000008004798                HAL_I2C_Master_Receive
 .text.HAL_I2C_MasterTxCpltCallback
                0x0000000008004a78        0x2 ./Drivers/STM32F4xx_HAL_Driver/Src/stm32f4xx_hal_i2c.o
                0x0000000008004a78                HAL_I2C_MasterTxCpltCallback
 .text.HAL_I2C_MasterRxCpltCallback
                0x0000000008004a7a        0x2 ./Drivers/STM32F4xx_HAL_Driver/Src/stm32f4xx_hal_i2c.o
                0x0000000008004a7a                HAL_I2C_MasterRxCpltCallback
 .text.HAL_I2C_SlaveTxCpltCallback
                0x0000000008004a7c        0x2 ./Drivers/STM32F4xx_HAL_Driver/Src/stm32f4xx_hal_i2c.o
                0x0000000008004a7c                HAL_I2C_SlaveTxCpltCallback
 .text.HAL_I2C_SlaveRxCpltCallback
                0x0000000008004a7e        0x2 ./Drivers/STM32F4xx_HAL_Driver/Src/stm32f4xx_hal_i2c.o
                0x0000000008004a7e                HAL_I2C_SlaveRxCpltCallback
 .text.HAL_I2C_AddrCallback
                0x0000000008004a80        0x2 ./Drivers/STM32F4xx_HAL_Driver/Src/stm32f4xx_hal_i2c.o
                0x0000000008004a80                HAL_I2C_AddrCallback
 .text.HAL_I2C_ListenCpltCallback
                0x0000000008004a82        0x2 ./Drivers/STM32F4xx_HAL_Driver/Src/stm32f4xx_hal_i2c.o
                0x0000000008004a82                HAL_I2C_ListenCpltCallback
 .text.HAL_I2C_MemTxCpltCallback
                0x0000000008004a84        0x2 ./Drivers/STM32F4xx_HAL_Driver/Src/stm32f4xx_hal_i2c.o
                0x0000000008004a84                HAL_I2C_MemTxCpltCallback
 .text.I2C_MemoryTransmit_TXE_BTF
                0x0000000008004a86       0xa2 ./Drivers/STM32F4xx_HAL_Driver/Src/stm32f4xx_hal_i2c.o
 .text.HAL_I2C_MemRxCpltCallback
                0x0000000008004b28        0x2 ./Drivers/STM32F4xx_HAL_Driver/Src/stm32f4xx_hal_i2c.o
                0x0000000008004b28                HAL_I2C_MemRxCpltCallback
 .text.HAL_I2C_ErrorCallback
                0x0000000008004b2a        0x2 ./Drivers/STM32F4xx_HAL_Driver/Src/stm32f4xx_hal_i2c.o
                0x0000000008004b2a                HAL_I2C_ErrorCallback
 .text.HAL_I2C_AbortCpltCallback
                0x0000000008004b2c        0x2 ./Drivers/STM32F4xx_HAL_Driver/Src/stm32f4xx_hal_i2c.o
                0x0000000008004b2c                HAL_I2C_AbortCpltCallback
 *fill*         0x0000000008004b2e        0x2 
 .text.I2C_DMAAbort
                0x0000000008004b30       0xc0 ./Drivers/STM32F4xx_HAL_Driver/Src/stm32f4xx_hal_i2c.o
 .text.I2C_ITError
                0x0000000008004bf0      0x150 ./Drivers/STM32F4xx_HAL_Driver/Src/stm32f4xx_hal_i2c.o
 .text.HAL_I2C_EV_IRQHandler
                0x0000000008004d40      0x868 ./Drivers/STM32F4xx_HAL_Driver/Src/stm32f4xx_hal_i2c.o
                0x0000000008004d40                HAL_I2C_EV_IRQHandler
 .text.HAL_I2C_ER_IRQHandler
                0x00000000080055a8      0x134 ./Drivers/STM32F4xx_HAL_Driver/Src/stm32f4xx_hal_i2c.o
                0x00000000080055a8                HAL_I2C_ER_IRQHandler
 .text.HAL_I2CEx_ConfigAnalogFilter
                0x00000000080056dc       0x3e ./Drivers/STM32F4xx_HAL_Driver/Src/stm32f4xx_hal_i2c_ex.o
                0x00000000080056dc                HAL_I2CEx_ConfigAnalogFilter
 .text.HAL_I2CEx_ConfigDigitalFilter
                0x000000000800571a       0x3e ./Drivers/STM32F4xx_HAL_Driver/Src/stm32f4xx_hal_i2c_ex.o
                0x000000000800571a                HAL_I2CEx_ConfigDigitalFilter
 .text.HAL_PCD_Init
                0x0000000008005758      0x10a ./Drivers/STM32F4xx_HAL_Driver/Src/stm32f4xx_hal_pcd.o
                0x0000000008005758                HAL_PCD_Init
 .text.HAL_PCD_Start
                0x0000000008005862       0x3e ./Drivers/STM32F4xx_HAL_Driver/Src/stm32f4xx_hal_pcd.o
                0x0000000008005862                HAL_PCD_Start
 .text.HAL_PCD_SetAddress
                0x00000000080058a0       0x28 ./Drivers/STM32F4xx_HAL_Driver/Src/stm32f4xx_hal_pcd.o
                0x00000000080058a0                HAL_PCD_SetAddress
 .text.HAL_PCD_EP_Open
                0x00000000080058c8       0x70 ./Drivers/STM32F4xx_HAL_Driver/Src/stm32f4xx_hal_pcd.o
                0x00000000080058c8                HAL_PCD_EP_Open
 .text.HAL_PCD_EP_Close
                0x0000000008005938       0x5e ./Drivers/STM32F4xx_HAL_Driver/Src/stm32f4xx_hal_pcd.o
                0x0000000008005938                HAL_PCD_EP_Close
 .text.HAL_PCD_EP_Receive
                0x0000000008005996       0x48 ./Drivers/STM32F4xx_HAL_Driver/Src/stm32f4xx_hal_pcd.o
                0x0000000008005996                HAL_PCD_EP_Receive
 .text.HAL_PCD_EP_GetRxCount
                0x00000000080059de       0x10 ./Drivers/STM32F4xx_HAL_Driver/Src/stm32f4xx_hal_pcd.o
                0x00000000080059de                HAL_PCD_EP_GetRxCount
 .text.HAL_PCD_EP_Transmit
                0x00000000080059ee       0x40 ./Drivers/STM32F4xx_HAL_Driver/Src/stm32f4xx_hal_pcd.o
                0x00000000080059ee                HAL_PCD_EP_Transmit
 .text.HAL_PCD_EP_SetStall
                0x0000000008005a2e       0x70 ./Drivers/STM32F4xx_HAL_Driver/Src/stm32f4xx_hal_pcd.o
                0x0000000008005a2e                HAL_PCD_EP_SetStall
 .text.HAL_PCD_EP_ClrStall
                0x0000000008005a9e       0x6c ./Drivers/STM32F4xx_HAL_Driver/Src/stm32f4xx_hal_pcd.o
                0x0000000008005a9e                HAL_PCD_EP_ClrStall
 .text.HAL_PCD_EP_Abort
                0x0000000008005b0a       0x20 ./Drivers/STM32F4xx_HAL_Driver/Src/stm32f4xx_hal_pcd.o
                0x0000000008005b0a                HAL_PCD_EP_Abort
 *fill*         0x0000000008005b2a        0x2 
 .text.HAL_PCD_IRQHandler
                0x0000000008005b2c      0x68c ./Drivers/STM32F4xx_HAL_Driver/Src/stm32f4xx_hal_pcd.o
                0x0000000008005b2c                HAL_PCD_IRQHandler
 .text.HAL_PCDEx_SetTxFiFo
                0x00000000080061b8       0x40 ./Drivers/STM32F4xx_HAL_Driver/Src/stm32f4xx_hal_pcd_ex.o
                0x00000000080061b8                HAL_PCDEx_SetTxFiFo
 .text.HAL_PCDEx_SetRxFiFo
                0x00000000080061f8        0x8 ./Drivers/STM32F4xx_HAL_Driver/Src/stm32f4xx_hal_pcd_ex.o
                0x00000000080061f8                HAL_PCDEx_SetRxFiFo
 .text.HAL_PCDEx_LPM_Callback
                0x0000000008006200        0x2 ./Drivers/STM32F4xx_HAL_Driver/Src/stm32f4xx_hal_pcd_ex.o
                0x0000000008006200                HAL_PCDEx_LPM_Callback
 *fill*         0x0000000008006202        0x2 
 .text.HAL_RCC_OscConfig
                0x0000000008006204      0x360 ./Drivers/STM32F4xx_HAL_Driver/Src/stm32f4xx_hal_rcc.o
                0x0000000008006204                HAL_RCC_OscConfig
 .text.HAL_RCC_GetSysClockFreq
                0x0000000008006564       0x5c ./Drivers/STM32F4xx_HAL_Driver/Src/stm32f4xx_hal_rcc.o
                0x0000000008006564                HAL_RCC_GetSysClockFreq
 .text.HAL_RCC_ClockConfig
                0x00000000080065c0      0x138 ./Drivers/STM32F4xx_HAL_Driver/Src/stm32f4xx_hal_rcc.o
                0x00000000080065c0                HAL_RCC_ClockConfig
 .text.HAL_RCC_GetHCLKFreq
                0x00000000080066f8        0xc ./Drivers/STM32F4xx_HAL_Driver/Src/stm32f4xx_hal_rcc.o
                0x00000000080066f8                HAL_RCC_GetHCLKFreq
 .text.HAL_RCC_GetPCLK1Freq
                0x0000000008006704       0x20 ./Drivers/STM32F4xx_HAL_Driver/Src/stm32f4xx_hal_rcc.o
                0x0000000008006704                HAL_RCC_GetPCLK1Freq
 .text.SPI_WaitFlagStateUntilTimeout.constprop.0
                0x0000000008006724       0xa8 ./Drivers/STM32F4xx_HAL_Driver/Src/stm32f4xx_hal_spi.o
 .text.SPI_EndRxTxTransaction
                0x00000000080067cc       0x58 ./Drivers/STM32F4xx_HAL_Driver/Src/stm32f4xx_hal_spi.o
 .text.HAL_SPI_Init
                0x0000000008006824       0xb8 ./Drivers/STM32F4xx_HAL_Driver/Src/stm32f4xx_hal_spi.o
                0x0000000008006824                HAL_SPI_Init
 .text.HAL_SPI_Transmit
                0x00000000080068dc      0x15c ./Drivers/STM32F4xx_HAL_Driver/Src/stm32f4xx_hal_spi.o
                0x00000000080068dc                HAL_SPI_Transmit
 .text.HAL_SPI_TransmitReceive
                0x0000000008006a38      0x1e8 ./Drivers/STM32F4xx_HAL_Driver/Src/stm32f4xx_hal_spi.o
                0x0000000008006a38                HAL_SPI_TransmitReceive
 .text.HAL_SPI_ErrorCallback
                0x0000000008006c20        0x2 ./Drivers/STM32F4xx_HAL_Driver/Src/stm32f4xx_hal_spi.o
                0x0000000008006c20                HAL_SPI_ErrorCallback
 *fill*         0x0000000008006c22        0x2 
 .text.HAL_SPI_IRQHandler
                0x0000000008006c24      0x10c ./Drivers/STM32F4xx_HAL_Driver/Src/stm32f4xx_hal_spi.o
                0x0000000008006c24                HAL_SPI_IRQHandler
 .text.SPI_DMAAbortOnError
                0x0000000008006d30       0x10 ./Drivers/STM32F4xx_HAL_Driver/Src/stm32f4xx_hal_spi.o
 .text.HAL_TIM_Base_Start_IT
                0x0000000008006d40       0x74 ./Drivers/STM32F4xx_HAL_Driver/Src/stm32f4xx_hal_tim.o
                0x0000000008006d40                HAL_TIM_Base_Start_IT
 .text.HAL_TIM_OC_DelayElapsedCallback
                0x0000000008006db4        0x2 ./Drivers/STM32F4xx_HAL_Driver/Src/stm32f4xx_hal_tim.o
                0x0000000008006db4                HAL_TIM_OC_DelayElapsedCallback
 .text.HAL_TIM_IC_CaptureCallback
                0x0000000008006db6        0x2 ./Drivers/STM32F4xx_HAL_Driver/Src/stm32f4xx_hal_tim.o
                0x0000000008006db6                HAL_TIM_IC_CaptureCallback
 .text.HAL_TIM_PWM_PulseFinishedCallback
                0x0000000008006db8        0x2 ./Drivers/STM32F4xx_HAL_Driver/Src/stm32f4xx_hal_tim.o
                0x0000000008006db8                HAL_TIM_PWM_PulseFinishedCallback
 .text.HAL_TIM_TriggerCallback
                0x0000000008006dba        0x2 ./Drivers/STM32F4xx_HAL_Driver/Src/stm32f4xx_hal_tim.o
                0x0000000008006dba                HAL_TIM_TriggerCallback
 .text.HAL_TIM_IRQHandler
                0x0000000008006dbc      0x144 ./Drivers/STM32F4xx_HAL_Driver/Src/stm32f4xx_hal_tim.o
                0x0000000008006dbc                HAL_TIM_IRQHandler
 .text.TIM_Base_SetConfig
                0x0000000008006f00       0xcc ./Drivers/STM32F4xx_HAL_Driver/Src/stm32f4xx_hal_tim.o
                0x0000000008006f00                TIM_Base_SetConfig
 .text.HAL_TIM_Base_Init
                0x0000000008006fcc       0x58 ./Drivers/STM32F4xx_HAL_Driver/Src/stm32f4xx_hal_tim.o
                0x0000000008006fcc                HAL_TIM_Base_Init
 .text.TIM_ETR_SetConfig
                0x0000000008007024       0x14 ./Drivers/STM32F4xx_HAL_Driver/Src/stm32f4xx_hal_tim.o
                0x0000000008007024                TIM_ETR_SetConfig
 .text.HAL_TIM_ConfigClockSource
                0x0000000008007038      0x138 ./Drivers/STM32F4xx_HAL_Driver/Src/stm32f4xx_hal_tim.o
                0x0000000008007038                HAL_TIM_ConfigClockSource
 .text.HAL_TIMEx_MasterConfigSynchronization
                0x0000000008007170       0x7c ./Drivers/STM32F4xx_HAL_Driver/Src/stm32f4xx_hal_tim_ex.o
                0x0000000008007170                HAL_TIMEx_MasterConfigSynchronization
 .text.HAL_TIMEx_CommutCallback
                0x00000000080071ec        0x2 ./Drivers/STM32F4xx_HAL_Driver/Src/stm32f4xx_hal_tim_ex.o
                0x00000000080071ec                HAL_TIMEx_CommutCallback
 .text.HAL_TIMEx_BreakCallback
                0x00000000080071ee        0x2 ./Drivers/STM32F4xx_HAL_Driver/Src/stm32f4xx_hal_tim_ex.o
                0x00000000080071ee                HAL_TIMEx_BreakCallback
 .text.USB_CoreReset
                0x00000000080071f0       0x4c ./Drivers/STM32F4xx_HAL_Driver/Src/stm32f4xx_ll_usb.o
 .text.USB_CoreInit
                0x000000000800723c       0x80 ./Drivers/STM32F4xx_HAL_Driver/Src/stm32f4xx_ll_usb.o
                0x000000000800723c                USB_CoreInit
 .text.USB_SetTurnaroundTime
                0x00000000080072bc       0xe0 ./Drivers/STM32F4xx_HAL_Driver/Src/stm32f4xx_ll_usb.o
                0x00000000080072bc                USB_SetTurnaroundTime
 .text.USB_EnableGlobalInt
                0x000000000800739c        0xc ./Drivers/STM32F4xx_HAL_Driver/Src/stm32f4xx_ll_usb.o
                0x000000000800739c                USB_EnableGlobalInt
 .text.USB_DisableGlobalInt
                0x00000000080073a8        0xc ./Drivers/STM32F4xx_HAL_Driver/Src/stm32f4xx_ll_usb.o
                0x00000000080073a8                USB_DisableGlobalInt
 .text.USB_SetCurrentMode
                0x00000000080073b4       0x60 ./Drivers/STM32F4xx_HAL_Driver/Src/stm32f4xx_ll_usb.o
                0x00000000080073b4                USB_SetCurrentMode
 .text.USB_FlushTxFifo
                0x0000000008007414       0x4c ./Drivers/STM32F4xx_HAL_Driver/Src/stm32f4xx_ll_usb.o
                0x0000000008007414                USB_FlushTxFifo
 .text.USB_FlushRxFifo
                0x0000000008007460       0x48 ./Drivers/STM32F4xx_HAL_Driver/Src/stm32f4xx_ll_usb.o
                0x0000000008007460                USB_FlushRxFifo
 .text.USB_SetDevSpeed
                0x00000000080074a8        0xe ./Drivers/STM32F4xx_HAL_Driver/Src/stm32f4xx_ll_usb.o
                0x00000000080074a8                USB_SetDevSpeed
 *fill*         0x00000000080074b6        0x2 
 .text.USB_DevInit
                0x00000000080074b8      0x170 ./Drivers/STM32F4xx_HAL_Driver/Src/stm32f4xx_ll_usb.o
                0x00000000080074b8                USB_DevInit
 .text.USB_GetDevSpeed
                0x0000000008007628       0x16 ./Drivers/STM32F4xx_HAL_Driver/Src/stm32f4xx_ll_usb.o
                0x0000000008007628                USB_GetDevSpeed
 .text.USB_ActivateEndpoint
                0x000000000800763e       0x7c ./Drivers/STM32F4xx_HAL_Driver/Src/stm32f4xx_ll_usb.o
                0x000000000800763e                USB_ActivateEndpoint
 *fill*         0x00000000080076ba        0x2 
 .text.USB_DeactivateEndpoint
                0x00000000080076bc       0xac ./Drivers/STM32F4xx_HAL_Driver/Src/stm32f4xx_ll_usb.o
                0x00000000080076bc                USB_DeactivateEndpoint
 .text.USB_EP0StartXfer
                0x0000000008007768       0xf8 ./Drivers/STM32F4xx_HAL_Driver/Src/stm32f4xx_ll_usb.o
                0x0000000008007768                USB_EP0StartXfer
 .text.USB_EPStopXfer
                0x0000000008007860       0x84 ./Drivers/STM32F4xx_HAL_Driver/Src/stm32f4xx_ll_usb.o
                0x0000000008007860                USB_EPStopXfer
 .text.USB_WritePacket
                0x00000000080078e4       0x26 ./Drivers/STM32F4xx_HAL_Driver/Src/stm32f4xx_ll_usb.o
                0x00000000080078e4                USB_WritePacket
 *fill*         0x000000000800790a        0x2 
 .text.USB_EPStartXfer
                0x000000000800790c      0x1d8 ./Drivers/STM32F4xx_HAL_Driver/Src/stm32f4xx_ll_usb.o
                0x000000000800790c                USB_EPStartXfer
 .text.USB_ReadPacket
                0x0000000008007ae4       0x40 ./Drivers/STM32F4xx_HAL_Driver/Src/stm32f4xx_ll_usb.o
                0x0000000008007ae4                USB_ReadPacket
 .text.USB_EPSetStall
                0x0000000008007b24       0x56 ./Drivers/STM32F4xx_HAL_Driver/Src/stm32f4xx_ll_usb.o
                0x0000000008007b24                USB_EPSetStall
 .text.USB_EPClearStall
                0x0000000008007b7a       0x52 ./Drivers/STM32F4xx_HAL_Driver/Src/stm32f4xx_ll_usb.o
                0x0000000008007b7a                USB_EPClearStall
 .text.USB_SetDevAddress
                0x0000000008007bcc       0x20 ./Drivers/STM32F4xx_HAL_Driver/Src/stm32f4xx_ll_usb.o
                0x0000000008007bcc                USB_SetDevAddress
 .text.USB_DevConnect
                0x0000000008007bec       0x1c ./Drivers/STM32F4xx_HAL_Driver/Src/stm32f4xx_ll_usb.o
                0x0000000008007bec                USB_DevConnect
 .text.USB_DevDisconnect
                0x0000000008007c08       0x1c ./Drivers/STM32F4xx_HAL_Driver/Src/stm32f4xx_ll_usb.o
                0x0000000008007c08                USB_DevDisconnect
 .text.USB_ReadInterrupts
                0x0000000008007c24        0x8 ./Drivers/STM32F4xx_HAL_Driver/Src/stm32f4xx_ll_usb.o
                0x0000000008007c24                USB_ReadInterrupts
 .text.USB_ReadDevAllOutEpInterrupt
                0x0000000008007c2c       0x10 ./Drivers/STM32F4xx_HAL_Driver/Src/stm32f4xx_ll_usb.o
                0x0000000008007c2c                USB_ReadDevAllOutEpInterrupt
 .text.USB_ReadDevAllInEpInterrupt
                0x0000000008007c3c       0x10 ./Drivers/STM32F4xx_HAL_Driver/Src/stm32f4xx_ll_usb.o
                0x0000000008007c3c                USB_ReadDevAllInEpInterrupt
 .text.USB_ReadDevOutEPInterrupt
                0x0000000008007c4c       0x12 ./Drivers/STM32F4xx_HAL_Driver/Src/stm32f4xx_ll_usb.o
                0x0000000008007c4c                USB_ReadDevOutEPInterrupt
 .text.USB_ReadDevInEPInterrupt
                0x0000000008007c5e       0x24 ./Drivers/STM32F4xx_HAL_Driver/Src/stm32f4xx_ll_usb.o
                0x0000000008007c5e                USB_ReadDevInEPInterrupt
 .text.USB_GetMode
                0x0000000008007c82        0x8 ./Drivers/STM32F4xx_HAL_Driver/Src/stm32f4xx_ll_usb.o
                0x0000000008007c82                USB_GetMode
 .text.USB_ActivateSetup
                0x0000000008007c8a       0x20 ./Drivers/STM32F4xx_HAL_Driver/Src/stm32f4xx_ll_usb.o
                0x0000000008007c8a                USB_ActivateSetup
 *fill*         0x0000000008007caa        0x2 
 .text.USB_EP0_OutStart
                0x0000000008007cac       0x4c ./Drivers/STM32F4xx_HAL_Driver/Src/stm32f4xx_ll_usb.o
                0x0000000008007cac                USB_EP0_OutStart
 .text.USBD_CDC_EP0_RxReady
                0x0000000008007cf8       0x36 ./Middlewares/ST/STM32_USB_Device_Library/Class/CDC/Src/usbd_cdc.o
 *fill*         0x0000000008007d2e        0x2 
 .text.USBD_CDC_GetDeviceQualifierDescriptor
                0x0000000008007d30        0xc ./Middlewares/ST/STM32_USB_Device_Library/Class/CDC/Src/usbd_cdc.o
                0x0000000008007d30                USBD_CDC_GetDeviceQualifierDescriptor
 .text.USBD_CDC_GetFSCfgDesc
                0x0000000008007d3c       0x48 ./Middlewares/ST/STM32_USB_Device_Library/Class/CDC/Src/usbd_cdc.o
 .text.USBD_CDC_GetOtherSpeedCfgDesc
                0x0000000008007d84        0x4 ./Middlewares/ST/STM32_USB_Device_Library/Class/CDC/Src/usbd_cdc.o
 .text.USBD_CDC_GetHSCfgDesc
                0x0000000008007d88       0x48 ./Middlewares/ST/STM32_USB_Device_Library/Class/CDC/Src/usbd_cdc.o
 .text.USBD_CDC_DataOut
                0x0000000008007dd0       0x38 ./Middlewares/ST/STM32_USB_Device_Library/Class/CDC/Src/usbd_cdc.o
 .text.USBD_CDC_DataIn
                0x0000000008007e08       0x68 ./Middlewares/ST/STM32_USB_Device_Library/Class/CDC/Src/usbd_cdc.o
 .text.USBD_CDC_Setup
                0x0000000008007e70      0x108 ./Middlewares/ST/STM32_USB_Device_Library/Class/CDC/Src/usbd_cdc.o
 .text.USBD_CDC_DeInit
                0x0000000008007f78       0x5a ./Middlewares/ST/STM32_USB_Device_Library/Class/CDC/Src/usbd_cdc.o
 .text.USBD_CDC_Init
                0x0000000008007fd2       0xd2 ./Middlewares/ST/STM32_USB_Device_Library/Class/CDC/Src/usbd_cdc.o
 .text.USBD_CDC_RegisterInterface
                0x00000000080080a4       0x16 ./Middlewares/ST/STM32_USB_Device_Library/Class/CDC/Src/usbd_cdc.o
                0x00000000080080a4                USBD_CDC_RegisterInterface
 .text.USBD_CDC_SetTxBuffer
                0x00000000080080ba       0x1c ./Middlewares/ST/STM32_USB_Device_Library/Class/CDC/Src/usbd_cdc.o
                0x00000000080080ba                USBD_CDC_SetTxBuffer
 .text.USBD_CDC_SetRxBuffer
                0x00000000080080d6       0x18 ./Middlewares/ST/STM32_USB_Device_Library/Class/CDC/Src/usbd_cdc.o
                0x00000000080080d6                USBD_CDC_SetRxBuffer
 .text.USBD_CDC_TransmitPacket
                0x00000000080080ee       0x36 ./Middlewares/ST/STM32_USB_Device_Library/Class/CDC/Src/usbd_cdc.o
                0x00000000080080ee                USBD_CDC_TransmitPacket
 .text.USBD_CDC_ReceivePacket
                0x0000000008008124       0x34 ./Middlewares/ST/STM32_USB_Device_Library/Class/CDC/Src/usbd_cdc.o
                0x0000000008008124                USBD_CDC_ReceivePacket
 .text.USBD_Init
                0x0000000008008158       0x26 ./Middlewares/ST/STM32_USB_Device_Library/Core/Src/usbd_core.o
                0x0000000008008158                USBD_Init
 .text.USBD_RegisterClass
                0x000000000800817e       0x32 ./Middlewares/ST/STM32_USB_Device_Library/Core/Src/usbd_core.o
                0x000000000800817e                USBD_RegisterClass
 .text.USBD_Start
                0x00000000080081b0        0x4 ./Middlewares/ST/STM32_USB_Device_Library/Core/Src/usbd_core.o
                0x00000000080081b0                USBD_Start
 .text.USBD_SetClassConfig
                0x00000000080081b4        0xe ./Middlewares/ST/STM32_USB_Device_Library/Core/Src/usbd_core.o
                0x00000000080081b4                USBD_SetClassConfig
 .text.USBD_ClrClassConfig
                0x00000000080081c2       0x12 ./Middlewares/ST/STM32_USB_Device_Library/Core/Src/usbd_core.o
                0x00000000080081c2                USBD_ClrClassConfig
 .text.USBD_LL_SetupStage
                0x00000000080081d4       0x60 ./Middlewares/ST/STM32_USB_Device_Library/Core/Src/usbd_core.o
                0x00000000080081d4                USBD_LL_SetupStage
 .text.USBD_LL_DataOutStage
                0x0000000008008234       0x6a ./Middlewares/ST/STM32_USB_Device_Library/Core/Src/usbd_core.o
                0x0000000008008234                USBD_LL_DataOutStage
 .text.USBD_LL_DataInStage
                0x000000000800829e       0xae ./Middlewares/ST/STM32_USB_Device_Library/Core/Src/usbd_core.o
                0x000000000800829e                USBD_LL_DataInStage
 .text.USBD_LL_Reset
                0x000000000800834c       0x5e ./Middlewares/ST/STM32_USB_Device_Library/Core/Src/usbd_core.o
                0x000000000800834c                USBD_LL_Reset
 .text.USBD_LL_SetSpeed
                0x00000000080083aa        0x6 ./Middlewares/ST/STM32_USB_Device_Library/Core/Src/usbd_core.o
                0x00000000080083aa                USBD_LL_SetSpeed
 .text.USBD_LL_Suspend
                0x00000000080083b0       0x14 ./Middlewares/ST/STM32_USB_Device_Library/Core/Src/usbd_core.o
                0x00000000080083b0                USBD_LL_Suspend
 .text.USBD_LL_Resume
                0x00000000080083c4       0x16 ./Middlewares/ST/STM32_USB_Device_Library/Core/Src/usbd_core.o
                0x00000000080083c4                USBD_LL_Resume
 .text.USBD_LL_SOF
                0x00000000080083da       0x1a ./Middlewares/ST/STM32_USB_Device_Library/Core/Src/usbd_core.o
                0x00000000080083da                USBD_LL_SOF
 .text.USBD_LL_IsoINIncomplete
                0x00000000080083f4       0x28 ./Middlewares/ST/STM32_USB_Device_Library/Core/Src/usbd_core.o
                0x00000000080083f4                USBD_LL_IsoINIncomplete
 .text.USBD_LL_IsoOUTIncomplete
                0x000000000800841c       0x28 ./Middlewares/ST/STM32_USB_Device_Library/Core/Src/usbd_core.o
                0x000000000800841c                USBD_LL_IsoOUTIncomplete
 .text.USBD_LL_DevConnected
                0x0000000008008444        0x4 ./Middlewares/ST/STM32_USB_Device_Library/Core/Src/usbd_core.o
                0x0000000008008444                USBD_LL_DevConnected
 .text.USBD_LL_DevDisconnected
                0x0000000008008448       0x20 ./Middlewares/ST/STM32_USB_Device_Library/Core/Src/usbd_core.o
                0x0000000008008448                USBD_LL_DevDisconnected
 .text.USBD_CoreFindIF
                0x0000000008008468        0x4 ./Middlewares/ST/STM32_USB_Device_Library/Core/Src/usbd_core.o
                0x0000000008008468                USBD_CoreFindIF
 .text.USBD_CoreFindEP
                0x000000000800846c        0x4 ./Middlewares/ST/STM32_USB_Device_Library/Core/Src/usbd_core.o
                0x000000000800846c                USBD_CoreFindEP
 .text.USBD_GetEpDesc
                0x0000000008008470       0x24 ./Middlewares/ST/STM32_USB_Device_Library/Core/Src/usbd_core.o
                0x0000000008008470                USBD_GetEpDesc
 .text.USBD_CtlError.constprop.0
                0x0000000008008494       0x16 ./Middlewares/ST/STM32_USB_Device_Library/Core/Src/usbd_ctlreq.o
 *fill*         0x00000000080084aa        0x2 
 .text.USBD_StdDevReq
                0x00000000080084ac      0x2ac ./Middlewares/ST/STM32_USB_Device_Library/Core/Src/usbd_ctlreq.o
                0x00000000080084ac                USBD_StdDevReq
 .text.USBD_StdItfReq
                0x0000000008008758       0x5e ./Middlewares/ST/STM32_USB_Device_Library/Core/Src/usbd_ctlreq.o
                0x0000000008008758                USBD_StdItfReq
 .text.USBD_StdEPReq
                0x00000000080087b6      0x13c ./Middlewares/ST/STM32_USB_Device_Library/Core/Src/usbd_ctlreq.o
                0x00000000080087b6                USBD_StdEPReq
 .text.USBD_ParseSetupRequest
                0x00000000080088f2       0x16 ./Middlewares/ST/STM32_USB_Device_Library/Core/Src/usbd_ctlreq.o
                0x00000000080088f2                USBD_ParseSetupRequest
 .text.USBD_CtlError
                0x0000000008008908       0x16 ./Middlewares/ST/STM32_USB_Device_Library/Core/Src/usbd_ctlreq.o
                0x0000000008008908                USBD_CtlError
 .text.USBD_GetString
                0x000000000800891e       0x38 ./Middlewares/ST/STM32_USB_Device_Library/Core/Src/usbd_ctlreq.o
                0x000000000800891e                USBD_GetString
 .text.USBD_CtlSendData
                0x0000000008008956       0x1a ./Middlewares/ST/STM32_USB_Device_Library/Core/Src/usbd_ioreq.o
                0x0000000008008956                USBD_CtlSendData
 .text.USBD_CtlContinueSendData
                0x0000000008008970       0x10 ./Middlewares/ST/STM32_USB_Device_Library/Core/Src/usbd_ioreq.o
                0x0000000008008970                USBD_CtlContinueSendData
 .text.USBD_CtlPrepareRx
                0x0000000008008980       0x1a ./Middlewares/ST/STM32_USB_Device_Library/Core/Src/usbd_ioreq.o
                0x0000000008008980                USBD_CtlPrepareRx
 .text.USBD_CtlContinueRx
                0x000000000800899a       0x10 ./Middlewares/ST/STM32_USB_Device_Library/Core/Src/usbd_ioreq.o
                0x000000000800899a                USBD_CtlContinueRx
 .text.USBD_CtlSendStatus
                0x00000000080089aa       0x16 ./Middlewares/ST/STM32_USB_Device_Library/Core/Src/usbd_ioreq.o
                0x00000000080089aa                USBD_CtlSendStatus
 .text.USBD_CtlReceiveStatus
                0x00000000080089c0       0x16 ./Middlewares/ST/STM32_USB_Device_Library/Core/Src/usbd_ioreq.o
                0x00000000080089c0                USBD_CtlReceiveStatus
 *fill*         0x00000000080089d6        0x2 
 .text.MX_USB_DEVICE_Init
                0x00000000080089d8       0x50 ./USB_DEVICE/App/usb_device.o
                0x00000000080089d8                MX_USB_DEVICE_Init
 .text.CDC_DeInit_FS
                0x0000000008008a28        0x4 ./USB_DEVICE/App/usbd_cdc_if.o
 .text.CDC_Control_FS
                0x0000000008008a2c        0x4 ./USB_DEVICE/App/usbd_cdc_if.o
 .text.CDC_TransmitCplt_FS
                0x0000000008008a30        0x4 ./USB_DEVICE/App/usbd_cdc_if.o
 .text.CDC_Init_FS
                0x0000000008008a34       0x28 ./USB_DEVICE/App/usbd_cdc_if.o
 .text.CDC_Receive_FS
                0x0000000008008a5c       0x40 ./USB_DEVICE/App/usbd_cdc_if.o
 .text.CDC_Transmit_FS
                0x0000000008008a9c       0x2c ./USB_DEVICE/App/usbd_cdc_if.o
                0x0000000008008a9c                CDC_Transmit_FS
 .text.USBD_FS_DeviceDescriptor
                0x0000000008008ac8        0xc ./USB_DEVICE/App/usbd_desc.o
                0x0000000008008ac8                USBD_FS_DeviceDescriptor
 .text.USBD_FS_LangIDStrDescriptor
                0x0000000008008ad4        0xc ./USB_DEVICE/App/usbd_desc.o
                0x0000000008008ad4                USBD_FS_LangIDStrDescriptor
 .text.IntToUnicode
                0x0000000008008ae0       0x2a ./USB_DEVICE/App/usbd_desc.o
 *fill*         0x0000000008008b0a        0x2 
 .text.USBD_FS_SerialStrDescriptor
                0x0000000008008b0c       0x3c ./USB_DEVICE/App/usbd_desc.o
                0x0000000008008b0c                USBD_FS_SerialStrDescriptor
 .text.USBD_FS_ManufacturerStrDescriptor
                0x0000000008008b48       0x1c ./USB_DEVICE/App/usbd_desc.o
                0x0000000008008b48                USBD_FS_ManufacturerStrDescriptor
 .text.USBD_FS_ProductStrDescriptor
                0x0000000008008b64       0x1c ./USB_DEVICE/App/usbd_desc.o
                0x0000000008008b64                USBD_FS_ProductStrDescriptor
 .text.USBD_FS_ConfigStrDescriptor
                0x0000000008008b80       0x1c ./USB_DEVICE/App/usbd_desc.o
                0x0000000008008b80                USBD_FS_ConfigStrDescriptor
 .text.USBD_FS_InterfaceStrDescriptor
                0x0000000008008b9c       0x1c ./USB_DEVICE/App/usbd_desc.o
                0x0000000008008b9c                USBD_FS_InterfaceStrDescriptor
 .text.HAL_PCD_MspInit
                0x0000000008008bb8       0x84 ./USB_DEVICE/Target/usbd_conf.o
                0x0000000008008bb8                HAL_PCD_MspInit
 .text.HAL_PCD_SetupStageCallback
                0x0000000008008c3c        0xc ./USB_DEVICE/Target/usbd_conf.o
                0x0000000008008c3c                HAL_PCD_SetupStageCallback
 .text.HAL_PCD_DataOutStageCallback
                0x0000000008008c48       0x12 ./USB_DEVICE/Target/usbd_conf.o
                0x0000000008008c48                HAL_PCD_DataOutStageCallback
 .text.HAL_PCD_DataInStageCallback
                0x0000000008008c5a       0x10 ./USB_DEVICE/Target/usbd_conf.o
                0x0000000008008c5a                HAL_PCD_DataInStageCallback
 .text.HAL_PCD_SOFCallback
                0x0000000008008c6a        0x8 ./USB_DEVICE/Target/usbd_conf.o
                0x0000000008008c6a                HAL_PCD_SOFCallback
 .text.HAL_PCD_ResetCallback
                0x0000000008008c72       0x26 ./USB_DEVICE/Target/usbd_conf.o
                0x0000000008008c72                HAL_PCD_ResetCallback
 .text.HAL_PCD_SuspendCallback
                0x0000000008008c98       0x30 ./USB_DEVICE/Target/usbd_conf.o
                0x0000000008008c98                HAL_PCD_SuspendCallback
 .text.HAL_PCD_ResumeCallback
                0x0000000008008cc8        0x8 ./USB_DEVICE/Target/usbd_conf.o
                0x0000000008008cc8                HAL_PCD_ResumeCallback
 .text.HAL_PCD_ISOOUTIncompleteCallback
                0x0000000008008cd0        0x8 ./USB_DEVICE/Target/usbd_conf.o
                0x0000000008008cd0                HAL_PCD_ISOOUTIncompleteCallback
 .text.HAL_PCD_ISOINIncompleteCallback
                0x0000000008008cd8        0x8 ./USB_DEVICE/Target/usbd_conf.o
                0x0000000008008cd8                HAL_PCD_ISOINIncompleteCallback
 .text.HAL_PCD_ConnectCallback
                0x0000000008008ce0        0x8 ./USB_DEVICE/Target/usbd_conf.o
                0x0000000008008ce0                HAL_PCD_ConnectCallback
 .text.HAL_PCD_DisconnectCallback
                0x0000000008008ce8        0x8 ./USB_DEVICE/Target/usbd_conf.o
                0x0000000008008ce8                HAL_PCD_DisconnectCallback
 .text.USBD_LL_Init
                0x0000000008008cf0       0x60 ./USB_DEVICE/Target/usbd_conf.o
                0x0000000008008cf0                USBD_LL_Init
 .text.USBD_LL_IsStallEP
                0x0000000008008d50       0x26 ./USB_DEVICE/Target/usbd_conf.o
                0x0000000008008d50                USBD_LL_IsStallEP
 .text.USBD_LL_GetRxDataSize
                0x0000000008008d76        0x8 ./USB_DEVICE/Target/usbd_conf.o
                0x0000000008008d76                USBD_LL_GetRxDataSize
 *fill*         0x0000000008008d7e        0x2 
 .text.USBD_static_malloc
                0x0000000008008d80        0x8 ./USB_DEVICE/Target/usbd_conf.o
                0x0000000008008d80                USBD_static_malloc
 .text.USBD_static_free
                0x0000000008008d88        0x2 ./USB_DEVICE/Target/usbd_conf.o
                0x0000000008008d88                USBD_static_free
 *fill*         0x0000000008008d8a        0x2 
 .text.USBD_Get_USB_Status
                0x0000000008008d8c       0x10 ./USB_DEVICE/Target/usbd_conf.o
                0x0000000008008d8c                USBD_Get_USB_Status
 .text.USBD_LL_Start
                0x0000000008008d9c       0x12 ./USB_DEVICE/Target/usbd_conf.o
                0x0000000008008d9c                USBD_LL_Start
 .text.USBD_LL_OpenEP
                0x0000000008008dae       0x18 ./USB_DEVICE/Target/usbd_conf.o
                0x0000000008008dae                USBD_LL_OpenEP
 .text.USBD_LL_CloseEP
                0x0000000008008dc6       0x12 ./USB_DEVICE/Target/usbd_conf.o
                0x0000000008008dc6                USBD_LL_CloseEP
 .text.USBD_LL_StallEP
                0x0000000008008dd8       0x12 ./USB_DEVICE/Target/usbd_conf.o
                0x0000000008008dd8                USBD_LL_StallEP
 .text.USBD_LL_ClearStallEP
                0x0000000008008dea       0x12 ./USB_DEVICE/Target/usbd_conf.o
                0x0000000008008dea                USBD_LL_ClearStallEP
 .text.USBD_LL_SetUSBAddress
                0x0000000008008dfc       0x12 ./USB_DEVICE/Target/usbd_conf.o
                0x0000000008008dfc                USBD_LL_SetUSBAddress
 .text.USBD_LL_Transmit
                0x0000000008008e0e       0x12 ./USB_DEVICE/Target/usbd_conf.o
                0x0000000008008e0e                USBD_LL_Transmit
 .text.USBD_LL_PrepareReceive
                0x0000000008008e20       0x12 ./USB_DEVICE/Target/usbd_conf.o
                0x0000000008008e20                USBD_LL_PrepareReceive
 *fill*         0x0000000008008e32        0x2 
 .text.__errno  0x0000000008008e34        0xc c:/st/stm32cubeide_1.12.0/stm32cubeide/plugins/com.st.stm32cube.ide.mcu.externaltools.gnu-tools-for-stm32.10.3-2021.10.win32_1.0.200.202301161003/tools/bin/../lib/gcc/arm-none-eabi/10.3.1/../../../../arm-none-eabi/lib/thumb/v7e-m+fp/hard\libc_nano.a(lib_a-errno.o)
                0x0000000008008e34                __errno
 .text.__libc_init_array
                0x0000000008008e40       0x48 c:/st/stm32cubeide_1.12.0/stm32cubeide/plugins/com.st.stm32cube.ide.mcu.externaltools.gnu-tools-for-stm32.10.3-2021.10.win32_1.0.200.202301161003/tools/bin/../lib/gcc/arm-none-eabi/10.3.1/../../../../arm-none-eabi/lib/thumb/v7e-m+fp/hard\libc_nano.a(lib_a-init.o)
                0x0000000008008e40                __libc_init_array
 .text.memcpy   0x0000000008008e88       0x1c c:/st/stm32cubeide_1.12.0/stm32cubeide/plugins/com.st.stm32cube.ide.mcu.externaltools.gnu-tools-for-stm32.10.3-2021.10.win32_1.0.200.202301161003/tools/bin/../lib/gcc/arm-none-eabi/10.3.1/../../../../arm-none-eabi/lib/thumb/v7e-m+fp/hard\libc_nano.a(lib_a-memcpy-stub.o)
                0x0000000008008e88                memcpy
 .text.memmove  0x0000000008008ea4       0x34 c:/st/stm32cubeide_1.12.0/stm32cubeide/plugins/com.st.stm32cube.ide.mcu.externaltools.gnu-tools-for-stm32.10.3-2021.10.win32_1.0.200.202301161003/tools/bin/../lib/gcc/arm-none-eabi/10.3.1/../../../../arm-none-eabi/lib/thumb/v7e-m+fp/hard\libc_nano.a(lib_a-memmove.o)
                0x0000000008008ea4                memmove
 .text.memset   0x0000000008008ed8       0x10 c:/st/stm32cubeide_1.12.0/stm32cubeide/plugins/com.st.stm32cube.ide.mcu.externaltools.gnu-tools-for-stm32.10.3-2021.10.win32_1.0.200.202301161003/tools/bin/../lib/gcc/arm-none-eabi/10.3.1/../../../../arm-none-eabi/lib/thumb/v7e-m+fp/hard\libc_nano.a(lib_a-memset.o)
                0x0000000008008ed8                memset
 .text.printf   0x0000000008008ee8       0x30 c:/st/stm32cubeide_1.12.0/stm32cubeide/plugins/com.st.stm32cube.ide.mcu.externaltools.gnu-tools-for-stm32.10.3-2021.10.win32_1.0.200.202301161003/tools/bin/../lib/gcc/arm-none-eabi/10.3.1/../../../../arm-none-eabi/lib/thumb/v7e-m+fp/hard\libc_nano.a(lib_a-printf.o)
                0x0000000008008ee8                iprintf
                0x0000000008008ee8                printf
 .text._puts_r  0x0000000008008f18       0xdc c:/st/stm32cubeide_1.12.0/stm32cubeide/plugins/com.st.stm32cube.ide.mcu.externaltools.gnu-tools-for-stm32.10.3-2021.10.win32_1.0.200.202301161003/tools/bin/../lib/gcc/arm-none-eabi/10.3.1/../../../../arm-none-eabi/lib/thumb/v7e-m+fp/hard\libc_nano.a(lib_a-puts.o)
                0x0000000008008f18                _puts_r
 .text.puts     0x0000000008008ff4       0x10 c:/st/stm32cubeide_1.12.0/stm32cubeide/plugins/com.st.stm32cube.ide.mcu.externaltools.gnu-tools-for-stm32.10.3-2021.10.win32_1.0.200.202301161003/tools/bin/../lib/gcc/arm-none-eabi/10.3.1/../../../../arm-none-eabi/lib/thumb/v7e-m+fp/hard\libc_nano.a(lib_a-puts.o)
                0x0000000008008ff4                puts
 .text.snprintf
                0x0000000008009004       0x68 c:/st/stm32cubeide_1.12.0/stm32cubeide/plugins/com.st.stm32cube.ide.mcu.externaltools.gnu-tools-for-stm32.10.3-2021.10.win32_1.0.200.202301161003/tools/bin/../lib/gcc/arm-none-eabi/10.3.1/../../../../arm-none-eabi/lib/thumb/v7e-m+fp/hard\libc_nano.a(lib_a-snprintf.o)
                0x0000000008009004                sniprintf
                0x0000000008009004                snprintf
 .text.sprintf  0x000000000800906c       0x40 c:/st/stm32cubeide_1.12.0/stm32cubeide/plugins/com.st.stm32cube.ide.mcu.externaltools.gnu-tools-for-stm32.10.3-2021.10.win32_1.0.200.202301161003/tools/bin/../lib/gcc/arm-none-eabi/10.3.1/../../../../arm-none-eabi/lib/thumb/v7e-m+fp/hard\libc_nano.a(lib_a-sprintf.o)
                0x000000000800906c                siprintf
                0x000000000800906c                sprintf
 .text.sscanf   0x00000000080090ac       0x58 c:/st/stm32cubeide_1.12.0/stm32cubeide/plugins/com.st.stm32cube.ide.mcu.externaltools.gnu-tools-for-stm32.10.3-2021.10.win32_1.0.200.202301161003/tools/bin/../lib/gcc/arm-none-eabi/10.3.1/../../../../arm-none-eabi/lib/thumb/v7e-m+fp/hard\libc_nano.a(lib_a-sscanf.o)
                0x00000000080090ac                siscanf
                0x00000000080090ac                sscanf
 .text.__sread  0x0000000008009104       0x22 c:/st/stm32cubeide_1.12.0/stm32cubeide/plugins/com.st.stm32cube.ide.mcu.externaltools.gnu-tools-for-stm32.10.3-2021.10.win32_1.0.200.202301161003/tools/bin/../lib/gcc/arm-none-eabi/10.3.1/../../../../arm-none-eabi/lib/thumb/v7e-m+fp/hard\libc_nano.a(lib_a-stdio.o)
                0x0000000008009104                __sread
 .text.__seofread
                0x0000000008009126        0x4 c:/st/stm32cubeide_1.12.0/stm32cubeide/plugins/com.st.stm32cube.ide.mcu.externaltools.gnu-tools-for-stm32.10.3-2021.10.win32_1.0.200.202301161003/tools/bin/../lib/gcc/arm-none-eabi/10.3.1/../../../../arm-none-eabi/lib/thumb/v7e-m+fp/hard\libc_nano.a(lib_a-stdio.o)
                0x0000000008009126                __seofread
 .text.__swrite
                0x000000000800912a       0x38 c:/st/stm32cubeide_1.12.0/stm32cubeide/plugins/com.st.stm32cube.ide.mcu.externaltools.gnu-tools-for-stm32.10.3-2021.10.win32_1.0.200.202301161003/tools/bin/../lib/gcc/arm-none-eabi/10.3.1/../../../../arm-none-eabi/lib/thumb/v7e-m+fp/hard\libc_nano.a(lib_a-stdio.o)
                0x000000000800912a                __swrite
 .text.__sseek  0x0000000008009162       0x24 c:/st/stm32cubeide_1.12.0/stm32cubeide/plugins/com.st.stm32cube.ide.mcu.externaltools.gnu-tools-for-stm32.10.3-2021.10.win32_1.0.200.202301161003/tools/bin/../lib/gcc/arm-none-eabi/10.3.1/../../../../arm-none-eabi/lib/thumb/v7e-m+fp/hard\libc_nano.a(lib_a-stdio.o)
                0x0000000008009162                __sseek
 .text.__sclose
                0x0000000008009186        0x8 c:/st/stm32cubeide_1.12.0/stm32cubeide/plugins/com.st.stm32cube.ide.mcu.externaltools.gnu-tools-for-stm32.10.3-2021.10.win32_1.0.200.202301161003/tools/bin/../lib/gcc/arm-none-eabi/10.3.1/../../../../arm-none-eabi/lib/thumb/v7e-m+fp/hard\libc_nano.a(lib_a-stdio.o)
                0x0000000008009186                __sclose
 .text.strcpy   0x000000000800918e       0x10 c:/st/stm32cubeide_1.12.0/stm32cubeide/plugins/com.st.stm32cube.ide.mcu.externaltools.gnu-tools-for-stm32.10.3-2021.10.win32_1.0.200.202301161003/tools/bin/../lib/gcc/arm-none-eabi/10.3.1/../../../../arm-none-eabi/lib/thumb/v7e-m+fp/hard\libc_nano.a(lib_a-strcpy.o)
                0x000000000800918e                strcpy
 .text.strstr   0x000000000800919e       0x2c c:/st/stm32cubeide_1.12.0/stm32cubeide/plugins/com.st.stm32cube.ide.mcu.externaltools.gnu-tools-for-stm32.10.3-2021.10.win32_1.0.200.202301161003/tools/bin/../lib/gcc/arm-none-eabi/10.3.1/../../../../arm-none-eabi/lib/thumb/v7e-m+fp/hard\libc_nano.a(lib_a-strstr.o)
                0x000000000800919e                strstr
 *fill*         0x00000000080091ca        0x2 
 .text.__swbuf_r
                0x00000000080091cc       0xa4 c:/st/stm32cubeide_1.12.0/stm32cubeide/plugins/com.st.stm32cube.ide.mcu.externaltools.gnu-tools-for-stm32.10.3-2021.10.win32_1.0.200.202301161003/tools/bin/../lib/gcc/arm-none-eabi/10.3.1/../../../../arm-none-eabi/lib/thumb/v7e-m+fp/hard\libc_nano.a(lib_a-wbuf.o)
                0x00000000080091cc                __swbuf_r
 .text._write_r
                0x0000000008009270       0x24 c:/st/stm32cubeide_1.12.0/stm32cubeide/plugins/com.st.stm32cube.ide.mcu.externaltools.gnu-tools-for-stm32.10.3-2021.10.win32_1.0.200.202301161003/tools/bin/../lib/gcc/arm-none-eabi/10.3.1/../../../../arm-none-eabi/lib/thumb/v7e-m+fp/hard\libc_nano.a(lib_a-writer.o)
                0x0000000008009270                _write_r
 .text.__swsetup_r
                0x0000000008009294       0xdc c:/st/stm32cubeide_1.12.0/stm32cubeide/plugins/com.st.stm32cube.ide.mcu.externaltools.gnu-tools-for-stm32.10.3-2021.10.win32_1.0.200.202301161003/tools/bin/../lib/gcc/arm-none-eabi/10.3.1/../../../../arm-none-eabi/lib/thumb/v7e-m+fp/hard\libc_nano.a(lib_a-wsetup.o)
                0x0000000008009294                __swsetup_r
 .text._close_r
                0x0000000008009370       0x20 c:/st/stm32cubeide_1.12.0/stm32cubeide/plugins/com.st.stm32cube.ide.mcu.externaltools.gnu-tools-for-stm32.10.3-2021.10.win32_1.0.200.202301161003/tools/bin/../lib/gcc/arm-none-eabi/10.3.1/../../../../arm-none-eabi/lib/thumb/v7e-m+fp/hard\libc_nano.a(lib_a-closer.o)
                0x0000000008009370                _close_r
 .text.__sflush_r
                0x0000000008009390      0x10c c:/st/stm32cubeide_1.12.0/stm32cubeide/plugins/com.st.stm32cube.ide.mcu.externaltools.gnu-tools-for-stm32.10.3-2021.10.win32_1.0.200.202301161003/tools/bin/../lib/gcc/arm-none-eabi/10.3.1/../../../../arm-none-eabi/lib/thumb/v7e-m+fp/hard\libc_nano.a(lib_a-fflush.o)
                0x0000000008009390                __sflush_r
 .text._fflush_r
                0x000000000800949c       0x78 c:/st/stm32cubeide_1.12.0/stm32cubeide/plugins/com.st.stm32cube.ide.mcu.externaltools.gnu-tools-for-stm32.10.3-2021.10.win32_1.0.200.202301161003/tools/bin/../lib/gcc/arm-none-eabi/10.3.1/../../../../arm-none-eabi/lib/thumb/v7e-m+fp/hard\libc_nano.a(lib_a-fflush.o)
                0x000000000800949c                _fflush_r
 .text.std      0x0000000008009514       0x48 c:/st/stm32cubeide_1.12.0/stm32cubeide/plugins/com.st.stm32cube.ide.mcu.externaltools.gnu-tools-for-stm32.10.3-2021.10.win32_1.0.200.202301161003/tools/bin/../lib/gcc/arm-none-eabi/10.3.1/../../../../arm-none-eabi/lib/thumb/v7e-m+fp/hard\libc_nano.a(lib_a-findfp.o)
 .text._cleanup_r
                0x000000000800955c        0xc c:/st/stm32cubeide_1.12.0/stm32cubeide/plugins/com.st.stm32cube.ide.mcu.externaltools.gnu-tools-for-stm32.10.3-2021.10.win32_1.0.200.202301161003/tools/bin/../lib/gcc/arm-none-eabi/10.3.1/../../../../arm-none-eabi/lib/thumb/v7e-m+fp/hard\libc_nano.a(lib_a-findfp.o)
                0x000000000800955c                _cleanup_r
 .text.__sfmoreglue
                0x0000000008009568       0x2c c:/st/stm32cubeide_1.12.0/stm32cubeide/plugins/com.st.stm32cube.ide.mcu.externaltools.gnu-tools-for-stm32.10.3-2021.10.win32_1.0.200.202301161003/tools/bin/../lib/gcc/arm-none-eabi/10.3.1/../../../../arm-none-eabi/lib/thumb/v7e-m+fp/hard\libc_nano.a(lib_a-findfp.o)
                0x0000000008009568                __sfmoreglue
 .text.__sfp_lock_acquire
                0x0000000008009594        0xc c:/st/stm32cubeide_1.12.0/stm32cubeide/plugins/com.st.stm32cube.ide.mcu.externaltools.gnu-tools-for-stm32.10.3-2021.10.win32_1.0.200.202301161003/tools/bin/../lib/gcc/arm-none-eabi/10.3.1/../../../../arm-none-eabi/lib/thumb/v7e-m+fp/hard\libc_nano.a(lib_a-findfp.o)
                0x0000000008009594                __sfp_lock_acquire
 .text.__sfp_lock_release
                0x00000000080095a0        0xc c:/st/stm32cubeide_1.12.0/stm32cubeide/plugins/com.st.stm32cube.ide.mcu.externaltools.gnu-tools-for-stm32.10.3-2021.10.win32_1.0.200.202301161003/tools/bin/../lib/gcc/arm-none-eabi/10.3.1/../../../../arm-none-eabi/lib/thumb/v7e-m+fp/hard\libc_nano.a(lib_a-findfp.o)
                0x00000000080095a0                __sfp_lock_release
 .text.__sinit_lock_acquire
                0x00000000080095ac        0xc c:/st/stm32cubeide_1.12.0/stm32cubeide/plugins/com.st.stm32cube.ide.mcu.externaltools.gnu-tools-for-stm32.10.3-2021.10.win32_1.0.200.202301161003/tools/bin/../lib/gcc/arm-none-eabi/10.3.1/../../../../arm-none-eabi/lib/thumb/v7e-m+fp/hard\libc_nano.a(lib_a-findfp.o)
                0x00000000080095ac                __sinit_lock_acquire
 .text.__sinit_lock_release
                0x00000000080095b8        0xc c:/st/stm32cubeide_1.12.0/stm32cubeide/plugins/com.st.stm32cube.ide.mcu.externaltools.gnu-tools-for-stm32.10.3-2021.10.win32_1.0.200.202301161003/tools/bin/../lib/gcc/arm-none-eabi/10.3.1/../../../../arm-none-eabi/lib/thumb/v7e-m+fp/hard\libc_nano.a(lib_a-findfp.o)
                0x00000000080095b8                __sinit_lock_release
 .text.__sinit  0x00000000080095c4       0x70 c:/st/stm32cubeide_1.12.0/stm32cubeide/plugins/com.st.stm32cube.ide.mcu.externaltools.gnu-tools-for-stm32.10.3-2021.10.win32_1.0.200.202301161003/tools/bin/../lib/gcc/arm-none-eabi/10.3.1/../../../../arm-none-eabi/lib/thumb/v7e-m+fp/hard\libc_nano.a(lib_a-findfp.o)
                0x00000000080095c4                __sinit
 .text.__sfp    0x0000000008009634       0x8c c:/st/stm32cubeide_1.12.0/stm32cubeide/plugins/com.st.stm32cube.ide.mcu.externaltools.gnu-tools-for-stm32.10.3-2021.10.win32_1.0.200.202301161003/tools/bin/../lib/gcc/arm-none-eabi/10.3.1/../../../../arm-none-eabi/lib/thumb/v7e-m+fp/hard\libc_nano.a(lib_a-findfp.o)
                0x0000000008009634                __sfp
 .text._fwalk_reent
                0x00000000080096c0       0x3e c:/st/stm32cubeide_1.12.0/stm32cubeide/plugins/com.st.stm32cube.ide.mcu.externaltools.gnu-tools-for-stm32.10.3-2021.10.win32_1.0.200.202301161003/tools/bin/../lib/gcc/arm-none-eabi/10.3.1/../../../../arm-none-eabi/lib/thumb/v7e-m+fp/hard\libc_nano.a(lib_a-fwalk.o)
                0x00000000080096c0                _fwalk_reent
 .text.__retarget_lock_init_recursive
                0x00000000080096fe        0x2 c:/st/stm32cubeide_1.12.0/stm32cubeide/plugins/com.st.stm32cube.ide.mcu.externaltools.gnu-tools-for-stm32.10.3-2021.10.win32_1.0.200.202301161003/tools/bin/../lib/gcc/arm-none-eabi/10.3.1/../../../../arm-none-eabi/lib/thumb/v7e-m+fp/hard\libc_nano.a(lib_a-lock.o)
                0x00000000080096fe                __retarget_lock_init_recursive
 .text.__retarget_lock_acquire_recursive
                0x0000000008009700        0x2 c:/st/stm32cubeide_1.12.0/stm32cubeide/plugins/com.st.stm32cube.ide.mcu.externaltools.gnu-tools-for-stm32.10.3-2021.10.win32_1.0.200.202301161003/tools/bin/../lib/gcc/arm-none-eabi/10.3.1/../../../../arm-none-eabi/lib/thumb/v7e-m+fp/hard\libc_nano.a(lib_a-lock.o)
                0x0000000008009700                __retarget_lock_acquire_recursive
 .text.__retarget_lock_release_recursive
                0x0000000008009702        0x2 c:/st/stm32cubeide_1.12.0/stm32cubeide/plugins/com.st.stm32cube.ide.mcu.externaltools.gnu-tools-for-stm32.10.3-2021.10.win32_1.0.200.202301161003/tools/bin/../lib/gcc/arm-none-eabi/10.3.1/../../../../arm-none-eabi/lib/thumb/v7e-m+fp/hard\libc_nano.a(lib_a-lock.o)
                0x0000000008009702                __retarget_lock_release_recursive
 .text._lseek_r
                0x0000000008009704       0x24 c:/st/stm32cubeide_1.12.0/stm32cubeide/plugins/com.st.stm32cube.ide.mcu.externaltools.gnu-tools-for-stm32.10.3-2021.10.win32_1.0.200.202301161003/tools/bin/../lib/gcc/arm-none-eabi/10.3.1/../../../../arm-none-eabi/lib/thumb/v7e-m+fp/hard\libc_nano.a(lib_a-lseekr.o)
                0x0000000008009704                _lseek_r
 .text.__swhatbuf_r
                0x0000000008009728       0x4a c:/st/stm32cubeide_1.12.0/stm32cubeide/plugins/com.st.stm32cube.ide.mcu.externaltools.gnu-tools-for-stm32.10.3-2021.10.win32_1.0.200.202301161003/tools/bin/../lib/gcc/arm-none-eabi/10.3.1/../../../../arm-none-eabi/lib/thumb/v7e-m+fp/hard\libc_nano.a(lib_a-makebuf.o)
                0x0000000008009728                __swhatbuf_r
 *fill*         0x0000000008009772        0x2 
 .text.__smakebuf_r
                0x0000000008009774       0x80 c:/st/stm32cubeide_1.12.0/stm32cubeide/plugins/com.st.stm32cube.ide.mcu.externaltools.gnu-tools-for-stm32.10.3-2021.10.win32_1.0.200.202301161003/tools/bin/../lib/gcc/arm-none-eabi/10.3.1/../../../../arm-none-eabi/lib/thumb/v7e-m+fp/hard\libc_nano.a(lib_a-makebuf.o)
                0x0000000008009774                __smakebuf_r
 .text._free_r  0x00000000080097f4       0x98 c:/st/stm32cubeide_1.12.0/stm32cubeide/plugins/com.st.stm32cube.ide.mcu.externaltools.gnu-tools-for-stm32.10.3-2021.10.win32_1.0.200.202301161003/tools/bin/../lib/gcc/arm-none-eabi/10.3.1/../../../../arm-none-eabi/lib/thumb/v7e-m+fp/hard\libc_nano.a(lib_a-nano-freer.o)
                0x00000000080097f4                _free_r
 .text.sbrk_aligned
                0x000000000800988c       0x40 c:/st/stm32cubeide_1.12.0/stm32cubeide/plugins/com.st.stm32cube.ide.mcu.externaltools.gnu-tools-for-stm32.10.3-2021.10.win32_1.0.200.202301161003/tools/bin/../lib/gcc/arm-none-eabi/10.3.1/../../../../arm-none-eabi/lib/thumb/v7e-m+fp/hard\libc_nano.a(lib_a-nano-mallocr.o)
 .text._malloc_r
                0x00000000080098cc       0xe8 c:/st/stm32cubeide_1.12.0/stm32cubeide/plugins/com.st.stm32cube.ide.mcu.externaltools.gnu-tools-for-stm32.10.3-2021.10.win32_1.0.200.202301161003/tools/bin/../lib/gcc/arm-none-eabi/10.3.1/../../../../arm-none-eabi/lib/thumb/v7e-m+fp/hard\libc_nano.a(lib_a-nano-mallocr.o)
                0x00000000080098cc                _malloc_r
 .text.__ssputs_r
                0x00000000080099b4       0xb6 c:/st/stm32cubeide_1.12.0/stm32cubeide/plugins/com.st.stm32cube.ide.mcu.externaltools.gnu-tools-for-stm32.10.3-2021.10.win32_1.0.200.202301161003/tools/bin/../lib/gcc/arm-none-eabi/10.3.1/../../../../arm-none-eabi/lib/thumb/v7e-m+fp/hard\libc_nano.a(lib_a-nano-svfprintf.o)
                0x00000000080099b4                __ssputs_r
 *fill*         0x0000000008009a6a        0x2 
 .text._svfprintf_r
                0x0000000008009a6c      0x200 c:/st/stm32cubeide_1.12.0/stm32cubeide/plugins/com.st.stm32cube.ide.mcu.externaltools.gnu-tools-for-stm32.10.3-2021.10.win32_1.0.200.202301161003/tools/bin/../lib/gcc/arm-none-eabi/10.3.1/../../../../arm-none-eabi/lib/thumb/v7e-m+fp/hard\libc_nano.a(lib_a-nano-svfprintf.o)
                0x0000000008009a6c                _svfiprintf_r
                0x0000000008009a6c                _svfprintf_r
 .text._sungetc_r
                0x0000000008009c6c       0x7a c:/st/stm32cubeide_1.12.0/stm32cubeide/plugins/com.st.stm32cube.ide.mcu.externaltools.gnu-tools-for-stm32.10.3-2021.10.win32_1.0.200.202301161003/tools/bin/../lib/gcc/arm-none-eabi/10.3.1/../../../../arm-none-eabi/lib/thumb/v7e-m+fp/hard\libc_nano.a(lib_a-nano-svfscanf.o)
                0x0000000008009c6c                _sungetc_r
 .text.__ssrefill_r
                0x0000000008009ce6       0x3a c:/st/stm32cubeide_1.12.0/stm32cubeide/plugins/com.st.stm32cube.ide.mcu.externaltools.gnu-tools-for-stm32.10.3-2021.10.win32_1.0.200.202301161003/tools/bin/../lib/gcc/arm-none-eabi/10.3.1/../../../../arm-none-eabi/lib/thumb/v7e-m+fp/hard\libc_nano.a(lib_a-nano-svfscanf.o)
                0x0000000008009ce6                __ssrefill_r
 .text.__ssvfscanf_r
                0x0000000008009d20      0x2f0 c:/st/stm32cubeide_1.12.0/stm32cubeide/plugins/com.st.stm32cube.ide.mcu.externaltools.gnu-tools-for-stm32.10.3-2021.10.win32_1.0.200.202301161003/tools/bin/../lib/gcc/arm-none-eabi/10.3.1/../../../../arm-none-eabi/lib/thumb/v7e-m+fp/hard\libc_nano.a(lib_a-nano-svfscanf.o)
                0x0000000008009d20                __ssvfiscanf_r
                0x0000000008009d20                __ssvfscanf_r
 .text.__sfputc_r
                0x000000000800a010       0x2e c:/st/stm32cubeide_1.12.0/stm32cubeide/plugins/com.st.stm32cube.ide.mcu.externaltools.gnu-tools-for-stm32.10.3-2021.10.win32_1.0.200.202301161003/tools/bin/../lib/gcc/arm-none-eabi/10.3.1/../../../../arm-none-eabi/lib/thumb/v7e-m+fp/hard\libc_nano.a(lib_a-nano-vfprintf.o)
 .text.__sfputs_r